upcaseTrimOriginal,cleanMedRough1,psychotropics1,psychoNotes1
ABIRADERONE,ABIRATERONE,NO,
ACETAMINOPHEN,ACETAMINOPHEN,NO,
ACETOMETAPHINE,ACETAMINOPHEN,NO,
TYLENOL,ACETAMINOPHEN,NO,
X-TYLENOL,ACETAMINOPHEN,NO,
TYLENOL ARTHRITIS,ACETAMINOPHEN,NO,
ACETAMINOPHEN RAPID RELEASE,ACETAMINOPHEN RR,NO,
TYLENOL 3,ACETAMINOPHEN/CODEINE,YES,
ACETAMINOPHEN CODEINE,ACETAMINOPHEN/CODEINE,YES,
TYLENOL WITH CODEINE,ACETAMINOPHEN/CODEINE,YES,
TYLENOL PM,ACETAMINOPHEN/DIPHENHYDRAMINE HYDROCHLORIDE,NO,
ACETAMINOPHEN-DIPHENHYDRAMINE,ACETAMINOPHEN/DIPHENHYDRAMINE HYDROCHLORIDE,NO,
ACNE CREAM,ACNE MEDICINE,NO,
ACNE MEDICASTION,ACNE MEDICINE,NO,
ACNE MEDICATION CREAM FORM,ACNE MEDICINE,NO,
ACNE MEDICINE,ACNE MEDICINE,NO,
ACTUATION INHALER,ACTUATION INHALER,NO,
ACYCLOVIR,ACYCLOVIR,NO,
ACYCLOVIR PILLS,ACYCLOVIR,NO,
ZOVIRAX,ACYCLOVIR,NO,
ACYCLOVIR OINTMENT,ACYCLOVIR SALVE,NO,
ACYCLOVIR SALVE,ACYCLOVIR SALVE,NO,
ACYCLOVIR SALVE COLD SORES,ACYCLOVIR SALVE,NO,
HUMIRA,ADALIMUMAB,NO,
ADAPALENE CREAM,ADAPALENE,NO,
ADAPOLENE,ADAPALENE,NO,
ADAPOLENE TOPICAL,ADAPALENE,NO,
DIFFERIN,ADAPALENE,NO,
"DIFFERN, CLINDAMYCIN",ADAPALENE/CLINDAMYCIN,NO,
ADDERALL,ADDERALL,YES,
ADDERALL 24 HOUR,ADDERALL,YES,
ADDEROL,ADDERALL,YES,
ADERALL,ADDERALL,YES,
ADERRALL,ADDERALL,YES,
ADDERALL XR,ADDERALL XR,YES,
ADDERAL XR,ADDERALL XR,YES,
AFIBERCEPT,AFLIBERCEPT,NO,
AFLIBERCEPT,AFLIBERCEPT,NO,
ABBUTERAL,ALBUTEROL,NO,
ABUTEROL,ALBUTEROL,NO,
ABUTEROL (INHALER),ALBUTEROL,NO,
ALBETEROL,ALBUTEROL,NO,
ALBURITOL,ALBUTEROL,NO,
ALBUTERAL,ALBUTEROL,NO,
ALBUTEROL,ALBUTEROL,NO,
ALBUTEROL 0.083%,ALBUTEROL,NO,
ALBUTEROL INHALER,ALBUTEROL,NO,
ALBUTEROL INHALER FOR ASTHMA,ALBUTEROL,NO,
ALBUTEROL INHALOR,ALBUTEROL,NO,
ALBUTEROL SOLUTION,ALBUTEROL,NO,
ALBUTEROL SULFATE,ALBUTEROL,NO,
ALBUTEROL SULFATE INHALER,ALBUTEROL,NO,
ALBUTIROL,ALBUTEROL,NO,
ASTHMA INHALER (PROAIR),ALBUTEROL,NO,
ASTHMA INHALER ALBUTROL,ALBUTEROL,NO,
ASTHMA MEDICATION,ALBUTEROL,NO,
BUTTEROL,ALBUTEROL,NO,
PRO AIR,ALBUTEROL,NO,
PRO AIR INHALER,ALBUTEROL,NO,
PRO-AIR,ALBUTEROL,NO,
PROAIR,ALBUTEROL,NO,
PROAIR (ALBUTEROL INHALER),ALBUTEROL,NO,
PROAIR HFA,ALBUTEROL,NO,
PROAIR RESPICLICK,ALBUTEROL,NO,
VENTOLIN,ALBUTEROL,NO,
VENTOLIN INHALER,ALBUTEROL,NO,
ALBUTERAL HFA,ALBUTEROL HFA,NO,
ALBUTEROL (ALBUTEROL (EQV-PROAIR HFA),ALBUTEROL HFA,NO,
ALBUTEROL HF,ALBUTEROL HFA,NO,
ALBUTEROL HFA,ALBUTEROL HFA,NO,
ALBUTEROL HFA 108,ALBUTEROL HFA,NO,
VENTOLIN HFA,ALBUTEROL HFA,NO,
ATONDRONTE SOD TAB,ALENDRONATE,NO,
ALENDRINATE (PHOSIMAX),ALENDRONATE,NO,
ALENDRONAT-E SODIUM,ALENDRONATE,NO,
ALENDRONATE,ALENDRONATE,NO,
ALENDRONATE (FOSAMAX),ALENDRONATE,NO,
ALENDRONATE SODIUM,ALENDRONATE,NO,
FOSAMAX,ALENDRONATE,NO,
FOSOMAX,ALENDRONATE,NO,
FOSSAMAX,ALENDRONATE,NO,
FOXOMAX,ALENDRONATE,NO,
FOZAMAX/ALENDRONATE,ALENDRONATE,NO,
ALESSE,ALESSE,NO,
ALFUSIN,ALFUZOSIN,NO,
ALLERGY,ALLERGY,NO,
ALLERGY INJECTIONS,ALLERGY SHOT,NO,
ALLERGY SHOT,ALLERGY SHOT,NO,
ALLERGY SHOTS,ALLERGY SHOT,NO,
"ALLERGY SHOTS FOR TREE, GRASS, AND WEED POLLEN",ALLERGY SHOT,NO,
SEASONAL ALLERGY SHOT,ALLERGY SHOT,NO,
ALIPURINOL,ALLOPURINOL,NO,
ALLOPURINOL,ALLOPURINOL,NO,
ALLOPURINOL (ZYLOPRIM),ALLOPURINOL,NO,
ALOPURINAL,ALLOPURINOL,NO,
ALPERINOL,ALLOPURINOL,NO,
PURINOL,ALLOPURINOL,NO,
ALPRAXOLAM,ALPRAZOLAM,YES,
ALPRAZOLAM,ALPRAZOLAM,YES,
ALPRAZOLAM (XANAX),ALPRAZOLAM,YES,
XANAX,ALPRAZOLAM,YES,
ALYACEN NORETHINDRONE,ALYACEN NORETHINDRONE,NO,
ALYNDRONATE,ALYNDRONATE,NO,
AMILARIDE HCL MODURETIC,AMILORIDE HCL,NO,
AMILORIDE HCL,AMILORIDE HCL,NO,
AMIODARONE,AMIODARONE,NO,
AMIODARONE HYDROCHLORIDE,AMIODARONE,NO,
AMIODERONE,AMIODARONE,NO,
AMITRIPTHYLINE,AMITRIPTYLINE,YES,
AMITRIPTOLINE,AMITRIPTYLINE,YES,
AMITRIPTYLINE,AMITRIPTYLINE,YES,
AMITRIPTYLINE HCL,AMITRIPTYLINE,YES,
AMITRIPTYLINE HCL ELAVIL,AMITRIPTYLINE,YES,
ELAVIL,AMITRIPTYLINE,YES,
ALMODOPHINE,AMLODIPINE,NO,
ALODAPINE,AMLODIPINE,NO,
AMALODAPINE,AMLODIPINE,NO,
AMALODOPIN,AMLODIPINE,NO,
AMELODOPINE,AMLODIPINE,NO,
AMIODIPENE,AMLODIPINE,NO,
AMLOCLIPINE,AMLODIPINE,NO,
AMLODAPIN,AMLODIPINE,NO,
AMLODAPINE,AMLODIPINE,NO,
AMLODEPIN,AMLODIPINE,NO,
AMLODEPINE,AMLODIPINE,NO,
AMLODIIPINE,AMLODIPINE,NO,
AMLODIPIN,AMLODIPINE,NO,
AMLODIPINE,AMLODIPINE,NO,
AMLODIPINE (NORVASC),AMLODIPINE,NO,
AMLODIPINE AKA NORVASC,AMLODIPINE,NO,
AMLODIPINE BESTYLATE,AMLODIPINE,NO,
AMLODIPINE TAB,AMLODIPINE,NO,
AMLODOPINE,AMLODIPINE,NO,
AMLOPEPEN,AMLODIPINE,NO,
AMLOPINE,AMLODIPINE,NO,
AMLOTAPINE,AMLODIPINE,NO,
AMLYODOPIN,AMLODIPINE,NO,
AMOLDAPINE,AMLODIPINE,NO,
AMOLDIPINE,AMLODIPINE,NO,
AMOLODIPINE,AMLODIPINE,NO,
AMOLODPINE,AMLODIPINE,NO,
AMPLODIPINE,AMLODIPINE,NO,
NORVASC,AMLODIPINE,NO,
NORVAX,AMLODIPINE,NO,
AMCODIPINE BESYCATE,AMLODIPINE BESYCATE,NO,
AMLOCLIPINE BESYLATE,AMLODIPINE BESYLATE,NO,
AMLODIPIN BESYLATE,AMLODIPINE BESYLATE,NO,
AMLODIPINE BESYLATE,AMLODIPINE BESYLATE,NO,
AMLODIPINE BESYLATE (NORVASC),AMLODIPINE BESYLATE,NO,
AMLODIPINE BESYLATE (TABLET) NORVASC,AMLODIPINE BESYLATE,NO,
AMLODIPINE BESYLATE TABS,AMLODIPINE BESYLATE,NO,
AMLODOPINE BESYLATE,AMLODIPINE BESYLATE,NO,
AMLOPIDINE BESYLATE,AMLODIPINE BESYLATE,NO,
AMOLIDIPINE BERYLATE,AMLODIPINE BESYLATE,NO,
AMPLODIPINE BESYLATE,AMLODIPINE BESYLATE,NO,
AMPLODIPINE BESYLATE (GENERIC FOR NORVASC),AMLODIPINE BESYLATE,NO,
IC AMLOPODINE BESYLATE,AMLODIPINE BESYLATE,NO,
AMLODIPINE-BENAZ,AMLODIPINE-BENAZ,NO,
AMLODIPINE/OLMESARTAN,AMLODIPINE/OLMESARTAN,NO,
AMLODIPINE/VALSARTAN/HC,AMLODIPINE/VALSARTAN/HC,NO,
AMOURTHYROID,AMOURTHYROID,NO,
AMOXICILLIN,AMOXICILLIN,NO,
AMOXICILLIN-CLAVULANATE,AMOXICILLIN/CLAVULANATE,NO,
AMPHETAMINE COMBO SALTS,AMPHETAMINE COMBO SALTS,YES,
AMPHETAMINE SALTS ORAL TABLETS,AMPHETAMINE COMBO SALTS,YES,
ARIMIDEX,ANASTRAZOLE,NO,
ANASTROZOLE,ANASTROZOLE,NO,
ANORO ELLIPTA,ANORO ELLIPTA,NO,
ANTI-INFLAMATORY CREAM,ANTI-INFLAMATORY CREAM,NO,
ANTIBIOTIC,ANTIBIOTIC,NO,
ANTIBIOTICS,ANTIBIOTIC,NO,
ANTIFUNGAL TOPICAL LIQUID FOR ATHLETES FOOT,ANTIFUNGAL CREAM,NO,
ANTI-HISTAMINE,ANTIHISTAMINE,NO,
ANTIHISTAMINE,ANTIHISTAMINE,NO,
ANTIHYPERTENSIVE,ANTIHYPERTENSIVE,NO,
A ANTISCARRING ACNE SALVE,ANTISCARRING ACNE SALVE,NO,
APIXABAN,APIXABAN,NO,
ELAQUIS,APIXABAN,NO,
ELIGUIS,APIXABAN,NO,
ELIQUIS,APIXABAN,NO,
ELIQUIS (APIXABAN),APIXABAN,NO,
ELOQUIS,APIXABAN,NO,
ELOQUIST,APIXABAN,NO,
APRI,APRI,NO,
AQUAPHOR HEALING OINTMENT,AQUAPHOR,NO,
AREDS,AREDS,NO,
ABILIFY,ARIPIPRAZOLE,YES,
ARIPIPRAZOLE,ARIPIPRAZOLE,YES,
ARTIFICIAL TEARS,ARTIFICIAL TEARS,NO,
ASHWOGONDA,ASHWOGONDA,NO,
ASMANEX TWISTHALER,ASMANEX TWISTHALER,NO,
ASPARACEDONE,ASPARACEDONE,,
ASPERCREME,ASPERCREME,NO,
APIRIN,ASPIRIN,NO,
APRIRIN,ASPIRIN,NO,
ASPARIN,ASPIRIN,NO,
ASPERIN,ASPIRIN,NO,
ASPIRIN,ASPIRIN,NO,
ASPIRINE,ASPIRIN,NO,
ASPIRING,ASPIRIN,NO,
ASPIRN,ASPIRIN,NO,
ASPRIN,ASPIRIN,NO,
ASPRIRIN,ASPIRIN,NO,
BAYER ASPIRIN,ASPIRIN,NO,
CODED ASPIRIN,ASPIRIN,NO,
POWDERED ASPIRIN,ASPIRIN,NO,
SOLPRIN,ASPIRIN,NO,
"ASPIRIN (TABLET, DELAYED RELEASE DR/EC) ECOTRIN",ASPIRIN DR,NO,
ASPIRIN EC,ASPIRIN DR,NO,
ADULT ASPIRIN LOW STRENGTH,ASPIRIN LD,NO,
ASPIRIN (LOW DOSE),ASPIRIN LD,NO,
LD ASPIRIN,ASPIRIN LD,NO,
BABY APSIRIN,ASPIRIN LD,NO,
BABY ASAPARIN,ASPIRIN LD,NO,
BABY ASPARIN,ASPIRIN LD,NO,
BABY ASPIRIN,ASPIRIN LD,NO,
BABY ASPRIN,ASPIRIN LD,NO,
LOW DOSE ASPIRIN,ASPIRIN LD,NO,
BAYER ASPIRIN (BACK AND BODY) (CONTAINS SOME CAFFEINE),ASPIRIN/CAFFEINE,NO,
TEMENOL,ATENOLOL,NO,
ALTENOL,ATENOLOL,NO,
ATENELOL,ATENOLOL,NO,
ATENOL,ATENOLOL,NO,
ATENOLO,ATENOLOL,NO,
ATENOLOL,ATENOLOL,NO,
ATENOLOL (TENORMIN),ATENOLOL,NO,
ATENONOL,ATENOLOL,NO,
TENORMIN,ATENOLOL,NO,
ATENLOL-CHLORTHAL,ATENOLOL CHLORTHALIDONE,NO,
ATENOLOL CHLORHALIDONE,ATENOLOL CHLORTHALIDONE,NO,
ATENOLOL CHLORTHALIDONE,ATENOLOL CHLORTHALIDONE,NO,
ATENOLOL-CHLOROTHIADONE,ATENOLOL CHLORTHALIDONE,NO,
ATENOLOL-CHLORTHALIDONE,ATENOLOL CHLORTHALIDONE,NO,
ATENOLOL/CHLORTHALIDONE,ATENOLOL CHLORTHALIDONE,NO,
ADAVASTATIN,ATORVASTATIN,NO,
ARVOSTATIN,ATORVASTATIN,NO,
ASTROVASTATIN,ATORVASTATIN,NO,
ATIVASTATIN,ATORVASTATIN,NO,
ATORASTATIN,ATORVASTATIN,NO,
ATORAVASTATIN,ATORVASTATIN,NO,
ATORAVASTIN,ATORVASTATIN,NO,
ATORAVSTIN,ATORVASTATIN,NO,
ATORBASTATIN,ATORVASTATIN,NO,
ATORUASTALIN CALCIUM,ATORVASTATIN,NO,
ATORVASTAIN,ATORVASTATIN,NO,
ATORVASTALIN TABS,ATORVASTATIN,NO,
ATORVASTATIN,ATORVASTATIN,NO,
ATORVASTATIN CALCIUM,ATORVASTATIN,NO,
ATORVASTATIN CALCIUM (TABLET) LIPITOR,ATORVASTATIN,NO,
ATORVASTATIN CALCIUM TAB,ATORVASTATIN,NO,
ATORVASTATINS,ATORVASTATIN,NO,
ATORVASTIN,ATORVASTATIN,NO,
ATORVISTATIN,ATORVASTATIN,NO,
ATROVASTAIN,ATORVASTATIN,NO,
ATROVASTATIN,ATORVASTATIN,NO,
ATROVASTATIN (CHLOESTEROL),ATORVASTATIN,NO,
ATRVASTATIN,ATORVASTATIN,NO,
AVORSTATIN,ATORVASTATIN,NO,
ETORVASTATIN,ATORVASTATIN,NO,
LEPITOR,ATORVASTATIN,NO,
LIPITOR,ATORVASTATIN,NO,
LIPITOR (ATORVASTATIN),ATORVASTATIN,NO,
LIPITOR (GENERIC ATORVASTATIN),ATORVASTATIN,NO,
TORVASTATIN,ATORVASTATIN,NO,
OTONOSTATIN,ATORVOSTATIN,NO,
ATROPINE SULFATE,ATROPINE SULFATE,NO,
AUASTATIN,AUASTATIN,NO,
AVALIDE,AVALIDE,NO,
AVENOVA,AVENOVA,NO,
AVIANE,AVIANE,NO,
AZATHIOPRINE,AZATHIOPRINE,NO,
ASTEPRO 0.15%,AZELASTINE,NO,
AZELASTIN,AZELASTINE,NO,
AZELASTINE,AZELASTINE,NO,
AZELASTINE (ASTELIN),AZELASTINE,NO,
AZELASTINE 0.1% NASAL SPRAY,AZELASTINE,NO,
AZELASTINE HCL,AZELASTINE,NO,
AZELASTINE HCL NASAL SPRAY,AZELASTINE,NO,
AZETALINE,AZELASTINE,NO,
NASAL SPRAY AZELASTINE,AZELASTINE,NO,
AZITHROMYCIN,AZITHROMYCIN,NO,
ZIPROMYACIN',AZITHROMYCIN,NO,
AZO,AZO,NO,
VITAMIN B SHOT,B ,NO,
B-12,B12,NO,
B12,B12,NO,
UTB12,B12,NO,
VITAMIN B12,B12,NO,
UTB6,B6,NO,
B6B12,B6/B12,NO,
BACLOFEN,BACLOFEN,YES,
BECLOMETASONE,BECLOMETHASONE,NO,
BECLOMETHASONE,BECLOMETHASONE,NO,
BENAZAPRIL,BENAZEPRIL,NO,
BENAZEPRIL,BENAZEPRIL,NO,
BENEFIBER,BENEFIBER,NO,
BENZONATATE,BENZONATATE,NO,
BENZOPOROXIDE,BENZOYL PEROXIDE,NO,
BENZOYLIC 5% ACNE SALVE,BENZOYL PEROXIDE,NO,
BETAMETHASONE DIPROPIONATE AUG (DIPROLENE) TOPICAL CREAM 0.05%,BETAMETHASONE DIPROPIONATE CREAM,NO,
BETAMETHAZONE OINTMENT FOR UNRETRACTED FORESKIN,BETAMETHASONE DIPROPIONATE CREAM,NO,
BETAXOLOL,BETAXOLOL,NO,
BETHANCHOL CHLORIDE,BETHANCHOL CHLORIDE,NO,
BIODENTICAL HORMONES,BIOIDENTICAL HORMONES,NO,
BIOTIN,BIOTIN,NO,
BIOTIN ORAL,BIOTIN,NO,
BIPHOSPHINATE (OSTEOPOROSIS),BIPHOSPHINATE,NO,
BIRTH CONTROL,BIRTH CONTROL,NO,
BIRTH CONTROL : ORSYTHIA,BIRTH CONTROL,NO,
BIRTH CONTROL (DOESN'T KNOW NAME),BIRTH CONTROL,NO,
BIRTH CONTROL PILL,BIRTH CONTROL,NO,
BIRTH CONTROL PILLS,BIRTH CONTROL,NO,
BISOPROLOL,BISOPROLOL,NO,
VISOPROLOL,BISOPROLOL,NO,
BIOPROLOL FUMARATE,BISOPROLOL FUMARATE,NO,
BLACK ELDERBERRY,BLACK ELDERBERRY,NO,
BLOOD PRESSURE,BLOOD PRESSURE,NO,
BLOOD SUGAR DIAGNOSTIC (STRIP) ONETOUCH ULTRA BLUE TEST STRIP,BLOOD-GLUCOSE METER,NO,
BLOOD- GLUCOSE METER,BLOOD-GLUCOSE METER,NO,
DME BI LEVEL PAP,BPAP,NO,
BRIMODONINE,BRIMONIDINE,NO,
BRIMONICLINE,BRIMONIDINE,NO,
BRIMONIDINE,BRIMONIDINE,NO,
BRIMONIDINE TARTRATE,BRIMONIDINE TARTRATE,NO,
BUDESONIDE,BUDESONIDE,NO,
BUDESONIDE INHALATION SUSPENSION,BUDESONIDE,NO,
BREYNA,BUDESONIDE/FORMOTEROL,NO,
SYMBACORT,BUDESONIDE/FORMOTEROL,NO,
SYMBICORT,BUDESONIDE/FORMOTEROL,NO,
SYMBICORT 80,BUDESONIDE/FORMOTEROL,NO,
SYMBIOCORT,BUDESONIDE/FORMOTEROL,NO,
SYMBOKORT,BUDESONIDE/FORMOTEROL,NO,
BUMETANIDE,BUMETANIDE,NO,
BELBUCA,BUPRENORPHINE,YES,
BUPRENORPHINE,BUPRENORPHINE,YES,
BRUPROPRIAN,BUPROPION,YES,
BUPRIONONE,BUPROPION,YES,
BUPROPIN,BUPROPION,YES,
BUPROPION,BUPROPION,YES,
BUPROPRION,BUPROPION,YES,
BUPROPRIUM,BUPROPION,YES,
WELBUTRIN,BUPROPION,YES,
WELLBUTRIN,BUPROPION,YES,
WELLBUTRION,BUPROPION,YES,
BUPROPION HCL,BUPROPION HCL,YES,
BUPROPIONHCL,BUPROPION HCL,YES,
BUPROPRION HCL,BUPROPION HCL,YES,
BUPROPION HCL XL,BUPROPION HCL XL,YES,
BUPROPION SR,BUPROPION SR,YES,
BUPROPION XL,BUPROPION XL,YES,
BUPROPION XL (WELLBUTRIN),BUPROPION XL,YES,
WELLBUTINXL,BUPROPION XL,YES,
BUPROPION XR,BUPROPION XR,YES,
WELLBUTRIN XR,BUPROPION XR,YES,
VALBUTRON FOR DEPRESSION IPRO,BUPROPRION,YES,
BUSPAR,BUSPIRONE,YES,
BUSPIRONE,BUSPIRONE,YES,
UTC,C,NO,
VITAMIN C,C,NO,
VITRON C,C,NO,
CABERGOLINE,CABERGOLINE,YES,
CADUET,CADUET,NO,
CALCIPOTRIENE,CALCIPOTRIENE,NO,
CALCITRIOL,CALCITRIOL,NO,
CALCITRIOLE,CALCITRIOL,NO,
CALCIUM,CALCIUM,NO,
CALCIUM CARBONATE,CALCIUM CARBONATE,NO,
CALCIUM 500 + D HIGH POTENCY PO,CALCIUM CARBONATE/D3,NO,
CALCIUM CARBONATE-VITAMIN D3,CALCIUM CARBONATE/D3,NO,
CALCIUM CARBONATE/VITAMIN D3,CALCIUM CARBONATE/D3,NO,
CALCIUM-D,CALCIUM CARBONATE/D3,NO,
CALCIUM/D3,CALCIUM CARBONATE/D3,NO,
CALTRATE,CALCIUM CARBONATE/D3,NO,
CALCIUM CITRATE MAGNESIUM WITH VITAMIN D3,CALCIUM CITRATE MAGNESIUM/D3,NO,
CANDIDA ANTIGEN,CANDIDA ANTIGEN,NO,
CARBIDOPA LEBIDOPA,CARBIDOPA LEVODOPA,NO,
CARBIDOPA-LEVODOPA,CARBIDOPA LEVODOPA,NO,
CARVEDILOC,CARVEDILOL,NO,
CARVEDILOL,CARVEDILOL,NO,
CARVEDILOL (TABLET) COREG,CARVEDILOL,NO,
COREG,CARVEDILOL,NO,
TARBEDILOL,CARVEDILOL,NO,
CARVEDILOL PHOSPHATE,CARVEDILOL PHOSPHATE,NO,
CBD LOTION,CBD LOTION,NO,
CBD LOTION ESCAPE ARTISTS RELIEF CREAM,CBD LOTION,NO,
CBD OIL,CBD OIL,NO,
CEFADROXIL,CEFADROXIL,NO,
CEFRADRAFOXIL,CEFADROXIL,NO,
CEFUROLIME ALETIL,CEFUROXIME AXETIL,NO,
CEFUROXIME AXETIL,CEFUROXIME AXETIL,NO,
CELEBREX,CELEBREX,NO,
CELEBREX (CELECOXIB),CELEBREX,NO,
CELECOXIB,CELEBREX,NO,
CELECOXIB ARTHRITIS,CELEBREX,NO,
CENTRUM SILVER,CENTRUM SILVER,NO,
CEPHALEXIN,CEPHALEXIN,NO,
SATARIZIN,CERTIRIZINE,NO,
ALERTEK,CETIRIZINE,NO,
ALERTEX,CETIRIZINE,NO,
ALLER-FEX,CETIRIZINE,NO,
ALLER-TEC,CETIRIZINE,NO,
ALLERCLEAR,CETIRIZINE,NO,
ALLERCLEAR (OTC ALLERGY MEDICATION),CETIRIZINE,NO,
ALLERTEC,CETIRIZINE,NO,
ALLERTEC (ZYRTEC),CETIRIZINE,NO,
ALLORTEC,CETIRIZINE,NO,
ALOTEC,CETIRIZINE,NO,
CERTIRIZINE,CETIRIZINE,NO,
CERTIZINE,CETIRIZINE,NO,
CETERIZINE,CETIRIZINE,NO,
CETIRIZINE,CETIRIZINE,NO,
CETRAZINE,CETIRIZINE,NO,
CETRIZINE,CETIRIZINE,NO,
CITIRIZINE,CETIRIZINE,NO,
CITORIZINE,CETIRIZINE,NO,
XYRTEC,CETIRIZINE,NO,
ZERTEC,CETIRIZINE,NO,
ZRYTEC,CETIRIZINE,NO,
ZYRTEC,CETIRIZINE,NO,
ZYRTEC (CETIRIZINE),CETIRIZINE,NO,
ZYRTEK,CETIRIZINE,NO,
ZYRTEX,CETIRIZINE,NO,
ZYTERX,CETIRIZINE,NO,
CERTIRIZINE HCL,CETIRIZINE,NO,
CETIRIZINE HCL,CETIRIZINE,NO,
CETIRIZINE HCL (TABLET) ZYRTEC,CETIRIZINE,NO,
CETIRIZINE HYDROCHLORIDE,CETIRIZINE,NO,
ZYRTEC D,CETIRIZINE/PSEUDOEPHEDRINE,NO,
ZYRTEC-D,CETIRIZINE/PSEUDOEPHEDRINE,NO,
CHATEAL,CHATEAL,NO,
CHELATED IRON,CHELATED IRON,NO,
CHLORTABS,CHLORTABS,NO,
CHLORATHELIDINE,CHLORTHALIDONE,NO,
CHLORFALIDONE,CHLORTHALIDONE,NO,
CHLORTHALIDONE,CHLORTHALIDONE,NO,
CHLORTHALIDRONE,CHLORTHALIDONE,NO,
CHOLCALCIFEROL,CHOLECALCIFEROL,NO,
CHOLECALCIFEROL,CHOLECALCIFEROL,NO,
CHOLECALIFROL,CHOLECALCIFEROL,NO,
CHOLESTOFF PLUS,CHOLESTOFF PLUS,NO,
CHOLESTYRAMINE,CHOLESTYRAMINE,NO,
CHONDROITIN,CHONDROITIN,NO,
CHROMIUM PICOLINATE,CHROMIUM PICOLINATE,NO,
CICLOPIRAX,CICLOPIRAX,NO,
CICLOPIROX OLAMINE CREAM,CICLOPIRAX,NO,
CILOSTAZOL,CILOSTAZOL,NO,
CIMERLI,CIMERLI,NO,
CINACALCET,CINACALCET,NO,
CINACALCET (SENSIPAR),CINACALCET,NO,
CIPROFLOXACIN,CIPROFLOXACIN,NO,
CIPROL FOR UTI,CIPROFLOXACIN,NO,
CELEXA,CITALOPRAM,YES,
CITALAPRAM,CITALOPRAM,YES,
CITALAPRIN,CITALOPRAM,YES,
CITALIPRAM,CITALOPRAM,YES,
CITALOPRAM,CITALOPRAM,YES,
CITALOPRAM (CELEXA),CITALOPRAM,YES,
CITALOPRAN,CITALOPRAM,YES,
CITAPRAM,CITALOPRAM,YES,
LEXAPRO,CITALOPRAM,YES,
LEXAPROIL,CITALOPRAM,YES,
LEXPRO,CITALOPRAM,YES,
SELEXA,CITALOPRAM,YES,
SILEXIA,CITALOPRAM,YES,
CITALOPRAM HBR,CITALOPRAM HBR,YES,
CITALOPRAM HYDOBROMIDE,CITALOPRAM HBR,YES,
CITALOPRAM HYDROBROMIDE,CITALOPRAM HBR,YES,
CITRACIL,CITRUCEL,NO,
CITRUCEL,CITRUCEL,NO,
CITRACAL D,CITRUCEL/D3,NO,
CLABETASOL,CLABETASOL,NO,
CLENDAMYACIN,CLINDAMYCIN,NO,
CLINDAMYACIN,CLINDAMYCIN,NO,
CLINDAMYCIN,CLINDAMYCIN,NO,
CLINDOMYICIN,CLINDAMYCIN,NO,
CLINDAMYCIN PHOSPHATE (GEL) CLEOCIN-T,CLINDAMYCIN PHOSPHATE (GEL) CLEOCIN-T,NO,
CLEBETASOL PRIOPIONATE CREAM,CLOBETASOL,NO,
CLOBETASOL,CLOBETASOL,NO,
CLOBETASOL PROPIONATE,CLOBETASOL,NO,
CLOBETASOL PROPIONATE CREAM USP 0.05%,CLOBETASOL,NO,
CLOBETASOL PROPIONATE OINTMENT USP,CLOBETASOL,NO,
CLOBETASON PROPION CR,CLOBETASOL,NO,
CLONAZAPAM,CLONAZEPAM,YES,
CLONAZAPAN,CLONAZEPAM,YES,
CLONAZEPAM,CLONAZEPAM,YES,
CLOSAPAM,CLONAZEPAM,YES,
KLONAPIN,CLONAZEPAM,YES,
KLONIPIN,CLONAZEPAM,YES,
KLONOPIN,CLONAZEPAM,YES,
CLONIDINE,CLONIDINE,NO,
THOPIDIGRIL,CLOPIDIGREL,NO,
CLOPIDIGRAL,CLOPIDOGREL,NO,
CLOPIDOGREL,CLOPIDOGREL,NO,
CLOPIDOGREL BISULFATE,CLOPIDOGREL,NO,
CLOPIDOQREL,CLOPIDOGREL,NO,
PLAVIX,CLOPIDOGREL,NO,
CLOTRIMAZOLE-BETAMETHASONE,CLOTRIMAZOLE-BETAMETHASONE,NO,
CLOTRIMIZOLE,CLOTRIMIZOLE,NO,
COLAC,COLACE,NO,
COLACE,COLACE,NO,
COLASE,COLACE,NO,
COLCHICINE,COLCHICINE,NO,
COLESTRIPOL,COLESTRIPOL,NO,
COMBIGAN,COMBIGAN,NO,
COMBIVENT INHALER,COMBIGAN,NO,
CONCERTA,CONCERTA,YES,methylphenidate
CONCERTA ER,CONCERTA XR,YES,methylphenidate
CONDROITIN SULFATE,CONDROITIN SULFATE,NO,
CONSTULOSE,CONSTULOSE,NO,
ANTICONCEPCIONAL,CONTRACEPTIVE,NO,
CONTRACEPTIVE FOR ACNE.,CONTRACEPTIVE,NO,
PATCH FOR BIRTH CONTROL,CONTRACEPTIVE PATCH FOR BIRTH CONTROL,NO,
CONTRAVE,CONTRAVE,YES,naltrexone and bupropion
CORTISONE CREAM,CORTISONE CREAM,NO,
CPAP,CPAP,NO,
CRION,CRION,NO,
CULTURELLE PROBOTIC,CULTURELLE PROBOTIC,NO,
CUROLOGY,CUROLOGY,NO,
CUTIMOL (FOR FINGER NAILS),CUTIMOL,NO,
CYANOCOBALAMIN,CYANOCOBALAMIN,NO,
CYCLOBENZAPRINE,CYCLOBENZAPRINE,YES,not classified but act on central nervous system
CYCLOBENZAPRINE HCL,CYCLOBENZAPRINE HCL,YES,not classified but act on central nervous system
FLEXORIL,CYCLOBENZAPRINE HCL,YES,not classified but act on central nervous system
FLEXROL,CYCLOBENZAPRINE HCL,YES,not classified but act on central nervous system
CYTOMEL,CYTOMEL,NO,
VITAMIN D,D,NO,
VITIMAN D,D,NO,
VITAMIN D2,D2,NO,
D3,D3,NO,
UD3,D3,NO,
VITAMIN D3,D3,NO,
VITAMIND3,D3,NO,
PRADAXA,DABIGATRAN,NO,
PRODAXA,DABIGATRAN,NO,
DAPAGLIFLOZIN PROPANEDIOL,DAPAGLIFLOZIN PROPANEDIOL,NO,
ACZONE,DAPSONE,NO,
DAYQUIL,DAYQUIL,NO,
DEEPSEA,DEEPSEA,NO,
DENOSUMAB,DENOSUMAB,NO,
PROLIA,DENOSUMAB,NO,
PROLIA INJECTION,DENOSUMAB,NO,
PROLIA SHOTS,DENOSUMAB,NO,
DEPO PROVERA,DEPO PROVERA,NO,
DEPO SHOT,DEPO PROVERA,NO,
DEPO-PROVERA,DEPO PROVERA,NO,
DEPROSHOT,DEPO PROVERA,NO,
DEPROVERA,DEPO PROVERA,NO,
DEPOTEST,DEPOTEST,NO,
DESIPRAMINE,DESIPRAMINE,YES,tricyclic antidepressant
DESLORATADINE,DESLORATADINE,NO,
DESLORTADINE,DESLORATADINE,NO,
DESMOPRESSIN,DESMOPRESSIN,NO,
DESOCIMETASONE,DESOCIMETASONE,NO,
DESONIDE,DESONIDE,NO,
DESONIDE (CREAM FOR ROSASIA),DESONIDE,NO,
DESONIDE LOTION,DESONIDE,NO,
DESSICATED THYROID,DESSICATED THYROID,NO,
DESVENLAFAXINE,DESVENLAFAXINE,YES,
DESVENLAFAXIN ER,DESVENLAFAXINE XR,YES,
DESVENLAFAXINE ER SUCCINATE,DESVENLAFAXINE XR,YES,
DEXTROAMPHITEMANE,DEXTROAMPHETAMINE,YES,
DEXTROENPHETAMINE,DEXTROAMPHETAMINE,YES,
DG,DG,,
DIAZEPAM,DIAZEPAM,YES,benzodiazepine
DIZAPAM,DIAZEPAM,YES,benzodiazepine
DICLOFENAC,DICLOFENAC,NO,
DICLOFENAC (VOLTAREN),DICLOFENAC,NO,
DICLOOFENAC,DICLOFENAC,NO,
DICLOFENAC DR,DICLOFENAC DR,NO,
DICLOFENAC EC TABLET,DICLOFENAC DR,NO,
DICLOFENAC POTASSIUM,DICLOFENAC POTASSIUM,NO,
DICLOFENAC SODIUM,DICLOFENAC SODIUM,NO,
DICLOFENAC GEL 1%,DICLOFENAC SODIUM 1% GEL,NO,
DICLOFENAC SODIUM 1% GEL,DICLOFENAC SODIUM 1% GEL,NO,
DICLOFENAC SODIUM DR,DICLOFENAC SODIUM DR,NO,
DICYCLOMINE,DICYCLOMINE,NO,
DIGESTIVE,DIGESTIVE,NO,
DIGESTIVE ENZYME,DIGESTIVE ENZYME,NO,
DIGOXIN,DIGOXIN,NO,
DIJOXIN,DIGOXIN,NO,
CARDIZEM,DILTIAZEM,NO,
DILITIAZEM,DILTIAZEM,NO,
DILTIAZEM,DILTIAZEM,NO,
DILTIAZM,DILTIAZEM,NO,
DITIAZEM,DILTIAZEM,NO,
DILTIAZEM CD,DILTIAZEM CD,NO,
DILITAZEM HCI,DILTIAZEM HCL,NO,
DILTIAZEM HCL,DILTIAZEM HCL,NO,
DILTIAZEM HYDROCHLORIDE EXTENDED RELEASE,DILTIAZEM HCL XR,NO,
DILTIAZEM HCL ER BEADS,DILTIAZEM HCL XR BEADS,NO,
DILTIAZEM XR,DILTIAZEM HCL XR BEADS,NO,
DILT-XR,DILTIAZEM XR,NO,
DILTIAZEM ER,DILTIAZEM XR,NO,
DILTIAZEM XR,DILTIAZEM XR,NO,
CARTIA XT,DILTIAZEM XT,NO,
DILTIAZEM+CARTIAXI,DILTIAZEM XT,NO,
DIOZIDE,DIOZIDE,NO,
BENADRYL,DIPHENHYDRAMINE,YES,
BENADYRL,DIPHENHYDRAMINE,YES,
BENEDRIL,DIPHENHYDRAMINE,YES,
BENEDRYL,DIPHENHYDRAMINE,YES,
BENEDRYLL,DIPHENHYDRAMINE,YES,
BENYDRYL,DIPHENHYDRAMINE,YES,
DIPHENHYDRAMINE,DIPHENHYDRAMINE,YES,
DYPHENHYDRAMINE,DIPHENHYDRAMINE,NO,
DIPHENHYDRAMINE CITRATE,DIPHENHYDRAMINE CITRATE,YES,
DIPHENOXYLATE,DIPHENOXYLATE,NO,
DIPHENOXYLATE-ATROPINE,DIPHENOXYLATE-ATROPINE,NO,
DOCOSANOL,DOCOSANOL,NO,
DOCUSATE,DOCUSATE,NO,
DOCUSATE SODIUM,DOCUSATE SODIUM,NO,
DOCYCYCLINE,DOCYCYCLINE,NO,
DOFETILIDE,DOFETILIDE,NO,
DONEPEZIL,DONEPEZIL,NO,
DONEPEZIL HCL,DONEPEZIL HCL,NO,
DONNATAL ELIXIR,DONNATAL ELIXIR,YES,
DOZOLAMIDE,DORZOLAMIDE,NO,
CARDURA,DOXAZOSIN,NO,
DOXAZOSIA,DOXAZOSIN,NO,
DOXAZOSIN,DOXAZOSIN,NO,
DOXAZOSIN MESLY,DOXAZOSIN MESYLATE,NO,
DOXAZOSIN MESYLATE,DOXAZOSIN MESYLATE,NO,
DOXAPIN,DOXEPIN,YES,
DOXEPIN,DOXEPIN,YES,
DOXIPAN,DOXEPIN,YES,
DOXYCYCLIN MONO,DOXYCYCLIN MONO,NO,
DOXYCYCLINE,DOXYCYCLINE,NO,
ACNE MEDICATION (DOXYCYCLIN),DOXYCYCLINE CREAM,NO,
DOXYCYCLINE HYCLATE,DOXYCYCLINE HYCLATE,NO,
MOXYCYLINE,DOXYCYLINE,,
UNISOM,DOXYLAMINE,NO,
DOXYLAMINE SUCCINATE,DOXYLAMINE SUCCINATE,NO,
DRONEDARONE,DRONEDARONE,NO,
MULTAQ,DRONEDARONE,NO,
DROSPIRENONE,DROSPIRENONE,NO,
DUKORAL,DUKORAL,NO,
DULAGLUTIDE,DULAGLUTIDE,NO,
TRULICITY,DULAGLUTIDE,NO,
TRULICITY INJECTION,DULAGLUTIDE,NO,
DULERA,DULERA,NO,
CYMBALTA,DULOXETINE,YES,
DULOXETINE,DULOXETINE,YES,
DULOXETINE DELAYED RELEASE,DULOXETINE DELAYED RELEASE,YES,
DULOXETINE DR CAPSULE,DULOXETINE DR CAPSULE,YES,
DULOXETINE HCL,DULOXETINE HCL,YES,
DUREZOL,DUREZOL,NO,
AVODART,DUTASTERIDE,NO,
DUSTATORIDE,DUTASTERIDE,NO,
DUTASTERIDE,DUTASTERIDE,NO,
DUTASTERIOR,DUTASTERIDE,NO,
DUTATERIDE,DUTASTERIDE,NO,
DYAZIDE,DYAZIDE,NO,
DYMISTA,DYMISTA,NO,
ECZEMA CREAM,ECZEMA CREAM,NO,
ECZEMA MEDICATION,ECZEMA MEDICATION,NO,
ELDERBERRY,ELDERBERRY,NO,
ELONDRINATE SODIUM,ELONDRINATE SODIUM,,
EMLODINE,EMLODINE,,
EMPAGLIFLOZIN,EMPAGLIFLOZIN,NO,
JARDIANCE,EMPAGLIFLOZIN,NO,
ANALOPRIL,ENALAPRIL,NO,
ENALAPRIL,ENALAPRIL,NO,
ENAPRIL,ENALAPRIL,NO,
ENOVARX-AMITRIPTYLINE,ENOVARX-AMITRIPTYLINE,YES,
ENSKYCE,ENSKYCE,NO,
ENTECAVIR,ENTECAVIR,NO,
ENTERIC,ENTERIC,NO,
ENTERIC COATED ASPIRIN,ENTERIC COATED ASPIRIN,NO,
ENTRESTO,ENTRESTO,NO,
EPANED,EPANED,NO,
EPIDUO,EPIDUO,NO,
EPINEPHRINE INJECTOR,EPINEPHRINE INJECTOR,NO,
EPIPEN,EPINEPHRINE INJECTOR,NO,
EPIPEN (TREE NUT ALLERGY),EPINEPHRINE INJECTOR,NO,
EQUATE,EQUATE,NO,
ERGOCALCIFEROL,ERGOCALCIFEROL,NO,
ERYTHROMYCIN,ERYTHROMYCIN,NO,
ESCILOPRAM,ESCITALOPRAM,YES,
ESCITALOPRAM,ESCITALOPRAM,YES,
ESCITALOPRAM (LEXIPRO),ESCITALOPRAM,YES,
ESCITALOPRAM OXALATE,ESCITALOPRAM,YES,
ESCITALOPRAN,ESCITALOPRAM,YES,
IC ESCITALOPRAM,ESCITALOPRAM,YES,
ESOMEPICAZOLE,ESOMEPRAZOLE,NO,
ESOMEPRAZOLE,ESOMEPRAZOLE,NO,
ESTARYLLA,ESTARYLLA,NO,
ESTRACE,ESTRACE,NO,
ESTADIOL,ESTRADIOL,NO,
ESTRADIOL,ESTRADIOL,NO,
ESTRADIOL 0.01%,ESTRADIOL,NO,
ESTRADIOL 0.01% CREA,ESTRADIOL,NO,
VAGAGIN? ESTRAIDIOL,ESTRADIOL,NO,
TOPICAL BIOIDENTICAL HORMONE CREAM (ESTRADIOL),ESTRADIOL CREAM,NO,
ESTRADIOL PATCH,ESTRADIOL TRANSDERMAL SYSTEM,NO,
ESTRADIOL TRANSDERMAL SYSTEM,ESTRADIOL TRANSDERMAL SYSTEM,NO,
ESTRADIOL VAGINAL CREAM,ESTRADIOL VAGINAL CREAM,NO,
ESTRADIOL VAGINAL RING (ESTRING),ESTRADIOL VAGINAL RING,NO,
ESTRING,ESTRADIOL VAGINAL RING,NO,
ESTRADIOL NORETHINDRONE ACETATE (ESTROGEN & PROGESTERONE COMBINATION),ESTRADIOL-NORETHINDRONE,NO,
ESTRADIOL-NORETHINDRONE,ESTRADIOL-NORETHINDRONE,NO,
ESTRIOL PROGESTERONE,ESTRIOL PROGESTERONE,NO,
ESTRIOL/EESTRADIOL/TESTOSTERONE,ESTRIOL/EESTRADIOL/TESTOSTERONE,NO,
ESTROGEN,ESTROGEN,NO,
ESTROGEN PATCH,ESTROGEN PATCH,NO,
ESTROPIPATE,ESTROPIPATE,NO,
ESZOPICLONE,ESZOPICLONE,YES,
ESZOPLICLONE,ESZOPICLONE,YES,
SPRINTEC 28,ETHINYL ESTRADIOL-NORGESTIMATE,NO,
SPRINTEC 28 (NORGESTIMATE; ETHINYL ESTRADIOL),ETHINYL ESTRADIOL-NORGESTIMATE,NO,
SPRINTEC 28 DAY TABLET,ETHINYL ESTRADIOL-NORGESTIMATE,NO,
TRI-ESTARYLLA,ETHINYL ESTRADIOL-NORGESTIMATE,NO,
TRI-LO-SPRINTEC,ETHINYL ESTRADIOL-NORGESTIMATE,NO,
TRILOSPRINTEC,ETHINYL ESTRADIOL-NORGESTIMATE,NO,
TRINESSA,ETHINYL ESTRADIOL-NORGESTIMATE,NO,
ETODOLAC,ETODOLAC,NO,
EUTHYROX,EUTHYROX,NO,
EVANDERPANE,EVANDERPANE,,
EXCEDRIN,EXCEDRIN,NO,
EXCEDRIN MIGRAINE,EXCEDRIN MIGRAINE,NO,
EXTRA STRENGTH TYLENOL,EXTRA STRENGTH TYLENOL,NO,
EYE DROP,EYEDROPS,NO,
EYE DROPS,EYEDROPS,NO,
EYE DROPS (LUBRICANT),EYEDROPS,NO,
EYE DROPS FOR DRY EYES,EYEDROPS,NO,
EYE GUARD PLUS,EYEDROPS,NO,
LUBRICANT EYE DROP,EYEDROPS,NO,
LUBRICATING EYE DROPS,EYEDROPS,NO,
ACULAR,EYEDROPS ACULAR,NO,
ALAWAY,EYEDROPS ALAWAY,NO,
ALTAIRE LUBRICANT EYE DROPS,EYEDROPS ALTAIRE,NO,
AZELASTINE (OPTIVAR),EYEDROPS AZELASTINE,NO,
LU MGAN EYE DROPS,EYEDROPS BIMATOPROST,NO,
LUMIGAN,EYEDROPS BIMATOPROST,NO,
LUMIGAN DROPS,EYEDROPS BIMATOPROST,NO,
LUMIGAN EYEDROPS,EYEDROPS BIMATOPROST,NO,
LUMINANCE OPHTHALMIC,EYEDROPS BIMATOPROST,NO,
AZOPT,EYEDROPS BRINZOLAMIDE,NO,
AZOPT EYE DROPS,EYEDROPS BRINZOLAMIDE,NO,
BRINZOLAMIDE-BRIMONIDINE OPHTHALMIC,EYEDROPS BRINZOLAMIDE-BRIMONIDINE,NO,
CARBOXYMETHYLCELLULOSE (REFRESH PLUS),EYEDROPS CARBOXYMETHYLCELLULOSE,NO,
CARBOXYMETHYLCELLULOSE SODIUM OPTHAIMIC,EYEDROPS CARBOXYMETHYLCELLULOSE,NO,
COSOPT,EYEDROPS COSOPT,NO,
CYCLOSPORINE,EYEDROPS CYCLOSPORINE,NO,
CYCLOSPORINE OPHTHALMIC EMULSION,EYEDROPS CYCLOSPORINE,NO,
DORZOLAMIDE,EYEDROPS DORZOLAMIDE,NO,
DORZOLAMIDE (TIMOLOL),EYEDROPS DORZOLAMIDE,NO,
DORZOLAMIDE 22.3/TIMOLOL 6.8 MG,EYEDROPS DORZOLAMIDE,NO,
DORZOLAMIDE HCI,EYEDROPS DORZOLAMIDE,NO,
DORZOLAMIDE HCL AND TIMOLOL MALEATE EYE DROP,EYEDROPS DORZOLAMIDE,NO,
DORZOLAMIDE HCL TIMOLOL MALEATE OPRITHALMIC SOLUTION,EYEDROPS DORZOLAMIDE,NO,
DORZOLAMIDE HYDROCHLORIDE AND TIMOLOL MALEATE OPHTHALMIC SOLUTION,EYEDROPS DORZOLAMIDE,NO,
DORZOLAMIDE-TIMOLOL,EYEDROPS DORZOLAMIDE,NO,
DORZOLAMIDE/TIMOLOL,EYEDROPS DORZOLAMIDE,NO,
DORZOLAMIND HCL,EYEDROPS DORZOLAMIDE,NO,
DORZOLAMINE,EYEDROPS DORZOLAMIDE,NO,
TRUSOPT,EYEDROPS DORZOLAMIDE,NO,
OTC EYE DROPS FOR GLAUCOMA,EYEDROPS FOR GLAUCOMA,NO,
KETOROLAC,EYEDROPS KETOROLAC,NO,
KETOROLAC 0.5%,EYEDROPS KETOROLAC,NO,
KETOROLAC EYE DROPS,EYEDROPS KETOROLAC,NO,
KETOROLAC TROMETHAMINE,EYEDROPS KETOROLAC,NO,
KETOTIFEN FUMARATE,EYEDROPS KETOTIFEN FUMARATE,NO,
KETOTIFEN FUMARATE (DROPS) ZADITOR,EYEDROPS KETOTIFEN FUMARATE,NO,
ZADITOR,EYEDROPS KETOTIFIN,NO,
LANIPROST,EYEDROPS LATANOPROST,NO,
LANTANOPROST,EYEDROPS LATANOPROST,NO,
LANTANOPROST OPHTHALMIC SOLUTION,EYEDROPS LATANOPROST,NO,
LATANA PROST EYE DROPS,EYEDROPS LATANOPROST,NO,
LATANAPROST,EYEDROPS LATANOPROST,NO,
LATANIPROL,EYEDROPS LATANOPROST,NO,
LATANIPROST,EYEDROPS LATANOPROST,NO,
LATANOPROST,EYEDROPS LATANOPROST,NO,
LATANOPROST (XALATAN),EYEDROPS LATANOPROST,NO,
LATANOPROST (XALATAN) 0.005% OPHT.,EYEDROPS LATANOPROST,NO,
LATANOPROST 0.005%,EYEDROPS LATANOPROST,NO,
LATANOPROST 0.005% EYE DROPS,EYEDROPS LATANOPROST,NO,
LATANOPROST EYE DROP,EYEDROPS LATANOPROST,NO,
LATANOPROST EYE DROPS,EYEDROPS LATANOPROST,NO,
LATANOPROST OP,EYEDROPS LATANOPROST,NO,
LATANOPROST OP SOLUTION,EYEDROPS LATANOPROST,NO,
LATANOPROST OPHTHALMIC SOLUTION,EYEDROPS LATANOPROST,NO,
LATANOPROST OPHTHALMIC SOLUTION 0.005%,EYEDROPS LATANOPROST,NO,
LATANOPROST OPTHSOIN,EYEDROPS LATANOPROST,NO,
LATANOPROST SOL,EYEDROPS LATANOPROST,NO,
LATANOPROST SOL 0.005%,EYEDROPS LATANOPROST,NO,
LATANOPROST SOLUTION 0.00%,EYEDROPS LATANOPROST,NO,
LATARIOPROST OPHTHALMIC SOLUTION,EYEDROPS LATANOPROST,NO,
LATINOPROSE,EYEDROPS LATANOPROST,NO,
LATONOPROST,EYEDROPS LATANOPROST,NO,
XALATAN 0.005% EYE DROPS,EYEDROPS LATANOPROST,NO,
VYZULTA,EYEDROPS LATANOPROSTENE BUNOD,NO,
MURO 128 5%,EYEDROPS MURO 128,NO,
MURO 128 EYEDROPS,EYEDROPS MURO 128,NO,
PEG 400 / PROP GLYCOL / OPH,EYEDROPS PEG 400 / PROP GLYCOL,NO,
PILOCARPINE,EYEDROPS PILOCARPINE,NO,
PILOCARPINE HCL,EYEDROPS PILOCARPINE HCL,NO,
PILOCARPINE HYDROCHLORIDE OPHTHALMIC,EYEDROPS PILOCARPINE HCL,NO,
PREDNISOLONE ACETATE,EYEDROPS PREDNISOLONE ACETATE,NO,
PREDNISOLONE ACETATE 1%,EYEDROPS PREDNISOLONE ACETATE,NO,
PREDNISOLONE ACETATE OPHTHALMIC DROPS,EYEDROPS PREDNISOLONE ACETATE,NO,
REFRESH EYE DROPS,EYEDROPS REFRESH,NO,
REFRESH EYEDROPS,EYEDROPS REFRESH,NO,
REFRESH TEARS,EYEDROPS REFRESH,NO,
REFRESH CELLUVISC,EYEDROPS REFRESH CELLUVISC,NO,
RESTASIS,EYEDROPS RESTASIS,NO,
RESTASIS CYCLOSPORINE,EYEDROPS RESTASIS,NO,
RESTASIS EYE DROPS,EYEDROPS RESTASIS,NO,
RESTASIS EYE EMULSION,EYEDROPS RESTASIS,NO,
SIMBRINZA,EYEDROPS SIMBRINZA,NO,
SIMBRINZA (BRINZOLAMIDE/BRIMONIDINE TARTRATE OPHTHALMIC SUSPENSION) 1.0 2%,EYEDROPS SIMBRINZA,NO,
SIMBRINZA 1.0 2%,EYEDROPS SIMBRINZA,NO,
SYSTANE,EYEDROPS SYSTANE,NO,
TIMOLO MALEATE,EYEDROPS TIMOLOL,NO,
TIMOLOD,EYEDROPS TIMOLOL,NO,
TIMOLOL,EYEDROPS TIMOLOL,NO,
TIMOLOL DROPS,EYEDROPS TIMOLOL,NO,
TIMOLOL EYE DROP,EYEDROPS TIMOLOL,NO,
TIMOLOL EYE DROPS,EYEDROPS TIMOLOL,NO,
TIMOLOL MAL 0.5%,EYEDROPS TIMOLOL,NO,
TIMOLOL MALEATE,EYEDROPS TIMOLOL,NO,
TIMOLOL MALEATE (TIMOPTIC) 0.5% OPHT.,EYEDROPS TIMOLOL,NO,
TIMOLOL MALEATE 0.5% EYE DROPS,EYEDROPS TIMOLOL,NO,
TIMOLOL MOLESTE OPHTHALMIC,EYEDROPS TIMOLOL,NO,
TIMOLOL OPHTHALMIC,EYEDROPS TIMOLOL,NO,
TIMOLOL OPHTHALMIC SOLUTION,EYEDROPS TIMOLOL,NO,
TIMOLOL OPTHALMIC,EYEDROPS TIMOLOL,NO,
TIMOLOL-DORZOLAMIDE-BIMATOPROST,EYEDROPS TIMOLOL,NO,
TRAVATAN,EYEDROPS TRAVOPROST,NO,
TRAVATAN Z,EYEDROPS TRAVOPROST,NO,
TRAVOPROST,EYEDROPS TRAVOPROST,NO,
TRAVOPROST OPTHALMIC,EYEDROPS TRAVOPROST,NO,
VISINE EYE DROPS,EYEDROPS VISINE,NO,
EZEMTIBRE,EZETIBIME,NO,
EZETIBIME,EZETIBIME,NO,
EZETIMBE,EZETIBIME,NO,
EZETIMIBE,EZETIBIME,NO,
ENZETIMIBE,EZETIMIBE,NO,
ZEFIA,EZETIMIBE,NO,
ZETIA,EZETIMIBE,NO,
ZIETA,EZETIMIBE,NO,
ZITIA,EZETIMIBE,NO,
EZETIMIBE-SIMVASTATIN,EZETIMIBE/SIMVASTATIN,NO,
FALMINA,FALMINA,NO,
FAMAOTIDINOL,FAMAOTIDINOL,NO,
FAMATIDINE,FAMOTIDINE,NO,
FAMOTADINE,FAMOTIDINE,NO,
FAMOTIDINE,FAMOTIDINE,NO,
FAMOTIDINE (PEPCID),FAMOTIDINE,NO,
FAMOTIDINE AKA PEPCID,FAMOTIDINE,NO,
FOMATIDINE,FAMOTIDINE,NO,
PEPCID,FAMOTIDINE,NO,
FARXIGA,FARXIGA,NO,
FELODIPINE,FELODIPINE,NO,
FELODOPINE,FELODIPINE,NO,
FELOPIDINE,FELODIPINE,NO,
FELOPINE,FELODIPINE,NO,
PLENDIL,FELODIPINE,NO,
FENALFIBRATE,FENOFIBRATE,NO,
FENOFIBRATE,FENOFIBRATE,NO,
TRICOR,FENOFIBRATE,NO,
FERROUS GLUCONATE,FERROUS GLUCONATE,NO,
FEROSUL 365,FERROUS SULFATE,NO,
FERROUS SULF,FERROUS SULFATE,NO,
FERROUS SULFATE,FERROUS SULFATE,NO,
ALEGRA,FEXOFENADINE,NO,
ALLEGRA,FEXOFENADINE,NO,
ALLEGRA (FEXOFENADINE HCL),FEXOFENADINE,NO,
ALLEGRA 24HR,FEXOFENADINE,NO,
ALLEGRA-D,FEXOFENADINE,NO,
ALLEGY,FEXOFENADINE,NO,
FEXOFENADINE,FEXOFENADINE,NO,
FEXOFENADINE (ALLEGRA),FEXOFENADINE,NO,
FEXOFENADINE HYDOCHLORIDE,FEXOFENADINE,NO,
FEXOFINADINE,FEXOFENADINE,NO,
CHILDREN'S ALEGRA,FEXOFENADINE LD,NO,
FENESTRASIDE,FINASTERIDE,NO,
FIASTERIDE,FINASTERIDE,NO,
FINASERIDE,FINASTERIDE,NO,
FINASTERIDE,FINASTERIDE,NO,
FINESTERIDE,FINASTERIDE,NO,
FINISTRIDE,FINASTERIDE,NO,
PHROPECIA,FINASTERIDE,NO,
PROPECIA,FINASTERIDE,NO,
FIOROCET,FIOROCET,NO,
FISH OIL,FISH OIL,NO,
FISH OIL AND VITAMIN D,FISH OIL/D,NO,
"FLAX ORLOMEGA 3, 6, 9","FLAX ORLOMEGA 3, 6, 9",NO,
FLECAINIDE,FLECAINIDE,NO,
FLECAINIDE ACET,FLECAINIDE ACET,NO,
FLOXINATE (?) CREAM,FLOXINATE CREAM,,
FLUCONAZOLE,FLUCONAZOLE,NO,
FLUCONZOLE,FLUCONAZOLE,NO,
FLUCTICASONE/UMECLIDINIUM/VILANTEROL (TRELEFY ELLIPTA 100 MCG-62.5 MCG-25 MCG/INH INHALATION POWDER),FLUCTICASONE/UMECLIDINIUM/VILANTEROL,NO,
FLUISINOID,FLUNISOLIDE,NO,
FLUNISOLIDE,FLUNISOLIDE,NO,
FLOUROURACIL,FLUOROURACIL,NO,
FLUOROURACIL CREAM,FLUOROURACIL CREAM,NO,
FLUOSOIACIL CREAM,FLUOROURACIL CREAM,NO,
FLOAXATINE,FLUOXETINE,YES,
FLUOXATINE,FLUOXETINE,YES,
FLUOXETINE,FLUOXETINE,YES,
FLUOXITINE,FLUOXETINE,YES,
PROZAC,FLUOXETINE,YES,
FLUOXETINE HCL,FLUOXETINE HCL,YES,
ALERFLO,FLUTICASONE,NO,
ARNUITY,FLUTICASONE,NO,
FLONAISE,FLUTICASONE,NO,
FLONAS,FLUTICASONE,NO,
FLONASE,FLUTICASONE,NO,
FLONASE - GENERIC,FLUTICASONE,NO,
FLONASE (GENERIC- FLUTICASNE PROPIONATE),FLUTICASONE,NO,
FLONASE NASAL SPRAY,FLUTICASONE,NO,
FLUCTISONE PROPIANATE,FLUTICASONE,NO,
FLUCTOUASE,FLUTICASONE,NO,
FLUTICASANE NASAL SPRAY,FLUTICASONE,NO,
FLUTICASON PROPIONATE,FLUTICASONE,NO,
FLUTICASON PROPIONATE NASAL SPRAY,FLUTICASONE,NO,
FLUTICASONE,FLUTICASONE,NO,
FLUTICASONE (FLONASE SPRAY),FLUTICASONE,NO,
FLUTICASONE (FLONASE),FLUTICASONE,NO,
FLUTICASONE NASAL SOLUTION,FLUTICASONE,NO,
FLUTICASONE NS,FLUTICASONE,NO,
FLUTICASONE PROP,FLUTICASONE,NO,
FLUTICASONE PROPANATE,FLUTICASONE,NO,
FLUTICASONE PROPIONATE,FLUTICASONE,NO,
FLUTICASONE PROPIONATE (FLONASE,FLUTICASONE,NO,
"FLUTICASONE PROPIONATE (SPRAY, SUSPENSION) FLONASE",FLUTICASONE,NO,
FLUTICASONE PROPIONATE NASAL SPRAY,FLUTICASONE,NO,
FLUTICASONE PROPIONATE NOSE SPRAY,FLUTICASONE,NO,
FLUTICASONE PROPIONATE SPRAY,FLUTICASONE,NO,
FLUTICAZONE,FLUTICASONE,NO,
FLUTICAZONE NASAL,FLUTICASONE,NO,
FLUTKASONE,FLUTICASONE,NO,
SLUTICASONE NASAL SPRAY,FLUTICASONE,NO,
FLONASE SENSIMIST,FLUTICASONE INHALER,NO,
FLUTICASONE PROPION-SALETEROL,FLUTICASONE PROPION-SALETEROL,NO,
FLOVAN,FLUTICASONE PROPIONATE,NO,
FLOVENT,FLUTICASONE PROPIONATE,NO,
FLOVENT ASTHMA INHALER,FLUTICASONE PROPIONATE,NO,
FLOVENT DISKUS,FLUTICASONE PROPIONATE,NO,
FLOVENT HFA,FLUTICASONE PROPIONATE,NO,
FLOVENT INHALER,FLUTICASONE PROPIONATE,NO,
FLOVENT INHALER POWDER,FLUTICASONE PROPIONATE,NO,
FLUCTICASONE PROPIONATE,FLUTICASONE PROPIONATE,NO,
FLUTICASONE PROPIONATE CREAM,FLUTICASONE PROPIONATE CREAM,NO,
ADVAIR,FLUTICASONE PROPRIONATE AND SALMETEROL,NO,
ADVAIR 250/50,FLUTICASONE PROPRIONATE AND SALMETEROL,NO,
ADVAIR INHALER,FLUTICASONE PROPRIONATE AND SALMETEROL,NO,
FLUTICASONE TROPIONATE,FLUTICASONE TROPIONATE,NO,
FLUTICASONE-SALMETEROL,FLUTICASONE-SALMETEROL,NO,
FLUTICASONE-SALMETEROL INHALER,FLUTICASONE-SALMETEROL INHALER,NO,
FLUTINASONE PROPIONATE AND SALMETEROL INHALATION POWDER,FLUTICASONE-SALMETEROL INHALER,NO,
FLUTICASONE-SALMETROL,FLUTICASONE-SALMETROL,NO,
BREO,FLUTICASONE/VILANTEROL,NO,
BREO ELLIPTA,FLUTICASONE/VILANTEROL,NO,
BREO ELLIPTA INHALER,FLUTICASONE/VILANTEROL,NO,
BREO ELLIPTICA,FLUTICASONE/VILANTEROL,NO,
BREO-ELLIPTA,FLUTICASONE/VILANTEROL,NO,
FLUVASTATIN,FLUVASTATIN,NO,
FLUVOXAMINE,FLUVOXAMINE,YES,
FOCALIN,FOCALIN,YES,
FOCUS,FOCUS,,
FOLIC ACID,FOLIC ACID,NO,
FOLOXAPINE,FOLOXAPINE,NO,
FOR BACTERIAL INFECTION,FOR BACTERIAL INFECTION,NO,
FORTEO,FORTEO,NO,
FOSINOPRIL,FOSINOPRIL,NO,
TAVALISSE,FOSTAMATINIB,NO,
FROVA,FROVA,NO,
FURINOL,FURINOL,,
FUROSAMIDE,FUROSEMIDE,NO,
FUROSEMIDE,FUROSEMIDE,NO,
FUROSEMIDE LASICS,FUROSEMIDE,NO,
FUROSEMIDE- LASICS,FUROSEMIDE,NO,
FUROSIMIDE,FUROSEMIDE,NO,
FUROSOMIDE,FUROSEMIDE,NO,
LASIK,FUROSEMIDE,NO,
LASIX,FUROSEMIDE,NO,
LISIX,FUROSEMIDE,NO,
GABAPEMTIN,GABAPENTIN,YES,
GABAPENTIN,GABAPENTIN,YES,
GEMFIBROZIL,GEMFIBROZIL,NO,
GENERIC ALLERGY PILL,GENERIC ALLERGY PILL,NO,
GENERIC CLARITIN,GENERIC CLARITIN,NO,
GENERIC ZYRTEC,GENERIC ZYRTEC,NO,
GENTEAL,GENTEAL,NO,
GLIMEPIRIDE,GLIMEPIRIDE,NO,
GLIPIZIDE,GLIPIZIDE,NO,
GLIPIZIDE (GLUCOTROL),GLIPIZIDE,NO,
GLIPZIDE,GLIPIZIDE,NO,
GLIPIZIDE XL,GLIPIZIDE XL,NO,
GLUCOSAM,GLUCOSAMINE,NO,
GLUCOSAMINE,GLUCOSAMINE,NO,
GLUCOSAMINE CADROITIT,GLUCOSAMINE/CHONDROITIN,NO,
GLUCOSAMINE CHONDROITIN,GLUCOSAMINE/CHONDROITIN,NO,
GLUCOSAMINE CHONDROTIN,GLUCOSAMINE/CHONDROITIN,NO,
GLUCOSAMINE/CHONDROITIN,GLUCOSAMINE/CHONDROITIN,NO,
GLUCOSAMINE/CHRONDROTIN,GLUCOSAMINE/CHONDROITIN,NO,
GLUCOSANINE/CHONDROITIN,GLUCOSAMINE/CHONDROITIN,NO,
GLUCOSAMINE CHONDROITIN WITH MSM,GLUCOSAMINE/CHONDROITIN/MSM,NO,
GLUCOSAMINE HCI WITH MSM,GLUCOSAMINE/CHONDROITIN/MSM,NO,
GLUCOSAMINE WITH MSN,GLUCOSAMINE/CHONDROITIN/MSM,NO,
GLUCOSAMINE/MSN/CHONDRITIN,GLUCOSAMINE/CHONDROITIN/MSM,NO,
GLUCOSAMINE&MSM,GLUCOSAMINE/CHONDROITIN/MSM,NO,
GLYCOPYROLATE,GLYCOPYROLATE,NO,
GOLO,GOLO,NO,
GUAIFENESIN,GUAIFENESIN,NO,
TUSSIN,GUAIFENESIN,NO,
GUAIFENESIN/DEXTROMETHORPHAN,GUAIFENESIN/DEXTROMETHORPHAN,NO,
MUCINEX,GUAIFENESIN/DEXTROMETHORPHAN,NO,
MUSSENEX,GUAIFENESIN/DEXTROMETHORPHAN,NO,
MUCINEX (600MG GUAIFENESIN & 30MG DEXTROMETHORPHAN HBR),GUAIFENESIN/DEXTROMETHORPHAN,NO,
MUCUS DM,GUAIFENESIN/DEXTROMETHORPHAN DM,NO,
MUNCINEX DM,GUAIFENESIN/DEXTROMETHORPHAN DM,NO,
MUSINEX DM,GUAIFENESIN/DEXTROMETHORPHAN DM,NO,
GUALFENESIN DM,GUALFENESIN DM,NO,
GUANFACINE,GUANFACINE,YES,
"HAIR, SKIN, & NAILS WITH BIOTIN","HAIR, SKIN, & NAILS WITH BIOTIN",NO,
HCTZ,HCTZ,NO,
HCTZ WATER PILL,HCTZ,NO,
HTCZ,HCTZ,,
HCTZ 25/ TRIAMTERENE,HCTZ 25/ TRIAMTERENE,NO,
HIGH BLOOD PRESSURE MED,HIGH BLOOD PRESSURE MED,NO,
HORMONE REPLACEMENT,HORMONE REPLACEMENT,NO,
HORMONE REPLACEMENT CREAM,HORMONE REPLACEMENT CREAM,NO,
HTC,HTC,,
HTZ,HTZ,,
HYALURONIC ACID,HYALURONIC ACID,NO,
HYDRALAZINE,HYDRALAZINE,NO,
HYDRAZINE100 MG,HYDRALAZINE,NO,
HYDRINE,HYDRINE,,
HYDROCHLORICIACIDE,HYDROCHLOROTHIAZIDE,NO,
HYDROCHLORIDE CYICIDE,HYDROCHLOROTHIAZIDE,NO,
HYDROCHLORITHIAZIDE,HYDROCHLOROTHIAZIDE,NO,
HYDROCHLORIZIDE,HYDROCHLOROTHIAZIDE,NO,
HYDROCHLOROT,HYDROCHLOROTHIAZIDE,NO,
HYDROCHLOROTHIA,HYDROCHLOROTHIAZIDE,NO,
HYDROCHLOROTHIADIZE,HYDROCHLOROTHIAZIDE,NO,
HYDROCHLOROTHIAZIDE,HYDROCHLOROTHIAZIDE,NO,
HYDROCHLOROTHIAZIDE TABS,HYDROCHLOROTHIAZIDE,NO,
HYDROCHLOROTHLAZIDE,HYDROCHLOROTHIAZIDE,NO,
HYDROCHLOROTHYACIDE,HYDROCHLOROTHIAZIDE,NO,
HYDROCHLOROTHYASIDE,HYDROCHLOROTHIAZIDE,NO,
HYDROCHLORTHIZIDE,HYDROCHLOROTHIAZIDE,NO,
HYDROCHLOTHAIZDE,HYDROCHLOROTHIAZIDE,NO,
HYDROCHLOTHIZDE,HYDROCHLOROTHIAZIDE,NO,
HYDROCHLROTHALZIDE,HYDROCHLOROTHIAZIDE,NO,
HYDROCHOLOROTHIAZIDE,HYDROCHLOROTHIAZIDE,NO,
HYDROCLORIDE,HYDROCHLOROTHIAZIDE,NO,
HYDROCLOROTHIAZIDE,HYDROCHLOROTHIAZIDE,NO,
HYDROCLOROTHIZIDE,HYDROCHLOROTHIAZIDE,NO,
HYDROCLORTHIZIDE,HYDROCHLOROTHIAZIDE,NO,
HYDROCORTHIOZIDE,HYDROCHLOROTHIAZIDE,NO,
HYDRODIURIL,HYDROCHLOROTHIAZIDE,NO,
HYDROXYCHLOROTHYAZINE,HYDROCHLOROTHIAZIDE,NO,
HYDROCDONE,HYDROCODONE,YES,
HYDROCODONE,HYDROCODONE,YES,
HYDROCOTIN,HYDROCODONE,YES,
NORCO (HYDROCODONE-ACETAMINOPHEN),HYDROCODONE-ACETAMINOPHEN,YES,
HYDROCODONE / ACETAMINOPHEN,HYDROCODONE/ACETAMINOPHEN,YES,
HYDROCODONE/ACETAMINOPHEN,HYDROCODONE/ACETAMINOPHEN,YES,
HYDROCORTISONE,HYDROCORTISONE,NO,
HYDROCORTISONE CREAM,HYDROCORTISONE,NO,
HYDROCORTISONE OINTMENT,HYDROCORTISONE,NO,
HYDROCORTISONE RECTAL CREAM,HYDROCORTISONE,NO,
HYDROCORTIZONE,HYDROCORTISONE,NO,
HYDROXYCHLOROQUINE,HYDROXYCHLOROQUINE,NO,
HYDROXYUREA,HYDROXYUREA,NO,
HYDROXIZINE,HYDROXYZINE,NO,
HYDROXYZINE,HYDROXYZINE,NO,
ATARAX,HYDROXYZINE HCL,NO,
HYDROXYZINE HCL,HYDROXYZINE HCL,NO,
HYDROXIZINE PAMOATE,HYDROXYZINE PAMOATE,NO,
HYOSCYAIME,HYOSCYAIME,NO,
HYPROMELLOSE,HYPROMELLOSE,NO,
HYZENTRA,HYZENTRA,NO,
BONIVA,IBANDRONATE,NO,
IBANDRONATE,IBANDRONATE,NO,
IBESARTAN,IBESARTAN,NO,
ADVIL,IBUPROFEN,NO,
IBERPROFEN,IBUPROFEN,NO,
IBPROFEN,IBUPROFEN,NO,
IBPROPHEN,IBUPROFEN,NO,
IBROPHREN,IBUPROFEN,NO,
IBUPROFEN,IBUPROFEN,NO,
IBUPROFEN HCL,IBUPROFEN,NO,
IBUPROFIN,IBUPROFEN,NO,
IBUPROFREN,IBUPROFEN,NO,
IBUPROPFEN,IBUPROFEN,NO,
IBUPROPHEN,IBUPROFEN,NO,
IBURPROFEN,IBUPROFEN,NO,
ADVIL PM,IBUPROFEN PM,NO,
IMMODIUM,IMODIUM,NO,
IMODIUM,IMODIUM,NO,
ENDOMETHICINE,INDOMETHACIN,NO,
INDOMETHACIN,INDOMETHACIN,NO,
INDOMETHICIN,INDOMETHICIN,NO,
INFLIXIMAB,INFLIXIMAB,NO,
INHALATION AEROSOL QUAR,INHALATION AEROSOL QUAR,NO,
INHALER,INHALER,NO,
INHALER - ALBUTEROL,INHALER,NO,
INHALER (ALBUTEROL/QVAR),INHALER,NO,
INHALER (ASTHMA),INHALER,NO,
INHELER,INHALER,NO,
INJECTION FOR MACULAR DEGENERATION,INJECTION FOR MACULAR DEGENERATION,NO,
INSULIN,INSULIN,NO,
INSULIN SYR/NDL U100 HALF MARK,INSULIN,NO,
NOVOLOG FLEX PEN,INSULIN ASPART,NO,
INSULIN ASPART NIACINAMINDE,INSULIN ASPART NIACINAMINDE,NO,
INSULIN GLARGINE,INSULIN GLARGINE,NO,
HUMALOG,INSULIN LISPRO,NO,
HUMALOG 200,INSULIN LISPRO,NO,
INVOKAMET RX,INVOKAMET RX,NO,
INVOKANA (CANAGLIFLOZIN),INVOKANA (CANAGLIFLOZIN),NO,
ATROVENT,IPRATROPIUM,NO,
IPRATROPIUM,IPRATROPIUM,NO,
IPRATROPIUM BROMIDE,IPRATROPIUM,NO,
IPRATROPRIUM BROMIDE,IPRATROPIUM,NO,
IRBASARTIN,IRBESARTAN,NO,
IRBESARTAN,IRBESARTAN,NO,
IRBESARTEN,IRBESARTAN,NO,
IRBESARTIN,IRBESARTAN,NO,
IRBESARTAN-HCTZ,IRBESARTAN-HCTZ,NO,
IRON,IRON,NO,
IRON PILL,IRON,NO,
IRON PILLS,IRON,NO,
IRON SUPPLEMENT,IRON,NO,
IRON TABLETS,IRON,NO,
ISIBLOOM,ISIBLOOM,NO,
ISOSORBIDE,ISOSORBIDE,NO,
ISOSORBIDE MONONITRATE,ISOSORBIDE MONONITRATE,NO,
ACCUTANE,ISOTRETINOIN,NO,
ACUTANE,ISOTRETINOIN,NO,
IUD,IUD,NO,
IUD MIRENA,IUD,NO,
MIRENA,IUD,NO,
MIRENA IUD,IUD,NO,
JANUVIA,JANUVIA,NO,
JUNE-FE,JUNEL FE,NO,
JUNEL FE,JUNEL FE,NO,
KARIVA BIRTH CONTROL,KARIVA BIRTH CONTROL,NO,
KEEP CHOLESTEROL DOWN,KEEP CHOLESTEROL DOWN,NO,
KETOCONAZOLE,KETOCONAZOLE,NO,
KETOCONAZOLE SHAMPOO,KETOCONAZOLE,NO,
KETOKONASAL,KETOCONAZOLE,NO,
KETOKONZAZOLE,KETOCONAZOLE,NO,
L-CARNITINE,L-CARNITINE,NO,
LABETALOL,LABETALOL,NO,
LABETOLOL,LABETALOL,NO,
LEBATAROL,LABETALOL,NO,
LEBATEROL,LABETALOL,NO,
VIMPAT,LACOSAMIDE,YES,
LACTAID,LACTAID,NO,
LAMICTAL,LAMOTRIGINE,YES,
LAMICTOL,LAMOTRIGINE,YES,
LAMOTRIGINE,LAMOTRIGINE,YES,
LANCTAL,LAMOTRIGINE,YES,
LANSOPAZOLE,LANSOPRAZOLE,NO,
LANSOPRAZOLE,LANSOPRAZOLE,NO,
LANTIS,LANTUS,NO,
LANTUS,LANTUS,NO,
LANTUS INSULIN,LANTUS,NO,
LANTUS SOLOSTAR,LANTUS,NO,
LANTAU SOLOSTAR,LANTUS SOLOSTAR,NO,
LARIN FE BIRTH CONTROL,LARIN FE BIRTH CONTROL,NO,
LEFLUOMIDE,LEFLUOMIDE,NO,
LENALIDOMIDE,LENALIDOMIDE,NO,
REVLIMID,LENALIDOMIDE,NO,
LETROZOLE,LETROZOLE,NO,
LEVALBUTERON,LEVALBUTERON,NO,
LEVETHIAMIN,LEVETIRACETAM,NO,
LEVETIRACETA,LEVETIRACETAM,NO,
LEVETIRACETAM,LEVETIRACETAM,NO,
LEVITRA,LEVITRA,NO,
LEVOBUNOLOL,LEVOBUNOLOL,NO,
LEVOBUNOLOL HCL,LEVOBUNOLOL,NO,
LEVOCETIRIZINE,LEVOCETIRIZINE,NO,
XYZAL,LEVOCETIRIZINE,NO,
ALIVOFLOAXICIN,LEVOFLOXACIN,NO,
KURVELO (LEVONORGESTREL AND ETHINYL ESTRADIOL TABLETS USP),LEVONORGESTREL AND ETHINYL ESTRADIOL,NO,
LEVORA (BIRTH CONTROL),LEVORA (BIRTH CONTROL),NO,
LEVORA 28,LEVORA 28,NO,
ARMOUR,LEVOTHYROXINE,NO,
ARMOUR THYROID,LEVOTHYROXINE,NO,
ARMOURTHYROID,LEVOTHYROXINE,NO,
IC LEVOTHYROXINE,LEVOTHYROXINE,NO,
L-THYROXINE,LEVOTHYROXINE,NO,
LEBOTHYROXENE,LEVOTHYROXINE,NO,
LEUOTHYROXINE,LEVOTHYROXINE,NO,
LEVOTHROID,LEVOTHYROXINE,NO,
LEVOTHRYROXINE,LEVOTHYROXINE,NO,
LEVOTHYRODINE,LEVOTHYROXINE,NO,
LEVOTHYROLINE,LEVOTHYROXINE,NO,
LEVOTHYROXIDE,LEVOTHYROXINE,NO,
LEVOTHYROXIN,LEVOTHYROXINE,NO,
LEVOTHYROXINE,LEVOTHYROXINE,NO,
"LEVOTHYROXINE (SYNTHROID,LEVOTHROID)",LEVOTHYROXINE,NO,
LEVOTHYROXINE (SYNTHROID),LEVOTHYROXINE,NO,
LEVOTHYROXINE AKA SYNTHROID,LEVOTHYROXINE,NO,
LEVOTHYROXINE SODIUM,LEVOTHYROXINE,NO,
LEVOTYROXINE,LEVOTHYROXINE,NO,
LEVOXYL,LEVOTHYROXINE,NO,
LEZOTHYROXIN,LEVOTHYROXINE,NO,
LIVOTHORAXINE,LEVOTHYROXINE,NO,
LIVOTHYROXINE,LEVOTHYROXINE,NO,
THYROXINE,LEVOTHYROXINE,NO,
THYROXNEL,LEVOTHYROXINE,NO,
LOVOXYL,LEVOXYL,NO,
LIDOCAINE,LIDOCAINE,NO,
"LIDOCAINE (ADHESIVE PATCH, MEDICATED)",LIDOCAINE,NO,
LIDODERM PATCH,LIDOCAINE,NO,
LINACLOTIDE,LINACLOTIDE,NO,
LINZESS,LINACLOTIDE,NO,
TRADJENTA,LINAGLIPTIN,NO,
TRAJENTA (LINAGLIPTIN),LINAGLIPTIN,NO,
LIOTHYRONIN,LIOTHYRONINE,NO,
LIOTHYRONINE,LIOTHYRONINE,NO,
LIOTHYROXINE AKA CYTOMEL,LIOTHYRONINE,NO,
SAXENDA,LIRAGLUTIDE,NO,
VICTOZA,LIRAGLUTIDE,NO,
VIVANCE,LISDEXAMFETAMINE,YES,
VIVANZE,LISDEXAMFETAMINE,YES,
VOYVANCE,LISDEXAMFETAMINE,YES,
VYVANSE,LISDEXAMFETAMINE,YES,
LASINOPRINE,LISINOPRIL,NO,
LECINAPRIL,LISINOPRIL,NO,
LINSINOPRIL,LISINOPRIL,NO,
LINSOPRIAL,LISINOPRIL,NO,
LIPSINOPROL,LISINOPRIL,NO,
LISENOPRIL,LISINOPRIL,NO,
LISINAPRIL,LISINOPRIL,NO,
LISINIPRIL,LISINOPRIL,NO,
LISINIPROL,LISINOPRIL,NO,
LISINOPRIL,LISINOPRIL,NO,
LISINOPRIL AKA PRINIVIL OR ZESTRIL,LISINOPRIL,NO,
LISINOPRIL TABS,LISINOPRIL,NO,
LISINOPRIN,LISINOPRIL,NO,
LISINOPROL,LISINOPRIL,NO,
LISINOPROLE,LISINOPRIL,NO,
LISINPRIL,LISINOPRIL,NO,
LISIOPRIL,LISINOPRIL,NO,
LISNOPRIL,LISINOPRIL,NO,
LUCINAPRIL,LISINOPRIL,NO,
LYSINAPRIL,LISINOPRIL,NO,
LYSINIPRIL,LISINOPRIL,NO,
LYSINOPRIL,LISINOPRIL,NO,
PRINIVIL,LISINOPRIL,NO,
LISINOPRIL HCTZ,LISINOPRIL HCTZ,NO,
LISINOPRIL HYDROCHLOROTHIAZIDE,LISINOPRIL HCTZ,NO,
LISINOPRIL-HCTZ,LISINOPRIL HCTZ,NO,
LISINOPRIL-HYDROCHLORORTHIAZIDE,LISINOPRIL HCTZ,NO,
LISINOPRIL-HYDROCHLOROTHIAZIDE,LISINOPRIL HCTZ,NO,
LISINOPRIL-HYDROCHLORTHIAZIDE,LISINOPRIL HCTZ,NO,
LISINOPRIL-HYROCHLOROTHIAZIDE,LISINOPRIL HCTZ,NO,
LISINOPRIL/HCTZ,LISINOPRIL HCTZ,NO,
LISINOPRIL/HYDROCHLOROT,LISINOPRIL HCTZ,NO,
LIVERDA,LIVERDA,NO,
LO-ESTRIN,LOESTRIN,NO,
LO-LOESTRIN,LOESTRIN,NO,
LOESTRIN,LOESTRIN,NO,
LOPERAMIDE,LOPERAMIDE,NO,
LOPERAMIDE HCL,LOPERAMIDE,NO,
LOPID,LOPID,NO,
LOPREEZA,LOPREEZA,NO,
CLARATIN,LORATADINE,NO,
CLARITAN,LORATADINE,NO,
CLARITIN,LORATADINE,NO,
CLARITIN (SEASONALLY),LORATADINE,NO,
CLARITYN,LORATADINE,NO,
ALAVERT,LORATADINE,NO,
LORADADINE,LORATADINE,NO,
LORATADINE,LORATADINE,NO,
LORATADINE (CLARITIN),LORATADINE,NO,
LORATADINE ANTIHISTAMINE,LORATADINE,NO,
LORATIDINE,LORATADINE,NO,
OFF-BRAND CLARITIN,LORATADINE,NO,
CHILDREN'S CLARITIN,LORATADINE LD,NO,
CHILDREN'S LORATADINE CHEWABLES,LORATADINE LD,NO,
CLARITIN-D 24HR,LORATADINE/PSEUDOEPHEDRINE XR,NO,
ALLERGY NASAL SPRAY,LORATIDINE,NO,
ALLERGY RELIEF OTC LORATADINE,LORATIDINE,NO,
ADAVAN,LORAZEPAM,YES,
ATIVAN,LORAZEPAM,YES,
LORAZAPAM,LORAZEPAM,YES,
LORAZEPAM,LORAZEPAM,YES,
LORAZOPAM,LORAZEPAM,YES,
LOREZAPAN,LORAZEPAM,YES,
COSAR,LOSARTAN,NO,
COZAAR,LOSARTAN,NO,
COZAR,LOSARTAN,NO,
LASARTIN POTASSIUM,LOSARTAN,NO,
LORSARTAN,LOSARTAN,NO,
LORSARTAN POTASSIUM,LOSARTAN,NO,
LOSARATAN,LOSARTAN,NO,
LOSARTAIN,LOSARTAN,NO,
LOSARTAN,LOSARTAN,NO,
LOSARTAN (COZAAR),LOSARTAN,NO,
LOSARTAN (LOSARTAN 100 MG ORAL TABLET),LOSARTAN,NO,
LOSARTAN HQT2,LOSARTAN,NO,
LOSARTEN,LOSARTAN,NO,
LOSARTIN,LOSARTAN,NO,
LOSATIN,LOSARTAN,NO,
LOSORTAN,LOSARTAN,NO,
ZAZAAR,LOSARTAN,NO,
LOSARTAN WITH HCTZ,LOSARTAN HCTZ,NO,
LOSARTAN-HCTZ,LOSARTAN HCTZ,NO,
LOSARTAN/HCT,LOSARTAN HCTZ,NO,
LOSARTAN/HCTZ,LOSARTAN HCTZ,NO,
LOSER TAN POTASSIUM HCTZ,LOSARTAN HCTZ,NO,
LOSARTAN K TABLETS,LOSARTAN K,NO,
LOSARTAN POT,LOSARTAN POTASSIUM,NO,
LOSARTAN POT/HYDROCHLOROTHIAZIDE,LOSARTAN POTASSIUM,NO,
LOSARTAN POTASSIUM,LOSARTAN POTASSIUM,NO,
LOSARTAN POTASSIUM (TABLET) COZAAR,LOSARTAN POTASSIUM,NO,
LOSARTIN POTASSIUM,LOSARTAN POTASSIUM,NO,
LOSERTAN POTASSIUM,LOSARTAN POTASSIUM,NO,
LOZAROTAN POTASSIUM,LOSARTAN POTASSIUM,NO,
LOSARTAN POTASSIUM HCT,LOSARTAN POTASSIUM HCT,NO,
LOVASTATIN,LOVASTATIN,NO,
AMITIZA,LUBIPROSTONE,NO,
LUBIPROSTONE,LUBIPROSTONE,NO,
LUNESTA,LUNESTA,YES,
LUPRON,LUPRON,NO,
LUSPATERCEPT,LUSPATERCEPT,NO,
LUBOX,LUVOX,YES,
LUVOX,LUVOX,YES,
LYNPARZA,LYNPARZA,NO,
LYRICA,LYRICA,NO,
MAGNESIUM,MAGNESIUM,NO,
MAGNESIUM CITRATE,MAGNESIUM CITRATE,NO,
MAGNESIUM HYDROXIDE,MAGNESIUM HYDROXIDE,NO,
MAGNESIUM OXIDE,MAGNESIUM OXIDE,NO,
MAXEPA,MAXEPA,NO,
MAXIDE,MAXIDE,NO,
MAXZIDE,MAXZIDE,NO,
MAXZIDE-25,MAXZIDE,NO,
MCLIZINE,MECLIZINE,NO,
MECLIZINE,MECLIZINE,NO,
MECLLIZINE,MECLIZINE,NO,
MEDICAL CANNABIS,MEDICAL CANNABIS,YES,
IC MEDROXYPROGESTERONE,MEDROXYPROGESTERONE,NO,
MEDROXYPROGESTERONE,MEDROXYPROGESTERONE,NO,
MEGA RED OMEGA3 KRILL OIL,MEGA RED OMEGA3 KRILL OIL,NO,
MELATONIN,MELATONIN,NO,
MELAXOCIAM,MELOXICAM ,NO,
MELOXICAM,MELOXICAM ,NO,
MEMANTINE,MEMANTINE,YES,
MEMANTINE HCL,MEMANTINE HCI,YES,
MENOCYCLINE,MENOCYCLINE,NO,
MENOPROAL,MENOPROAL,,
MENTHOL RUB FOR MUSCLE SORENESS,MENTHOL RUB,NO,
MENTROPAL,MENTROPAL,NO,
MESALAMINE,MESALAMINE,NO,
METAMUCIL,METAMUCIL,NO,
METAPHETOPINE,METAPHENIDINE ,,
MEDFORMIN,METFORMIN,NO,
MEFORMIN,METFORMIN,NO,
METAFORMIN,METFORMIN,NO,
METFORMIN,METFORMIN ,NO,
METFORMIN HCI,METFORMIN HCL,NO,
METFORMIN HCL,METFORMIN HCL,NO,
METFORMIN HCL (TABLET) GLUCOPHAGE,METFORMIN HCL,NO,
METFORMIN HLC,METFORMIN HCL,NO,
METFORMIN HYDROCHLORIDE,METFORMIN HCL,NO,
METFORMINE HCL,METFORMIN HCL,NO,
METFORMINHCL,METFORMIN HCL,NO,
METFORMIN HCL ER,METFORMIN HCL XR,NO,
METFORMIN HYDROCHLORIDE ER,METFORMIN HCL XR,NO,
METAFORMIN ER,METFORMIN XR,NO,
METFORMIN ER,METFORMIN XR,NO,
METFORMIN XR,METFORMIN XR,NO,
METHANIMINE,METHANIMINE,NO,
METHIMAZOLE,METHIMAZOLE,NO,
METHOCARBAMOL,METHOCARBAMOL,NO,
METHOCARBOMAL,METHOCARBAMOL,NO,
ROBAXIN,METHOCARBAMOL,NO,
METHOLFENADAID,METHOLFENADAID,NO,
METHOTREXATE,METHOTREXATE,NO,
METHYLCELLULOSE,METHYLCELLULOSE,NO,
METHYLCPG,METHYLCPG,NO,
METODOPA,METHYLDOPA,NO,
METHYLPHENIDATE,METHYLPHENIDATE,YES,
METHYLPHENIDATE (RITALIN),METHYLPHENIDATE,YES,
RITALIN,METHYLPHENIDATE,YES,
"RITALIN FOR ADHD, HAS NOT BEEN TAKING IT BECAUSE DOESN'T LIKE HOW IT MAKES HIM FEEL (HAD ZERO APPETITE)",METHYLPHENIDATE,YES,
RITALIN NON EXTENDED RELEASE,METHYLPHENIDATE,YES,
RITALIN EXTENDED RELEASE,METHYLPHENIDATE XR,YES,
RITALIN IR,METHYLPHENIDATE IR,YES,
RITALIN XR,METHYLPHENIDATE XR,YES,
METHYLPHENIDATE ER,METHYLPHENIDATE XR,YES,
SOLUMEDROL,METHYLPREDNISOLONE,NO,
METOCLOPRAMIDE,METOCLOPRAMIDE,NO,
METOLAZONE,METOLAZONE,NO,
METAPROLOL,METOPROLOL,NO,
METATROPOL,METOPROLOL,NO,
TOPOROL,METOPROLOL,NO,
TOPROL,METOPROLOL,NO,
METOPOROL,METOPROLOL ,NO,
METOPRILOL,METOPROLOL ,NO,
METOPROL,METOPROLOL ,NO,
METOPROLAL,METOPROLOL ,NO,
METOPROLO,METOPROLOL ,NO,
METOPROLOL,METOPROLOL ,NO,
METOPROPAL,METOPROLOL ,NO,
METROPLOL,METOPROLOL ,NO,
METROPOLE,METOPROLOL ,NO,
METROPOLOL,METOPROLOL ,NO,
METROPROLOL,METOPROLOL ,NO,
METOPROLOL SUCC,METOPROLOL SUCC,NO,
METOPROPOL SUCCINATE,METOPROLOL SUCC,NO,
METOPROLOL SUCC ER,METOPROLOL SUCC XR,NO,
METOPROLOL SUCC. ER,METOPROLOL SUCC XR,NO,
METOPROLOL SUCCESS ER,METOPROLOL SUCC XR,NO,
METOPROLOL SUCCINATE,METOPROLOL SUCC XR,NO,
METOPROLOL SUCCINATE XL,METOPROLOL SUCC XR,NO,
METOPROLOLO SUCCINATE ER,METOPROLOL SUCC XR,NO,
METOPROLOL TARTRATE,METOPROLOL TARTRATE,NO,
METOPROLOL XL,METOPROLOL XL,NO,
METOPROLOL XR,METOPROLOL XR,NO,
TOPROL XL,METOPROLOL XL,NO,
TROPOL XL,METOPROLOL XL,NO,
METRONIDAZOLE,METRONIDAZOLE,NO,
METRONIDAZOLE 0.75%,METRONIDAZOLE,NO,
METRONIDAZOLE 1% GEL,METRONIDAZOLE,NO,
MICROGESTIN,MICROGESTIN,NO,
MIDODRINE,MIDODRINE,NO,
MILI (BIRTH CONTROL PILL),MILI ,NO,
MILK THISTLEECTUACT,MILK THISTLE EXTRACT,NO,
MINOXIDIL,MINOXIDIL,NO,
MIRABEGRON,MIRABEGRON,NO,
MIRALAX,MIRALAX,NO,
MIRAPEX,MIRAPEX,YES,
MIRTAZAPINE,MIRTAZAPINE,YES,
MIRTAZIPINE,MIRTAZAPINE,YES,
REMERON,MIRTAZAPINE,YES,
MOBIC,MOBIC,NO,
MODAFINIL,MODAFINIL,YES,
MODURETIC/AMILORIDE HCL,MODURETIC/AMILORIDE HCL,NO,
MOMETASONE FUROATE,MOMETSONE,NO,
MOMETASONE FUROATE INHALER,MOMETSONE,NO,
MOMETSONE,MOMETSONE,NO,
MONESSA 28,MONESSA 28,NO,
MONESSA 28S,MONESSA 28S,NO,
MONO-LINYAH,MONO-LINYAH,NO,
MONOLOCAST,MONTELUKAST,NO,
MONOLUOKAST,MONTELUKAST,NO,
MONTALUCAS,MONTELUKAST,NO,
MONTALUKEST,MONTELUKAST,NO,
MONTEKULAST,MONTELUKAST,NO,
MONTELLUKAST,MONTELUKAST,NO,
MONTELUKAST,MONTELUKAST,NO,
MONTELUKST (CINGULAR),MONTELUKAST,NO,
MONTELUKAST SOD,MONTELUKAST SODIUM,NO,
MONTELUKAST SODIUM,MONTELUKAST SODIUM,NO,
MOOD,MOOD,YES,
MOTRIN,MOTRIN PM,NO,
MOTRIN PM,MOTRIN PM,NO,
MOUNJARO,MOUNJARO,NO,
MOUTH WASH,MOUTH WASH,NO,
MOXIFLOXACIN,MOXIFLOXACIN,NO,
MOXIFLOXACIN 0.5%,MOXIFLOXACIN,NO,
ALIVE MULTIVITAMIN,MULTIVITAMIN,NO,
MILTIVITAMIN,MULTIVITAMIN,NO,
MULTI VITAMIN,MULTIVITAMIN,NO,
MULTI-VITAMIN,MULTIVITAMIN,NO,
MULTIVIT WITH MINERALS/LUTEIN (TABLET) CENTRUM SILVER,MULTIVITAMIN,NO,
MULTIVITAMIN,MULTIVITAMIN,NO,
MULTIVITAMIN (SMARTYPANTS COMPLETE),MULTIVITAMIN,NO,
MULTIVITAMIN-FLINSTONES CHEWY,MULTIVITAMIN,NO,
VITAMINS,MULTIVITAMIN,NO,
WOMEN MULTI VITAMIN,MULTIVITAMIN,NO,
WOMEN'S MULTI VITAMIN,MULTIVITAMIN,NO,
PEER VISION MULTIVITAMIN,MULTIVITAMIN,NO,
PRENATAL VITAMINS,MULTIVITAMIN,NO,
MYBETRIQ,MYRBETRIQ,NO,
MYRBETIG,MYRBETRIQ,NO,
MYRBETRIQ,MYRBETRIQ,NO,
MYRBETRQ,MYRBETRIQ,NO,
RELAFEN,NABUMETONE,NO,
NABUMETONE,NABUMETONE,NO,
NADALOL,NADOLOL,NO,
NADOLOL,NADOLOL,NO,
NALXONE,NALOXONE,YES,
LD NALTREXONE,NALTREXONE,YES,
LOW DOSE NALTREXONE,NALTREXONE,YES,
NALTREXONE,NALTREXONE,YES,
ALEVE,NAPROXEN,NO,
NAPROXEN,NAPROXEN,NO,
NAPROXEN SODIUM,NAPROXEN,NO,
NAPROXIN,NAPROXEN,NO,
NIPROXIN,NAPROXEN,NO,
NASAL DECONGESTANT,NASAL DECONGESTANT,NO,
ELI MED NASAL RINSE,NASAL RINSE,NO,
NASAL SPRAY,NASAL SPRAY,NO,
NASAL SPRAY 24HR ALLERGY,NASAL SPRAY 24HR ALLERGY,NO,
NASALIDE .025%,NASALIDE .025%,NO,
NASCOBAL,NASCOBAL,NO,
NASANEX,NASONEX,NO,
NASONAX,NASONEX,NO,
NASONEX,NASONEX,NO,
NATROPILAL SUCCONATE,NATROPILAL SUCCINATE,NO,
NATURE THROID,NATURE THROID,NO,
NATURE THYROID,NATURE THROID,NO,
NATURETROID,NATURE THROID,NO,
BYSTOLIC,NEBIVOLOL HCL,NO,
NEBIVOLOL HCL,NEBIVOLOL HCL,NO,
NEOMYCIN,NEOMYCIN,NO,
NEOMYCIN-POLYMYXIN-DEXAMETHAMETHASONE,NEOMYCIN-POLYMYXIN-DEXAMETHAMETHASONE,NO,
NEPHROVITE,NEPHROVITE,NO,
NEURO QUELL,NEURO QUELL,NO,
NEW-POLYN-DEXAMET EYE OINTMENT,NEW-POLYN-DEXAMET EYE OINTMENT,NO,
NEXIUM,NEXIUM,NO,
NEXPLANAN,NEXPLANAN,NO,
NEXPLANON,NEXPLANAN,NO,
NIASPAN,NIASPAN,NO,
NIFEDICAL XL,NIFEDICAL XL,NO,
NIFEDIPINE,NIFEDIPINE,NO,
PROCARDIA XL,NIFEDIPINE XL,NO,
MACROBID,NITROFURANTOIN,NO,
NITROFERRENTIN,NITROFURANTOIN,NO,
NITROFURANTIN,NITROFURANTOIN,NO,
NITROFURANTOIN,NITROFURANTOIN,NO,
NITROFURATONIN MACROCRYSTAL,NITROFURANTOIN,NO,
NITROGLYCERIN,NITROGLYCERIN,NO,
NITROSTAT,NITROGLYCERIN,NO,
NIZATIDINE,NIZATIDINE,NO,
NORETHIM,NORETHINDRONE,NO,
NORETHINDRONE,NORETHINDRONE,NO,
BLISOVI,NORETHINDRONE ACETATE AND ETHANOL ESTRADIOL,NO,
BLISOVI FE,NORETHINDRONE ACETATE AND ETHANOL ESTRADIOL,NO,
BLISOVIAFE,NORETHINDRONE ACETATE AND ETHANOL ESTRADIOL,NO,
JUNEL,NORETHINDRONE ACETATE AND ETHANOL ESTRADIOL,NO,
NORETHINDRONE ACETATE AND ETHANOL ESTRADIOL,NORETHINDRONE ACETATE AND ETHANOL ESTRADIOL,NO,
NORETHINDRONE ACETATE ETHINYL ESTRADIOL,NORETHINDRONE ACETATE AND ETHANOL ESTRADIOL,NO,
NORINYL,NORETHINDRONE ACETATE AND ETHANOL ESTRADIOL,NO,
NORTRIPTILINE,NORTRIPTYLINE,YES,
NORTRIPTOLINE,NORTRIPTYLINE,YES,
NORTRIPTYLINE,NORTRIPTYLINE,YES,
NORTRIPTYLINE CAPS,NORTRIPTYLINE,YES,
NORTRPTYLINE,NORTRIPTYLINE,YES,
NOXICARE,NOXICARE,NO,
NUVARING,NUVARING,NO,
NYSTATIN,NYSTATIN,NO,
MUPIROCIN (NYSTATIN CREAM),NYSTATIN CREAM,NO,
MUPIROCIN OINTMENT,NYSTATIN CREAM,NO,
NYSTATIN AND TRIAMCINOLONE ACETONIDE CREAM,NYSTATIN/TRIAMCINOLONE ACETONIDE CREAM,NO,
OCCUVITE,OCUVITE,NO,
OCUVITE,OCUVITE,NO,
OFLOXACIN,OFLOXACIN,NO,
OLANZAPINE,OLANZAPINE,YES,
BENICAR,OLMESARTAN,NO,
OLMESARTAN,OLMESARTAN,NO,
BENICAR HCT,OLMESARTAN HCTZ,NO,
OLMESARTAN.HCTZ,OLMESARTAN HCTZ,NO,
OLOPATADINE,OLOPATADINE,NO,
PAT-A-DAY,OLOPATADINE,NO,
PATADAY,OLOPATADINE,NO,
PATANASE,OLOPATADINE,NO,
OLOPATADINE HCL,OLOPATADINE HCL,NO,
OMEGA-3 ACID ETHYL ESTERS,OMEGA 3 ACID ETHYL ESTERS,NO,
OMEGA 3 FISH OIL,OMEGA 3 FISH OIL,NO,
1 OMEPREZOLE,OMEPRAZOLE,NO,
AMEPRAZOL,OMEPRAZOLE,NO,
AMETPROZAL,OMEPRAZOLE,NO,
DMEPRAZOLE,OMEPRAZOLE,NO,
OMEPPRAZOLE,OMEPRAZOLE,NO,
OMEPRAZOL,OMEPRAZOLE,NO,
OMEPRAZOLE,OMEPRAZOLE,NO,
OMEPRAZOLE DR,OMEPRAZOLE,NO,
OMEPRAZONE,OMEPRAZOLE,NO,
OMEPROLOL,OMEPRAZOLE,NO,
OMEPROZAL,OMEPRAZOLE,NO,
OMEPROZOL,OMEPRAZOLE,NO,
OMEPROZOLE,OMEPRAZOLE,NO,
OMMEPREZOLE,OMEPRAZOLE,NO,
OMPERAZOLE,OMEPRAZOLE,NO,
OMPRAZOLE,OMEPRAZOLE,NO,
OMPREZOLE,OMEPRAZOLE,NO,
PRILOSEC,OMEPRAZOLE,NO,
PRILOSEC GENERIC,OMEPRAZOLE,NO,
PRILOSEC OTC,OMEPRAZOLE,NO,
PRILOSEC-AMEPROZOL,OMEPRAZOLE,NO,
PRISOLEC,OMEPRAZOLE,NO,
ONDANATRON,ONDANSETRON,NO,
ONDANSETRON,ONDANSETRON,NO,
ZOFRAN,ONDANSETRON,NO,
ZOFRAN ODT,ONDANSETRON,NO,
OPTI FREE PURE MOIST,OPTI FREE PURE MOIST,NO,
ORADENINE,ORADENINE,,
ORAL CONTRACEPTIVE,ORAL CONTRACEPTIVE,NO,
ORTHO,ORTHO,NO,
ORTHO TRI CYCLEN,ORTHO TRI CYCLEN,NO,
ORTHO TRI CYCLEN LO,ORTHO TRI CYCLEN,NO,
ORTHO LO,ORTHO TRI CYCLEN,NO,
OSELTAMIVIR,OSELTAMIVIR,NO,
OSTEO BIFLEX,OSTEO BIFLEX,NO,
OXYBUTANINE,OXYBUTYNIN,YES,
OXYBUTININ,OXYBUTYNIN,YES,
OXYBUTYNIN,OXYBUTYNIN,YES,
OXYBUTYNIN CL ER,OXYBUTYNIN CL XR,YES,
OXICODONE,OXYCODONE,YES,
OXYCCODONE,OXYCODONE,YES,
OXYCODON,OXYCODONE,YES,
OXYCODONE,OXYCODONE,YES,
PERCOCET,OXYCODONE,YES,
PERCOSET,OXYCODONE,YES,
PERCOSETS,OXYCODONE,YES,
PEROCET,OXYCODONE,YES,
OXYCONTIN,OXYCODONE,YES,
OXYCOTIN,OXYCODONE,YES,
OXYCODONE HCL,OXYCODONE HCL,YES,
OXICODONE-ACETAMINOPHEN,OXYCODONE/ACETAMINOPHEN,YES,
OXYCODONE ACETAMINOPHEN,OXYCODONE/ACETAMINOPHEN,YES,
OXYCODONE-ACETAMINOPHEN,OXYCODONE/ACETAMINOPHEN,YES,
PAIN MEDICATION TA,PAIN MEDICATION TA,NO,
PALBOCICLIB,PALBOCICLIB,NO,
CREON,PANCRELIPASE,NO,
PANCRELIPASE,PANCRELIPASE,NO,
PANTAPROZOLE,PANTOPRAZOLE,NO,
PANTOPRAZOLE,PANTOPRAZOLE,NO,
PANTROPRAZOLE,PANTOPRAZOLE,NO,
PENTAPROZOLE,PANTOPRAZOLE,NO,
PROTOIIX,PANTOPRAZOLE,NO,
PROTONICS,PANTOPRAZOLE,NO,
PROTONIX,PANTOPRAZOLE,NO,
PANTOPRAZOLE DR,PANTOPRAZOLE DR,NO,
PANTOPRAZOLE EC,PANTOPRAZOLE DR,NO,
PANTOPRAZOLE SOD DR,PANTOPRAZOLE SOD DR,NO,
PANTOPRAZOLE SOD,PANTOPRAZOLE SODIUM,NO,
PANTOPRAZOLE SODIUM,PANTOPRAZOLE SODIUM,NO,
PAROXETENE,PAROXETINE,YES,
PAROXETINE,PAROXETINE,YES,
PAXIL,PAROXETINE,YES,
VELTASSA,PATIROMER,NO,
PEPSIN,PEPSIN,NO,
PEPTO,PEPTO,NO,
PHENTERMINE,PHENTERMINE,NO,
PHENYLEPHRINE,PHENYLEPHRINE,NO,
SUPHEDRINE,PHENYLEPHRINE,NO,
PHENYTOIN SODIUM,PHENYTOIN SODIUM,YES,
PS 100 PHOSPHATIDYLSERINE,PHOSPHATIDYLSERINE,NO,
PIOGLITAZONE (ACTOS),PIOGLITAZONE,NO,
LIVALO,PITAVASTATIN,NO,
POLYEHTYLENE GLYCOL,POLYETHYLENE GLYCOL,NO,
POLYETH GLYCOL,POLYETHYLENE GLYCOL,NO,
POLYETHYLENE GLYCOL,POLYETHYLENE GLYCOL,NO,
POLYETHYLENE GLYCOL (MIRALAX),POLYETHYLENE GLYCOL,NO,
KLOR-CON,POTASSIUM CHLORIDE,NO,
KLOR-CON M10,POTASSIUM CHLORIDE,NO,
KLOR-CON M20ER,POTASSIUM CHLORIDE,NO,
KLORCON,POTASSIUM CHLORIDE,NO,
POTASSIUM,POTASSIUM CHLORIDE,NO,
POTASSIUM CHLORIDE,POTASSIUM CHLORIDE,NO,
POTTASIUM CHLORIDE,POTASSIUM CHLORIDE,NO,
POTASSIUM CL CR WM,POTASSIUM CHLORIDE CR WM,NO,
POT CL MICRO TAB,POTASSIUM CHLORIDE LD,NO,
OXYBUTYNIN CL XR,POTASSIUM CHLORIDE XR,NO,
POTASSIUM CHLORIDE CRYSTALS ER,POTASSIUM CHLORIDE XR,NO,
POTASSIUM CHLORIDE EXTENDED RELEASE,POTASSIUM CHLORIDE XR,NO,
PRAMIPEXOLE,PRAMIPEXOLE,YES,
PARVASTATIN,PRAVASTATIN,NO,
PRAUASTATIN,PRAVASTATIN,NO,
PRAVACHOL,PRAVASTATIN,NO,
PRAVASTATIN,PRAVASTATIN,NO,
PRAVASTATIN (PRAVACHOL),PRAVASTATIN,NO,
PRAVASTATIN SOD.,PRAVASTATIN,NO,
PRAVASTATIN SODIUM,PRAVASTATIN,NO,
PRAVASTIN,PRAVASTATIN,NO,
PREVASTATIN,PRAVASTATIN,NO,
PREVOSTATIN,PRAVASTATIN,NO,
PROVASTIN,PRAVASTATIN,NO,
PROVASTITIN,PRAVASTATIN,NO,
TRAVASTATIN,PRAVASTATIN,NO,
PRAZOSIN,PRAZOSIN,NO,
PREDNISONE,PREDNISONE,NO,
PRENDOSONE,PREDNISONE,NO,
PREGABALIN,PREGABALIN,YES,
PREGABALIN/ LYRICA,PREGABALIN,YES,
PREGABLIN,PREGABALIN,YES,
PREMARIN CREAM,PREMARIN CREAM,NO,
PREMARIN VAGINAL CREAM,PREMARIN CREAM,NO,
PREMERAIN CREAM,PREMARIN CREAM,NO,
PEMPRO,PREMPRO,NO,
PREMPRO,PREMPRO,NO,
"PREMPRO (ESTROGEN, CONJUGATED, -MEDROXYPROGESTERONE)",PREMPRO,NO,
PREP,PREP,NO,
PRESERVISION,PRESERVISION,NO,
PRESERVISION AREDS 2,PRESERVISION AREDS 2,NO,
PREVAGEN,PREVAGEN,NO,
PREVIDENT,PREVIDENT,NO,
PRIMELLA,PRIMIDONE,NO,
PRIMIDONE,PRIMIDONE,YES,anticonvulsant
BIOX4 (PROBIOTIC),PROBIOTIC,NO,
PRIOBIOTIC,PROBIOTIC,NO,
PROBIOTICS,PROBIOTIC,NO,
PROCHLORPERAZINE,PROCHLORPERAZINE,YES,
PROGESTERONE,PROGESTERONE,NO,
TOPICAL BIOIDENTICAL HORMONE CREAM (PROJESTERONE),PROGESTERONE CREAM,NO,
PROGESTERONE ESTROGEN,PROGESTERONE ESTROGEN,NO,
PROGESTERONE-ONLY BIRTH CONTROL PILL,PROGESTERONE-ONLY BIRTH CONTROL PILL,NO,
PROMACLU,PROMACLU,,
PROMANTA,PROMACTA,NO,
PROMETRIUM,PROMETRIUM,NO,
PROPANOLOL,PROPRANOLOL,NO,
PROPRANALOL,PROPRANOLOL,NO,
PROPRANEROL,PROPRANOLOL,NO,
PROPRANOLOL,PROPRANOLOL,NO,
PROPRENEROL,PROPRANOLOL,NO,
TROPRANOLOL,PROPRANOLOL,NO,
PROPANOLOL HYDROCHLORIDE,PROPRANOLOL HCL,NO,
PROPRANOLOL HCL,PROPRANOLOL HCL,NO,
PROPRANOLOL ER,PROPRANOLOL XR,NO,
PROPYLENE GLYCOL,PROPYLENE GLYCOL,NO,
PROPYLTHIOURACIL,PROPYLTHIOURACIL,NO,
PROSCAR,PROSCAR,NO,
PROTANDUM,PROTANDIM,NO,
PRUCALOPRIDE,PRUCALOPRIDE,NO,
PSEUDOEFFEDRIN,PSEUDOEPHEDRIN,NO,
SUDAFED,PSEUDOEPHEDRIN,NO,
SUDAFED 12 HR,PSEUDOEPHEDRIN,NO,
SUDAFED 4-6 HR,PSEUDOEPHEDRIN,NO,
PSYLLIUM,PSYLLIUM,NO,
PULMICOURT,PULMICOURT,NO,
CO-ENZYME Q 10,Q10,NO,
COENZYME Q10,Q10,NO,
COQ10,Q10,NO,
GO Q-10,Q10,NO,
QUETRAPINE FUMARATE,QUETIAPINE FUMARATE,YES,
OVAR INHALER,QVAR,NO,
QVAR,QVAR,NO,
QVAR NASAL SPRAY,QVAR,NO,
ACIPHEX,RABEPRAZOLE,NO,
ACIPHEX (GENERIC PANTOPRAZOLE),RABEPRAZOLE,NO,
EVISTA,RALOXIFENE,NO,
RALOXIFENE,RALOXIFENE,NO,
ALTACE,RAMIPRIL,NO,
RAMIPRIL,RAMIPRIL,NO,
RAMOR,RAMOR,,
RANITIDINE,RANITIDINE,NO,
RANITIDINE (ZANTAC),RANITIDINE,NO,
RANITIDINE HCL,RANITIDINE,NO,
RANTIDINE,RANITIDINE,NO,
RAVITIDINE,RANITIDINE,NO,
XANTAK,RANITIDINE,NO,
ZANTAC,RANITIDINE,NO,
RANEXA,RANOLAZINE,NO,
RECLAST,RECLAST,NO,
RECLIPSIN,RECLIPSEN,NO,
REMICADE,REMICADE,NO,
REPAGLINIDE,REPAGLINIDE,NO,
RESCUE ASTHMA INHALER,RESCUE INHALER,NO,
RESCUE INHALER,RESCUE INHALER,NO,
RETAIN A CREAM,RETIN-A CREAM,NO,
RETIN A CREAM,RETIN-A CREAM,NO,
RETIN-A CREAM,RETIN-A CREAM,NO,
RETINOL CREAM,RETIN-A CREAM,NO,
REVOSTATIN,REVOSTATIN,NO,
RHINOCORT,RHINOCORT,NO,
RHOPRESSA,RHOPRESSA,NO,
RESEDRONATE,RISEDRONATE,NO,
RISPERDONE,RISPERIDONE,YES,
RISPERIDOL,RISPERIDONE,YES,
RIVAROXABAN,RIVAROXABAN,NO,
RIVAROXABAN (XARELTO),RIVAROXABAN,NO,
SERALATO,RIVAROXABAN,NO,
XARELTO,RIVAROXABAN,NO,
XERALTO,RIVAROXABAN,NO,
XERELTO,RIVAROXABAN,NO,
ZARELTO,RIVAROXABAN,NO,
ZEROLTOL,RIVAROXABAN,NO,
ZYRELTO,RIVAROXABAN,NO,
RITZATRIPTAN,RIZATRIPTAN,NO,
RIZATRIPTAN,RIZATRIPTAN,NO,
RIZATRIPTAN BENZOATE,RIZATRIPTAN,NO,
RIZATRIPTAPAN BENZONATATE,RIZATRIPTAN,NO,
RIZATRIPTIN,RIZATRIPTAN,NO,
RIZTRIPATAN,RIZATRIPTAN,NO,
ROPINEROLE,ROPINIROLE,NO,
ROPINIROLE,ROPINIROLE,NO,
ROPINIROLE HCL,ROPINIROLE,NO,
ROPINIROLL,ROPINIROLE,NO,
ROPINOROL,ROPINIROLE,NO,
ROPINOROLE,ROPINIROLE,NO,
ROSACEA CREAM,ROSACEA CREAM,NO,
CRESTOR,ROSUVASTATIN,NO,
RASUVASTATIN,ROSUVASTATIN,NO,
ROSUVASTAT,ROSUVASTATIN,NO,
ROSUVASTATIN,ROSUVASTATIN,NO,
ROSUVASTATIN CALCIUM,ROSUVASTATIN,NO,
ROSUVASTATIN CALCIUM (CRESTOR),ROSUVASTATIN,NO,
ROVASTATIN,ROSUVASTATIN,NO,
ROVUSTATIN,ROSUVASTATIN,NO,
SALINE NASAL SPRAY,SALINE NASAL SPRAY,NO,
SEA MOSS,SEA MOSS,NO,
OZEMPIC,SEMAGLUTIDE,NO,
RYBELSUS,SEMAGLUTIDE,NO,
SEMEGLUTIDE,SEMAGLUTIDE,NO,
WEGOVY,SEMAGLUTIDE,NO,
SEENA,SENNA,NO,
SENNA,SENNA,NO,
SENNA-DOCUSATE SODIUM,SENNA-DOCUSATE SODIUM,NO,
SENNOSIDES,SENNOSIDES,NO,
CITRULLINE (ZOLOFT),SERTRALINE,YES,
SERATILINE (ZOLOFT),SERTRALINE,YES,
SERTALINE,SERTRALINE,YES,
SERTHALINE,SERTRALINE,YES,
SERTIZENE (ZYRTEC),SERTRALINE,YES,
SERTRALINE,SERTRALINE,YES,
SERTRALINE HCL,SERTRALINE,YES,
SERTROLINE,SERTRALINE,YES,
SETRALINE,SERTRALINE,YES,
SURTRULINE,SERTRALINE,YES,
ZOLOFT,SERTRALINE,YES,
SILDAFENIL,SILDENAFIL,NO,
SILDENAFI,SILDENAFIL,NO,
SILDENAFIL,SILDENAFIL,NO,
SILDENAFIL (REVATIO),SILDENAFIL,NO,
SILDENAFIL (VIAGRA),SILDENAFIL,NO,
SILDENAFIL CITRATE,SILDENAFIL,NO,
VIAGRA,SILDENAFIL,NO,
ZILDENAPHIL,SILDENAFIL,NO,
RAPAFLO,SILODOSIN,NO,
SILODOSIN,SILODOSIN,NO,
SIMETHICONE (MYLICON),SIMETHICONE,NO,
SIMBASTIN (CHOLESTEROL),SIMVASTATIN,NO,
SIMIVASTIN,SIMVASTATIN,NO,
SIMUASTATIN,SIMVASTATIN,NO,
SIMVASTATIN,SIMVASTATIN,NO,
SIMVASTATIN (ZOCOR),SIMVASTATIN,NO,
SIMVASTATIN AKA ZOCOR,SIMVASTATIN,NO,
SIMVASTIN,SIMVASTATIN,NO,
SIMVESTATIN,SIMVASTATIN,NO,
SIMVISTATIN,SIMVASTATIN,NO,
SIMVOSTATIN,SIMVASTATIN,NO,
SIVOSTATIN,SIMVASTATIN,NO,
SUNVASTATIN,SIMVASTATIN,NO,
SYMBOSTATIN,SIMVASTATIN,NO,
ZOCOR,SIMVASTATIN,NO,
SINGULAIR,SINGULAIR,NO,
SINGULAIR (MONTELUKAST),SINGULAIR,NO,
SINGULAIR ANTIHISTIME,SINGULAIR,NO,
SINGULAR,SINGULAIR,NO,
SUNGULAIR,SINGULAIR,NO,
SLEEP EZE,SLEEP EZE,NO,
SLIDENFANIL,SLIDENFANIL,NO,
SODIUM BICARBONATE 10 GR,SODIUM BICARBONATE 10 GR,NO,
SODIUM SULFACETAMIDE (CREAM FOR ROSASIA),SODIUM SULFACETAMIDE,NO,
AOLIFENACIN,SOLIFENACIN,NO,
SOLFIENACIN,SOLIFENACIN,NO,
SOLIFENACIN,SOLIFENACIN,NO,
SOLOCARTINE POTASSIUM,SOLOCARTINE POTASSIUM,NO,
SOLPADINE,SOLPADEINE,NO,
SOSORTHRIDEDIN,SOSORTHRIDEDIN,,
SOTALOL,SOTALOL,NO,
SPECTRAVITE,SPECTRAVITE,NO,
SPIRILOLACTONE,SPIRONOLACTONE,NO,
SPIRINOLACTONE,SPIRONOLACTONE,NO,
SPIROLACTOME,SPIRONOLACTONE,NO,
SPIROLACTONE,SPIRONOLACTONE,NO,
SPIROLDACTONE,SPIRONOLACTONE,NO,
SPIROLECTOME,SPIRONOLACTONE,NO,
SPIRONALACTONE,SPIRONOLACTONE,NO,
SPIRONOLACATE,SPIRONOLACTONE,NO,
SPIRONOLACTONE,SPIRONOLACTONE,NO,
STATIN,STATIN,NO,
STILIOTO,STIOLTO,NO,
STIOLTO,STIOLTO,NO,
STOOL SOFTENER,STOOL SOFTENER,NO,
STRONTIUM,STRONTIUM,NO,
SUB-LINGUAL ALLERGY DROPS,SUBLINGUAL ALLERGY DROP,NO,
SUBLINGUAL ALLERGY DROP,SUBLINGUAL ALLERGY DROP,NO,
SUCCINATE,SUCCINATE,NO,
SUCRALFATE,SUCRALFATE,NO,
SULFAMETHOXAZOLE,SULFAMETHOXAZOLE,NO,
SULFASALAZINE,SULFASALAZINE,NO,
IMITREX,SUMATRIPTAN,YES,
IMITREX / SUMATRIPTAN,SUMATRIPTAN,YES,
SUMATRIPIN,SUMATRIPTAN,YES,
SUMATRIPTAN,SUMATRIPTAN,YES,
SUMATRIPTAN SUCC,SUMATRIPTAN,YES,
SUMATRIPTAN? MIGRAINES,SUMATRIPTAN,YES,
ZUMATRITAN,SUMATRIPTAN,YES,
SYNTHEROID,SYNTHROID,NO,
SYNTHESIS,SYNTHROID,NO,
SYNTHRIOD,SYNTHROID,NO,
SYNTHROID,SYNTHROID,NO,
SYNTROID,SYNTHROID,NO,
SYTHROID,SYNTHROID,NO,
TACROLIMUS,TACROLIMUS,NO,
CIALIS,TADALAFIL,NO,
CILIAS,TADALAFIL,NO,
TADALAFIL,TADALAFIL,NO,
TADALAFIL (TABLET) CIALIS,TADALAFIL,NO,
TADALAPHIL,TADALAFIL,NO,
TALADEPHONE,TADALAFIL,NO,
TAMIFLU,TAMIFLU,NO,
TAMOXIFEN,TAMOXIFEN,NO,
TAMOXIFIN,TAMOXIFEN,NO,
FLOMAX,TAMSULOSIN,NO,
TAMBOLOSIN,TAMSULOSIN,NO,
TAMSOLOSOM,TAMSULOSIN,NO,
TAMSULOCIN,TAMSULOSIN,NO,
TAMSULOSIN,TAMSULOSIN,NO,
TAMSULOSIN HCL,TAMSULOSIN,NO,
TAMULOSIN,TAMSULOSIN,NO,
TANSOLOSIN,TAMSULOSIN,NO,
TIMSILOSUM,TAMSULOSIN,NO,
RAMSULOSIN HCL,TAMSULOSIN HCL,NO,
NUCYNTA,TAPENTADOL,YES,
TAVABOROLE,TAVABOROLE,NO,
TELMISARTAN,TELMISARTAN,NO,
TEMAZAPAN,TEMAZEPAM,YES,
TEMAZEPAM,TEMAZEPAM,YES,
TERAGIN,TERAZOSIN,NO,
TERASOZIN,TERAZOSIN,NO,
TERAZASIN,TERAZOSIN,NO,
TERAZOSIN,TERAZOSIN,NO,
TEROZASIN,TERAZOSIN,NO,
TERAZOSIN (HYTRIN),TERAZOSIN,NO,
LAMISIL,TERBINAFINE,NO,
TERBINAFINE,TERBINAFINE,NO,
TERBINAFINE HYDROCHLORIDE CREAM,TERBINAFINE HYDROCHLORIDE CREAM,NO,
AXIRON- TESTOSTERONE,TESTOSTERONE,NO,
TESTOSTERONE,TESTOSTERONE,NO,
TESTOSTERONE CYP,TESTOSTERONE ,NO,
TESTOSTERONE FV 1% HRT CREAM,TESTOSTERONE ,NO,
TESTOSTERONE GEL,TESTOSTERONE ,NO,
TOPICAL BIOIDENTICAL HORMONE CREAM (TESTOSTERONE),TESTOSTERONE CREAM,NO,
TETRACYCLINE,TETRACYCLINE,NO,
THEOPHYLLINE,THEOPHYLLINE,NO,
THARICAMIDE,THIAZAMIDE,NO,
THYROID (PORK),THYROID (PORK),NO,
NP THYROID,THYROID NP,NO,
BRILENTA,TICAGRELOR,NO,
BRILINTA,TICAGRELOR,NO,
TINIDAZOLE,TINIDAZOLE,NO,
SPIRIVA RESPIMAT,TIOTROPIUM,NO,
SPRIVA,TIOTROPIUM,NO,
TIZANIDINE,TIZANIDINE,YES,
TRIZADINE,TIZANIDINE,YES,
TIZANIDINE HCL,TIZANIDINE HCL,YES,
TOBRAMYCIN-DEXAMETHASONE (TOBRADEX),TOBRAMYCIN-DEXAMETHASONE,NO,
TOLTERODINE,TOLTERODINE,NO,
TOPIRAMATE,TOPIRAMATE,YES,
TOPOMAX,TOPIRAMATE,YES,
TORSEMIDE,TORSEMIDE,NO,
TRAMADOL,TRAMADOL,YES,
TRAMADON,TRAMADOL,YES,
TRAMODOL,TRAMADOL,YES,
TRAMADOL HCL,TRAMADOL HCL,YES,
TRANDOLAPRIL,TRANDOLAPRIL,NO,
DESYREL,TRAZODONE,YES,
TRADOZONE,TRAZODONE,YES,
TRAZADONE,TRAZODONE,YES,
TRAZEDOME,TRAZODONE,YES,
TRAZEDONE,TRAZODONE,YES,
TRAZIDONE,TRAZODONE,YES,
TRAZODONE,TRAZODONE,YES,
TRAZODONE TAB,TRAZODONE,YES,
TREZADONE,TRAZODONE,YES,
TRAZADONE HCL,TRAZODONE HCL,YES,
TRAZADONE HYDROCHLORIDE,TRAZODONE HCL,YES,
TRAZODONE HCI,TRAZODONE HCL,YES,
TRAZODONE HCL,TRAZODONE HCL,YES,
TRELEGY ELLIPTA,TRELEGY ELLIPTA,NO,
TRESIBA,TRESIBA,NO,
TRENTINOIN TOPICAL,TRETINOIN,NO,
TRETINOIN,TRETINOIN,NO,
TRETONOIN,TRETINOIN,NO,
TREXIMET,TREXIMET,NO,
KENALOG OINTMENT,TRIAMCINOLONE,NO,
TRIACINOLONE ACETONIDE,TRIAMCINOLONE,NO,
TRIAMCINOLONE,TRIAMCINOLONE,NO,
TRIAMCINOLONE (KENALOG),TRIAMCINOLONE,NO,
TRIAMCINOLONE ACETONIDE,TRIAMCINOLONE,NO,
"TRIAMCINOLONE ACETONIDE CREAM USP, 0.1%",TRIAMCINOLONE,NO,
TRIAMCINOLONE ACETONIDE OINTMENT,TRIAMCINOLONE,NO,
TRIAMCINOLONE LOTION,TRIAMCINOLONE,NO,
TRIMICOLONE,TRIAMCINOLONE,NO,
NASACORE,TRIAMCINOLONE ACETONIDE,NO,
NASACORT,TRIAMCINOLONE ACETONIDE,NO,
NASALCORT,TRIAMCINOLONE ACETONIDE,NO,
NASOCORT,TRIAMCINOLONE ACETONIDE,NO,
TRIAMETERINE,TRIAMTERENE,NO,
TRIAMTERENE,TRIAMTERENE,NO,
TRIAMTIRINE,TRIAMTERENE,NO,
TRIANTRINE,TRIAMTERENE,NO,
TRIAMT/HCTZ,TRIAMTERENE HCTZ,NO,
TRIAMT/HCTZ TAB,TRIAMTERENE HCTZ,NO,
TRIAMTERENE HCTZ,TRIAMTERENE HCTZ,NO,
TRIAMTERENE HYDROCHLOROTHIAZIDE,TRIAMTERENE HCTZ,NO,
TRIAMTERENE-HCTZ,TRIAMTERENE HCTZ,NO,
TRIAMTERENE-HCTZ 75,TRIAMTERENE HCTZ,NO,
TRIAMTERENE-HYDROCHLORATHIAZIDE,TRIAMTERENE HCTZ,NO,
TRIAMTERENE-HYDROCHLOROTHIAZIDE,TRIAMTERENE HCTZ,NO,
TRIAMTERENE/HCTZ,TRIAMTERENE HCTZ,NO,
TRIEMTERENE-HYDROCHLOROTHIAZIDE,TRIAMTERENE HCTZ,NO,
TRIPHROCAPS,TRIPHROCAPS,NO,
TRIPROLIDINE-PSEUDOEPHEDRINE (ANTIHISTAMINE),TRIPROLIDINE-PSEUDOEPHEDRINE,NO,
TROPAIN XL,TROPAN XL,NO,
TROSPIUM,TROSPIUM,NO,
TROSPIUM CH,TROSPIUM CHLORIDE,NO,
TROSPIUM CHLORIDE ER,TROSPIUM CHLORIDE XR,NO,
TRUVADA,TRUVADA,NO,
TUMS,TUMS,NO,
TUMERIC,TURMERIC,NO,
TURMERIC,TURMERIC,NO,
TURMERIC CU5CUMIN,TURMERIC CURCUMIN,NO,
TURMERIC CURCUMIN,TURMERIC CURCUMIN,NO,
ULTRACET,ULTRACET,NO,
URI VARX,URIVARX,NO,
STELLARA,USTEKINUMAB,NO,
ICVALACYCLOVIR (VALTREX),VALACYCLOVIR,NO,
VALACYCLOVIR,VALACYCLOVIR,NO,
VALACYCLOVYR,VALACYCLOVIR,NO,
VALANCYCLOVIR,VALACYCLOVIR,NO,
VALCYCLOVIR,VALACYCLOVIR,NO,
VALTREX,VALACYCLOVIR,NO,
VALYCLOVIR,VALACYCLOVIR,NO,
VALACYCLOVIR HCL,VALACYCLOVIR HCL,NO,
VALIUM,VALIUM,YES,
VALASARTAN,VALSARTAN,NO,
VALSARTAIN,VALSARTAN,NO,
VALSARTAN,VALSARTAN,NO,
VALSARTEN,VALSARTAN,NO,
VALSARTIN,VALSARTAN,NO,
VALSARTON,VALSARTAN,NO,
VALSATOR,VALSARTAN,NO,
VALSTARTAN,VALSARTAN,NO,
VALSARTAN AND HYDROCLOROTHIAZIDE,VALSARTAN AND HYDROCLOROTHIAZIDE,NO,
VALSARTAN HCTZ,VALSARTAN HCTZ,NO,
VALSARTAN-HCTZ,VALSARTAN HCTZ,NO,
VELAVITRUM,VELAVITRUM,NO,
EFFEXOR,VENLAFAXINE,YES,
VENAFAXINE,VENLAFAXINE,YES,
VENLAFAXINE,VENLAFAXINE,YES,
VENLOFAXINE,VENLAFAXINE,YES,
EFFEXOR XR,VENLAFAXINE XR,YES,
VENLAFAXINE ER,VENLAFAXINE XR,YES,
VERSTASIS,VERAMYST,NO,
BERAPAMIL,VERAPAMIL,NO,
VERAPAMIL,VERAPAMIL,NO,
VERAPAMIL ER,VERAPAMIL XR,NO,
VIBEGRON,VIBEGRON,NO,
VILAZODONE,VILAZODONE,YES,
VIVILLE DOT,VIVILLE DOT,NO,
VOLTAREN,VOLTAREN,NO,
VOLTARIN,VOLTAREN,NO,
VOLTAREN GEL,VOLTAREN GEL,NO,
TRINTELLEX,VORTIOXETINE,YES,
VORTIOXETINE,VORTIOXETINE,YES,
W-BIEST 50/50 PROG,W-BIEST 50/50 PROG,NO,
COUMADIN,WARFARIN,NO,
JANTOVEN,WARFARIN,NO,
WAFARIN,WARFARIN,NO,
WARFARAN,WARFARIN,NO,
WARFARIM,WARFARIN,NO,
WARFARIN,WARFARIN,NO,
WARFARIN SOD,WARFARIN SODIUM,NO,
WARFARIN SODIUM,WARFARIN SODIUM,NO,
XIIDRA,XIIDRA,NO,
XOPENEX INHALER,XOPENEX INHALER,NO,
XYOSTED,XYOSTED,NO,
YAZMIN,YASMIN,NO,
YAZ,YAZ,NO,
YEAST INFECTION MEDICATION,YEAST INFECTION MEDICATION,NO,
SONATA,ZALEPLON,YES,
ZALELPON,ZALEPLON,NO,
ZALEPLON,ZALEPLON,NO,
ZOLEDRONIC ACID,ZOLEDRONIC ACID,NO,
AMBIAN,ZOLPIDEM,YES,
AMBIEN,ZOLPIDEM,YES,
ZOLPEDAN,ZOLPIDEM,YES,
ZOLPIDEM,ZOLPIDEM,YES,
AMBIEN CR,ZOLPIDEM CR,YES,
ZOLPIDEM TARTRATE,ZOLPIDEM TARTRATE,YES,
ZOSTAVAX,ZOSTAVAX,NO,
[UNKNOWN ALLERGY MEDICATION],,NO,
"[UNKNOWN, OVER THE COUNTER VIETNAMESE SUPPLEMENT FOR JOINT HEALTH]",,NO,
NOTHING ELSE,,NO,
DO NOT KNOW,,,