'ALLEGY':'**ALLERGY/ANTIHISTAMINE'
'[UNKNOWN ALLERGY MEDICATION]':'**ALLERGY/ANTIHISTAMINE'
'ALLERGY':'**ALLERGY/ANTIHISTAMINE'
'ALLERGY NASAL SPRAY':'**ALLERGY/ANTIHISTAMINE'
'ALLERGY INJECTIONS':'**ALLERGY/ANTIHISTAMINE'
'ALLERGY SHOT':'**ALLERGY/ANTIHISTAMINE'
'ALLERGY SHOTS':'**ALLERGY/ANTIHISTAMINE'
'ALLERGY SHOTS FOR TREE, GRASS, AND WEED POLLEN':'**ALLERGY/ANTIHISTAMINE'
'SEASONAL ALLERGY SHOT':'**ALLERGY/ANTIHISTAMINE'
'ANTI-HISTAMINE':'**ALLERGY/ANTIHISTAMINE'
'ANTIHISTAMINE':'**ALLERGY/ANTIHISTAMINE'
'GENERIC ALLERGY PILL':'**ALLERGY/ANTIHISTAMINE'
'NASAL DECONGESTANT':'**ALLERGY/ANTIHISTAMINE'
'NASAL SPRAY':'**ALLERGY/ANTIHISTAMINE'
'NASAL SPRAY 24HR ALLERGY':'**ALLERGY/ANTIHISTAMINE'
'SUB-LINGUAL ALLERGY DROPS':'**ALLERGY/ANTIHISTAMINE'
'SUBLINGUAL ALLERGY DROP':'**ALLERGY/ANTIHISTAMINE'
'ABIRADERONE':'ABIRATERONE'
'ARIMIDEX':'ANASTRAZOLE'
'BIODENTICAL HORMONES':'BIOIDENTICAL HORMONES'
'ANTICONCEPCIONAL':'BIRTH CONTROL'
'BIRTH CONTROL':'BIRTH CONTROL'
'BIRTH CONTROL : ORSYTHIA':'BIRTH CONTROL'
'BIRTH CONTROL (DOESN'T KNOW NAME)':'BIRTH CONTROL'
'BIRTH CONTROL PILL':'BIRTH CONTROL'
'BIRTH CONTROL PILLS':'BIRTH CONTROL'
'CONTRACEPTIVE FOR ACNE.':'BIRTH CONTROL'
'ORAL CONTRACEPTIVE':'BIRTH CONTROL'
'PATCH FOR BIRTH CONTROL':'BIRTH CONTROL'
'CHATEAL':'CHATEAL'
'DROSPIRENONE':'DROSPIRENONE'
'ESTADIOL':'ESTRADIOL'
'ESTRACE':'ESTRADIOL'
'ESTRADIOL':'ESTRADIOL'
'ESTRADIOL 0.01%':'ESTRADIOL'
'ESTRADIOL 0.01% CREA':'ESTRADIOL'
'ESTRADIOL VAGINAL CREAM':'ESTRADIOL'
'TOPICAL BIOIDENTICAL HORMONE CREAM (ESTRADIOL)':'ESTRADIOL'
'VAGAGIN? ESTRAIDIOL':'ESTRADIOL'
'TRANSDERMAL ESTRADIOL':'ESTRADIOL'
'ESTRADIOL PATCH':'ESTRADIOL'
'ESTRADIOL TRANSDERMAL SYSTEM':'ESTRADIOL'
'ESTRADIOL VAGINAL RING (ESTRING)':'ESTRADIOL'
'ESTRING':'ESTRADIOL'
'W-BIEST 50/50 PROG':'ESTRIOL/ESTRADIOL/PROGESTERONE'
'ESTRIOL/EESTRADIOL/TESTOSTERONE':'ESTRIOL/ESTRADIOL/TESTOSTERONE'
'ESTRIOL PROGESTERONE':'ESTRIOL/PROGESTERONE'
'ESTROGEN':'ESTROGEN'
'ESTROGEN PATCH':'ESTROGEN'
'ESTROPIPATE':'ESTROGEN'
'VIVILLE DOT':'ESTROGEN'
'ENSKYCE':'ETHINYL ESTRADIOL'
'APRI':'ETHINYL ESTRADIOL/DESOGESTREL'
'ISIBLOOM':'ETHINYL ESTRADIOL/DESOGESTREL'
'ALESSE':'ETHINYL ESTRADIOL/LEVONORGESTREL'
'AVIANE':'ETHINYL ESTRADIOL/LEVONORGESTREL'
'ESTARYLLA':'ETHINYL ESTRADIOL/LEVONORGESTREL'
'FALMINA':'ETHINYL ESTRADIOL/LEVONORGESTREL'
'JUNE-FE':'ETHINYL ESTRADIOL/LEVONORGESTREL'
'JUNEL FE':'ETHINYL ESTRADIOL/LEVONORGESTREL'
'KARIVA BIRTH CONTROL':'ETHINYL ESTRADIOL/LEVONORGESTREL'
'KURVELO (LEVONORGESTREL AND ETHINYL ESTRADIOL TABLETS USP)':'ETHINYL ESTRADIOL/LEVONORGESTREL'
'LARIN FE BIRTH CONTROL':'ETHINYL ESTRADIOL/LEVONORGESTREL'
'LEVORA (BIRTH CONTROL)':'ETHINYL ESTRADIOL/LEVONORGESTREL'
'LEVORA 28':'ETHINYL ESTRADIOL/LEVONORGESTREL'
'MONESSA 28':'ETHINYL ESTRADIOL/LEVONORGESTREL'
'MONESSA 28S':'ETHINYL ESTRADIOL/LEVONORGESTREL'
'YAZ':'ETHINYL ESTRADIOL/LEVONORGESTREL/DROSPIRENONE'
'YAZMIN':'ETHINYL ESTRADIOL/LEVONORGESTREL/DROSPIRENONE'
'SPRINTEC 28':'ETHINYL ESTRADIOL/NORGESTIMATE'
'SPRINTEC 28 (NORGESTIMATE; ETHINYL ESTRADIOL)':'ETHINYL ESTRADIOL/NORGESTIMATE'
'SPRINTEC 28 DAY TABLET':'ETHINYL ESTRADIOL/NORGESTIMATE'
'TRI-ESTARYLLA':'ETHINYL ESTRADIOL/NORGESTIMATE'
'TRI-LO-SPRINTEC':'ETHINYL ESTRADIOL/NORGESTIMATE'
'TRILOSPRINTEC':'ETHINYL ESTRADIOL/NORGESTIMATE'
'TRINESSA':'ETHINYL ESTRADIOL/NORGESTIMATE'
'ORTHO':'ETHINYL ESTRADIOL/NORGESTIMATE'
'ORTHO LO':'ETHINYL ESTRADIOL/NORGESTIMATE'
'ORTHO TRI CYCLEN':'ETHINYL ESTRADIOL/NORGESTIMATE'
'ORTHO TRI CYCLEN LO':'ETHINYL ESTRADIOL/NORGESTIMATE'
'ALYACEN NORETHINDRONE':'ETHINYL ESTRADIOL/NOROTHINDRONE ACETATE'
'ESTRADIOL NORETHINDRONE ACETATE (ESTROGEN & PROGESTERONE COMBINATION)':'ETHINYL ESTRADIOL/NOROTHINDRONE ACETATE'
'ESTRADIOL-NORETHINDRONE':'ETHINYL ESTRADIOL/NOROTHINDRONE ACETATE'
'BLISOVI':'ETHINYL ESTRADIOL/NOROTHINDRONE ACETATE'
'BLISOVI FE':'ETHINYL ESTRADIOL/NOROTHINDRONE ACETATE'
'BLISOVIAFE':'ETHINYL ESTRADIOL/NOROTHINDRONE ACETATE'
'JUNEL':'ETHINYL ESTRADIOL/NOROTHINDRONE ACETATE'
'NORETHINDRONE ACETATE AND ETHANOL ESTRADIOL':'ETHINYL ESTRADIOL/NOROTHINDRONE ACETATE'
'NORETHINDRONE ACETATE ETHINYL ESTRADIOL':'ETHINYL ESTRADIOL/NOROTHINDRONE ACETATE'
'ANTIHYPERTENSIVE':'**BLOOD PRESSURE'
'BLOOD PRESSURE':'**BLOOD PRESSURE'
'HIGH BLOOD PRESSURE MED':'**BLOOD PRESSURE'
'AREDS':'**EYE'
'EYE DROP':'**EYE'
'EYE DROPS':'**EYE'
'EYE GUARD PLUS':'**EYE'
'INJECTION FOR MACULAR DEGENERATION':'**EYE'
'PRESERVISION':'**EYE'
'PRESERVISION AREDS 2':'**EYE'
'PRESERVISION AREDS2':'**EYE'
'PROMACLU':'**EYE'
'CIMERLI':'**EYE'
'SALINE EYE DROPS':'**EYE'
'ZIOPTAN EYE DROPS':'**EYE'
'ACULAR':'**EYE ALLERGY'
'ALAWAY':'**EYE ALLERGY'
'ZADITOR':'**EYE ALLERGY'
'OLOPATADINE':'**EYE ALLERGY'
'OLOPATADINE (ALLERGY EYE DROPS)':'**EYE ALLERGY'
'OLOPATADINE HCL':'**EYE ALLERGY'
'PAT-A-DAY':'**EYE ALLERGY'
'PATADAY':'**EYE ALLERGY'
'PATANASE':'**EYE ALLERGY'
'BRIMODONINE':'**EYE GLAUCOMA'
'BRIMONICLINE':'**EYE GLAUCOMA'
'BRIMONIDINE':'**EYE GLAUCOMA'
'BRIMONIDINE TARTRATE':'**EYE GLAUCOMA'
'COMBIGAN':'**EYE GLAUCOMA'
'DOZOLAMIDE':'**EYE GLAUCOMA'
'LU MGAN EYE DROPS':'**EYE GLAUCOMA'
'LUMIGAN':'**EYE GLAUCOMA'
'LUMIGAN DROPS':'**EYE GLAUCOMA'
'LUMIGAN EYEDROPS':'**EYE GLAUCOMA'
'LUMINANCE OPHTHALMIC':'**EYE GLAUCOMA'
'AZOPT':'**EYE GLAUCOMA'
'AZOPT EYE DROPS':'**EYE GLAUCOMA'
'BRINZOLAMIDE-BRIMONIDINE OPHTHALMIC':'**EYE GLAUCOMA'
'COSOPT':'**EYE GLAUCOMA'
'DORZOLAMIDE':'**EYE GLAUCOMA'
'DORZOLAMIDE (TIMOLOL)':'**EYE GLAUCOMA'
'DORZOLAMIDE 22.3/TIMOLOL 6.8 MG':'**EYE GLAUCOMA'
'DORZOLAMIDE HCI':'**EYE GLAUCOMA'
'DORZOLAMIDE HCL AND TIMOLOL MALEATE EYE DROP':'**EYE GLAUCOMA'
'DORZOLAMIDE HCL TIMOLOL MALEATE OPRITHALMIC SOLUTION':'**EYE GLAUCOMA'
'DORZOLAMIDE HYDROCHLORIDE AND TIMOLOL MALEATE OPHTHALMIC SOLUTION':'**EYE GLAUCOMA'
'DORZOLAMIDE-TIMOLOL':'**EYE GLAUCOMA'
'DORZOLAMIDE/TIMOLOL':'**EYE GLAUCOMA'
'DORZOLAMIND HCL':'**EYE GLAUCOMA'
'DORZOLAMINE':'**EYE GLAUCOMA'
'TRUSOPT':'**EYE GLAUCOMA'
'OTC EYE DROPS FOR GLAUCOMA':'**EYE GLAUCOMA'
'LANIPROST':'**EYE GLAUCOMA'
'LANTANOPROST':'**EYE GLAUCOMA'
'LANTANOPROST OPHTHALMIC SOLUTION':'**EYE GLAUCOMA'
'LATANA PROST EYE DROPS':'**EYE GLAUCOMA'
'LATANAPROST':'**EYE GLAUCOMA'
'LATANIPROL':'**EYE GLAUCOMA'
'LATANIPROST':'**EYE GLAUCOMA'
'LATANOPROST':'**EYE GLAUCOMA'
'LATANOPROST (XALATAN)':'**EYE GLAUCOMA'
'LATANOPROST (XALATAN) 0.005% OPHT.':'**EYE GLAUCOMA'
'LATANOPROST 0.005%':'**EYE GLAUCOMA'
'LATANOPROST 0.005% EYE DROPS':'**EYE GLAUCOMA'
'LATANOPROST EYE DROP':'**EYE GLAUCOMA'
'LATANOPROST EYE DROPS':'**EYE GLAUCOMA'
'LATANOPROST OP':'**EYE GLAUCOMA'
'LATANOPROST OP SOLUTION':'**EYE GLAUCOMA'
'LATANOPROST OPHTHALMIC SOLUTION':'**EYE GLAUCOMA'
'LATANOPROST OPHTHALMIC SOLUTION 0.005%':'**EYE GLAUCOMA'
'LATANOPROST OPTHSOIN':'**EYE GLAUCOMA'
'LATANOPROST SOL':'**EYE GLAUCOMA'
'LATANOPROST SOL 0.005%':'**EYE GLAUCOMA'
'LATANOPROST SOLUTION 0.00%':'**EYE GLAUCOMA'
'LATARIOPROST OPHTHALMIC SOLUTION':'**EYE GLAUCOMA'
'LATINOPROSE':'**EYE GLAUCOMA'
'LATONOPROST':'**EYE GLAUCOMA'
'XALATAN 0.005% EYE DROPS':'**EYE GLAUCOMA'
'VYZULTA':'**EYE GLAUCOMA'
'VYZULTA EYE DROPS':'**EYE GLAUCOMA'
'PILOCARPINE':'**EYE GLAUCOMA'
'PILOCARPINE HCL':'**EYE GLAUCOMA'
'PILOCARPINE HYDROCHLORIDE OPHTHALMIC':'**EYE GLAUCOMA'
'SIMBRINZA':'**EYE GLAUCOMA'
'SIMBRINZA (BRINZOLAMIDE/BRIMONIDINE TARTRATE OPHTHALMIC SUSPENSION) 1.0 2%':'**EYE GLAUCOMA'
'SIMBRINZA 1.0 2%':'**EYE GLAUCOMA'
'TIMOLO MALEATE':'**EYE GLAUCOMA'
'TIMOLOD':'**EYE GLAUCOMA'
'TIMOLOL':'**EYE GLAUCOMA'
'TIMOLOL DROPS':'**EYE GLAUCOMA'
'TIMOLOL EYE DROP':'**EYE GLAUCOMA'
'TIMOLOL EYE DROPS':'**EYE GLAUCOMA'
'TIMOLOL MAL 0.5%':'**EYE GLAUCOMA'
'TIMOLOL MALEATE':'**EYE GLAUCOMA'
'TIMOLOL MALEATE (TIMOPTIC) 0.5% OPHT.':'**EYE GLAUCOMA'
'TIMOLOL MALEATE 0.5% EYE DROPS':'**EYE GLAUCOMA'
'TIMOLOL MOLEATE':'**EYE GLAUCOMA'
'TIMOLOL MOLESTE OPHTHALMIC':'**EYE GLAUCOMA'
'TIMOLOL OPHTHALMIC':'**EYE GLAUCOMA'
'TIMOLOL OPHTHALMIC SOLUTION':'**EYE GLAUCOMA'
'TIMOLOL OPTHALMIC':'**EYE GLAUCOMA'
'TIMOLOL-DORZOLAMIDE-BIMATOPROST':'**EYE GLAUCOMA'
'TIMOLOT MAL OPTH SOL':'**EYE GLAUCOMA'
'TRAVATAN':'**EYE GLAUCOMA'
'TRAVATAN Z':'**EYE GLAUCOMA'
'TRAVOPROST':'**EYE GLAUCOMA'
'TRAVOPROST OPTHALMIC':'**EYE GLAUCOMA'
'LEVOBUNOLOL':'**EYE GLAUCOMA'
'LEVOBUNOLOL HCL':'**EYE GLAUCOMA'
'RHOPRESSA':'**EYE GLAUCOMA'
'EYE DROPS (LUBRICANT)':'**EYE LUBRICANTS'
'EYE DROPS FOR DRY EYES':'**EYE LUBRICANTS'
'LUBRICANT EYE DROP':'**EYE LUBRICANTS'
'LUBRICATING EYE DROPS':'**EYE LUBRICANTS'
'ALTAIRE LUBRICANT EYE DROPS':'**EYE LUBRICANTS'
'ARTIFICIAL TEARS':'**EYE LUBRICANTS'
'AVENOVA':'**EYE LUBRICANTS'
'OTC HYDRATING EYE DROPS':'**EYE LUBRICANTS'
'CARBOXYMETHYLCELLULOSE (REFRESH PLUS)':'**EYE LUBRICANTS'
'CARBOXYMETHYLCELLULOSE SODIUM OPTHAIMIC':'**EYE LUBRICANTS'
'MURO 128 5%':'**EYE LUBRICANTS'
'MURO 128 EYEDROPS':'**EYE LUBRICANTS'
'PEG 400 / PROP GLYCOL / OPH':'**EYE LUBRICANTS'
'REFRESH CELLUVISC':'**EYE LUBRICANTS'
'REFRESH EYE DROPS':'**EYE LUBRICANTS'
'REFRESH EYEDROPS':'**EYE LUBRICANTS'
'REFRESH TEARS':'**EYE LUBRICANTS'
'RESTASIS':'**EYE LUBRICANTS'
'RESTASIS CYCLOSPORINE':'**EYE LUBRICANTS'
'RESTASIS EYE DROPS':'**EYE LUBRICANTS'
'RESTASIS EYE EMULSION':'**EYE LUBRICANTS'
'SYSTANE':'**EYE LUBRICANTS'
'SYSTANE EYE DROPS':'**EYE LUBRICANTS'
'VISINE EYE DROPS':'**EYE LUBRICANTS'
'GENTEAL':'**EYE LUBRICANTS'
'HYPROMELLOSE':'**EYE LUBRICANTS'
'OCCUVITE':'**EYE LUBRICANTS'
'OCUVITE':'**EYE LUBRICANTS'
'OPTI FREE PURE MOIST':'**EYE LUBRICANTS'
'XIIDRA':'**EYE LUBRICANTS'
'DUREZOL':'**EYE STEROIDS'
'PREDNISOLONE':'**EYE STEROIDS'
'PREDNISOLONE ACETATE':'**EYE STEROIDS'
'PREDNISOLONE ACETATE 1%':'**EYE STEROIDS'
'PREDNISOLONE ACETATE OPHTHALMIC DROPS':'**EYE STEROIDS'
'PREDNISOLONE EYE DROPS':'**EYE STEROIDS'
'NEW-POLYN-DEXAMET EYE OINTMENT':'**EYE STEROIDS'
'TOBRAMYCIN-DEXAMETHASONE (TOBRADEX)':'**EYE STEROIDS'
'NORINYL':'ETHINYL ESTRADIOL/NOROTHINDRONE ACETATE'
'HORMONE REPLACEMENT':'HORMONE REPLACEMENT'
'HORMONE REPLACEMENT CREAM':'HORMONE REPLACEMENT'
'IUD':'IUD'
'IUD MIRENA':'IUD'
'MIRENA':'IUD'
'MIRENA IUD':'IUD'
'LO LOESTRINE BIRTH CONTROL':'LOESTRIN'
'LO-ESTRIN':'LOESTRIN'
'LO-LOESTRIN':'LOESTRIN'
'LOESTRIN':'LOESTRIN'
'LOPREEZA':'LOPREEZA'
'IC MEDROXYPROGESTERONE':'MEDROXYPROGESTERONE'
'MEDROXYPROGESTERONE':'MEDROXYPROGESTERONE'
'DEPO PROVERA':'MEDROXYPROGESTERONE'
'DEPO SHOT':'MEDROXYPROGESTERONE'
'DEPO-PROVERA':'MEDROXYPROGESTERONE'
'DEPROSHOT':'MEDROXYPROGESTERONE'
'DEPROVERA':'MEDROXYPROGESTERONE'
'MICROGESTIN':'MICROGESTIN'
'MILI (BIRTH CONTROL PILL)':'MILI'
'MONO-LINYAH':'MONO-LINYAH'
'NORETHIM':'NORETHINDRONE'
'NORETHINDRONE':'NORETHINDRONE'
'NUVARING':'NUVARING'
'OPILL':'OPILL'
'PREMARIN CREAM':'PREMARIN CREAM'
'PREMARIN VAGINAL CREAM':'PREMARIN CREAM'
'PREMERAIN CREAM':'PREMARIN CREAM'
'PEMPRO':'PREMPRO'
'PREMPRO':'PREMPRO'
'PREMPRO (ESTROGEN, CONJUGATED, -MEDROXYPROGESTERONE)':'PREMPRO'
'PRIMELLA':'PRIMELLA'
'PROGESTERONE':'PROGESTERONE'
'PROGESTERONE PILL':'PROGESTERONE'
'TOPICAL BIOIDENTICAL HORMONE CREAM (PROJESTERONE)':'PROGESTERONE'
'PROGESTERONE-ONLY BIRTH CONTROL PILL':'PROGESTERONE'
'PROGESTERONE ESTROGEN':'PROGESTERONE/ESTROGEN'
'NEXPLANAN':'PROGESTIN'
'NEXPLANON':'PROGESTIN'
'PROMETRIUM':'PROMETRIUM'
'RECLIPSIN':'RECLIPSEN'
'ACTUATION INHALER':'**INHALER'
'ASTHMA MEDICATION':'**INHALER'
'INHALER':'**INHALER'
'INHALER (ASTHMA)':'**INHALER'
'INHELER':'**INHALER'
'RESCUE ASTHMA INHALER':'**INHALER'
'RESCUE INHALER':'**INHALER'
'ATROPINE SULFATE':'**MISC'
'SODIUM CHLORIDE 7% NEBULIZER':'**MISC'
'CABERGOLINE':'**MISC'
'MEDICAL CANNABIS':'**MISC'
'DUKORAL':'**MISC'
'CANDIDA ANTIGEN':'**N/A'
'VICKS VAPORUB TOPICAL OINTMENT':'**N/A'
'MENTHOL RUB FOR MUSCLE SORENESS':'**N/A'
'MOUTH WASH':'**N/A'
'ELI MED NASAL RINSE':'**N/A'
'SALINE NASAL SPRAY':'**N/A'
'NOTHING ELSE':'**N/A'
'BLOOD SUGAR DIAGNOSTIC (STRIP) ONETOUCH ULTRA BLUE TEST STRIP':'**N/A'
'BLOOD- GLUCOSE METER':'**N/A'
'DME BI LEVEL PAP':'**N/A'
'CPAP':'**N/A'
'SALAGEN':'**N/A'
'TAZAROTENE':'**SKIN'
'FLUOROURACIL CREAM':'**SKIN'
'FLUOSOIACIL CREAM':'**SKIN'
'ACCUTANE':'**SKIN'
'ACUTANE':'**SKIN'
'ACNE CREAM':'**SKIN ACNE'
'ACNE MEDICASTION':'**SKIN ACNE'
'ACNE MEDICATION CREAM FORM':'**SKIN ACNE'
'ACNE MEDICINE':'**SKIN ACNE'
'EPIDUO':'**SKIN ACNE'
'ADAPALENE CREAM':'**SKIN ACNE'
'ADAPOLENE':'**SKIN ACNE'
'ADAPOLENE TOPICAL':'**SKIN ACNE'
'DIFFERIN':'**SKIN ACNE'
'DIFFERN, CLINDAMYCIN':'**SKIN ACNE'
'BENZOPOROXIDE':'**SKIN ACNE'
'BENZOYLIC 5% ACNE SALVE':'**SKIN ACNE'
'RETAIN A CREAM':'**SKIN ACNE'
'RETIN A CREAM':'**SKIN ACNE'
'RETIN-A CREAM':'**SKIN ACNE'
'RETINOL CREAM':'**SKIN ACNE'
'TRENTINOIN FACE CREAM':'**SKIN ACNE'
'TRENTINOIN TOPICAL':'**SKIN ACNE'
'TRETINOIN':'**SKIN ACNE'
'TRETONOIN':'**SKIN ACNE'
'CLINDAMYCIN PHOSPHATE (GEL) CLEOCIN-T':'**SKIN ANTIBIOTIC'
'ACNE MEDICATION (DOXYCYCLIN)':'**SKIN ANTIBIOTIC'
'PREP':'PREP'
'NEOMYCIN':'**SKIN ANTIBIOTIC'
'NEOMYCIN-POLYMYXIN-DEXAMETHAMETHASONE':'**SKIN ANTIBIOTIC'
'MUPIROCIN (NYSTATIN CREAM)':'**SKIN ANTIBIOTIC'
'MUPIROCIN OINTMENT':'**SKIN ANTIBIOTIC'
'NYSTATIN':'**SKIN ANTIBIOTIC'
'NYSTATIN CREAM':'**SKIN ANTIBIOTIC'
'NYSTATIN AND TRIAMCINOLONE ACETONIDE CREAM':'**SKIN ANTIBIOTIC'
'NYSTATIN-TRIAMCINOLONE CREAM':'**SKIN ANTIBIOTIC'
'TAVABOROLE':'**SKIN ANTIFUNGAL'
'NIZORAL':'**SKIN ANTIFUNGAL'
'TOLNAFTE SPRAY':'**SKIN ANTIFUNGAL'
'YEAST INFECTION MEDICATION':'**SKIN ANTIFUNGAL'
'ANTIFUNGAL TOPICAL LIQUID FOR ATHLETES FOOT':'**SKIN ANTIFUNGAL'
'CALCIPOTRIENE':'**SKIN ANTIFUNGAL'
'CICLOPIRAX':'**SKIN ANTIFUNGAL'
'CICLOPIROX OLAMINE CREAM':'**SKIN ANTIFUNGAL'
'CLOTRIMIZOLE':'**SKIN ANTIFUNGAL'
'CLOTRIMAZOLE-BETAMETHASONE':'**SKIN ANTIFUNGAL'
'KETOCONAZOLE':'**SKIN ANTIFUNGAL'
'KETOCONAZOLE SHAMPOO':'**SKIN ANTIFUNGAL'
'KETOKONASAL':'**SKIN ANTIFUNGAL'
'KETOKONZAZOLE':'**SKIN ANTIFUNGAL'
'LAMISIL':'**SKIN ANTIFUNGAL'
'TERBINAFINE':'**SKIN ANTIFUNGAL'
'TERBINAFINE HYDROCHLORIDE CREAM':'**SKIN ANTIFUNGAL'
'ACYCLOVIR OINTMENT':'**SKIN ANTIVIRAL'
'ACYCLOVIR SALVE':'**SKIN ANTIVIRAL'
'ACYCLOVIR SALVE COLD SORES':'**SKIN ANTIVIRAL'
'DOCOSANOL':'**SKIN ANTIVIRAL'
'ANTI-INFLAMATORY CREAM':'**SKIN OTHER'
'A ANTISCARRING ACNE SALVE':'**SKIN OTHER'
'AQUAPHOR HEALING OINTMENT':'**SKIN OTHER'
'CORTISONE CREAM':'**SKIN OTHER'
'CUROLOGY':'**SKIN OTHER'
'CUTIMOL (FOR FINGER NAILS)':'**SKIN OTHER'
'ECZEMA CREAM':'**SKIN OTHER'
'ECZEMA MEDICATION':'**SKIN OTHER'
'SMZ/TMP':'TRIMETHOPRIM-SULFAMETHOXAZOLE'
'PHROPECIA':'**SKIN OTHER'
'PROPECIA':'**SKIN OTHER'
'HAIR, SKIN, & NAILS WITH BIOTIN':'**SKIN OTHER'
'NEURO QUELL':'**SKIN OTHER'
'ROSACEA CREAM':'**SKIN OTHER'
'SODIUM SULFACETAMIDE':'**SKIN OTHER'
'SODIUM SULFACETAMIDE (CREAM FOR ROSASIA)':'**SKIN OTHER'
'ZOSTAVAX':'ZOSTAVAX'
'BETAMETHASONE DIPROPIONATE AUG (DIPROLENE) TOPICAL CREAM 0.05%':'**SKIN STEROID'
'BETAMETHAZONE OINTMENT FOR UNRETRACTED FORESKIN':'**SKIN STEROID'
'CLABETASOL':'**SKIN STEROID'
'CLEBETASOL PRIOPIONATE CREAM':'**SKIN STEROID'
'CLOBETASOL':'**SKIN STEROID'
'CLOBETASOL PROPIONATE':'**SKIN STEROID'
'CLOBETASOL PROPIONATE CREAM USP 0.05%':'**SKIN STEROID'
'CLOBETASOL PROPIONATE OINTMENT USP':'**SKIN STEROID'
'CLOBETASON PROPION CR':'**SKIN STEROID'
'DESONIDE':'**SKIN STEROID'
'DESONIDE (CREAM FOR ROSASIA)':'**SKIN STEROID'
'DESONIDE LOTION':'**SKIN STEROID'
'FLUTICASONE PROPIONATE CREAM':'**SKIN STEROID'
'HYDROCORTISONE':'**SKIN STEROID'
'HYDROCORTISONE CREAM':'**SKIN STEROID'
'HYDROCORTISONE OINTMENT':'**SKIN STEROID'
'HYDROCORTISONE RECTAL CREAM':'**SKIN STEROID'
'HYDROCORTIZONE':'**SKIN STEROID'
'KENALOG OINTMENT':'**SKIN STEROID'
'TRIACINOLONE ACETONIDE':'**SKIN STEROID'
'TRIAMCINOLONE':'**SKIN STEROID'
'TRIAMCINOLONE (KENALOG)':'**SKIN STEROID'
'TRIAMCINOLONE ACETONIDE':'**SKIN STEROID'
'TRIAMCINOLONE ACETONIDE CREAM USP, 0.1%':'**SKIN STEROID'
'TRIAMCINOLONE ACETONIDE OINTMENT':'**SKIN STEROID'
'TRIAMCINOLONE LOTION':'**SKIN STEROID'
'TRIMICOLONE':'**SKIN STEROID'
'ASPARACEDONE':'**UNKNOWN'
'CRION':'**UNKNOWN'
'DEEPSEA':'**UNKNOWN'
'DG':'**UNKNOWN'
'DIGESTIVE':'**UNKNOWN'
'DIGESTIVE ENZYME':'**UNKNOWN'
'EVANDERPANE':'**UNKNOWN'
'FOR BACTERIAL INFECTION':'**UNKNOWN'
'LIVERDA':'**UNKNOWN'
'MENOPROAL':'**UNKNOWN'
'MENTROPAL':'**UNKNOWN'
'METAPHETOPINE':'**UNKNOWN'
'MOOD':'**UNKNOWN'
'PAIN MEDICATION TA':'**UNKNOWN'
'PREVIDENT':'**UNKNOWN'
'PROMANTA':'**UNKNOWN'
'SOLOCARTINE POTASSIUM':'**UNKNOWN'
'SOSORTHRIDEDIN':'**UNKNOWN'
'SUCCINATE':'**UNKNOWN'
'[UNKNOWN, OVER THE COUNTER VIETNAMESE SUPPLEMENT FOR JOINT HEALTH]':'**UNKNOWN'
'DO NOT KNOW':'**UNKNOWN'
'VERSTASIS':'**UNKNOWN'
'LASIK':'**UNKNOWN'
'ACETAMINOPHEN':'ACETAMINOPHEN'
'ACETOMETAPHINE':'ACETAMINOPHEN'
'TYLENOL':'ACETAMINOPHEN'
'TYLENOL ARTHRITIS':'ACETAMINOPHEN'
'X-TYLENOL':'ACETAMINOPHEN'
'ACETAMINOPHEN RAPID RELEASE':'ACETAMINOPHEN'
'ACETAMINOPHEN-DIPHENHYDRAMINE':'ACETAMINOPHEN'
'TYLENOL PM':'ACETAMINOPHEN'
'DAYQUIL':'ACETAMINOPHEN'
'EQUATE':'ACETAMINOPHEN'
'EXTRA STRENGTH TYLENOL':'ACETAMINOPHEN'
'SOLPADINE':'ACETAMINOPHEN'
'FIOROCET':'ACETAMINOPHEN/BUTALBITAL/CAFFEINE'
'ACYCLOVIR':'ACYCLOVIR'
'ACYCLOVIR PILLS':'ACYCLOVIR'
'ZOVIRAX':'ACYCLOVIR'
'HUMIRA':'ADALIMUMAB'
'AFIBERCEPT':'AFLIBERCEPT'
'AFLIBERCEPT':'AFLIBERCEPT'
'ABBUTERAL':'ALBUTEROL'
'ABUTEROL':'ALBUTEROL'
'ABUTEROL (INHALER)':'ALBUTEROL'
'ALBETEROL':'ALBUTEROL'
'ALBURITOL':'ALBUTEROL'
'ALBUTERAL':'ALBUTEROL'
'ALBUTEROL':'ALBUTEROL'
'ALBUTEROL 0.083%':'ALBUTEROL'
'ALBUTEROL INHALER':'ALBUTEROL'
'ALBUTEROL INHALER FOR ASTHMA':'ALBUTEROL'
'ALBUTEROL INHALOR':'ALBUTEROL'
'ALBUTEROL SOLUTION':'ALBUTEROL'
'ALBUTEROL SULFATE':'ALBUTEROL'
'ALBUTEROL SULFATE INHALER':'ALBUTEROL'
'ALBUTIROL':'ALBUTEROL'
'ASTHMA INHALER (PROAIR)':'ALBUTEROL'
'ASTHMA INHALER ALBUTROL':'ALBUTEROL'
'BUTTEROL':'ALBUTEROL'
'INHALER - ALBUTEROL':'ALBUTEROL'
'PRO AIR':'ALBUTEROL'
'PRO AIR INHALER':'ALBUTEROL'
'PRO-AIR':'ALBUTEROL'
'PROAIR':'ALBUTEROL'
'PROAIR (ALBUTEROL INHALER)':'ALBUTEROL'
'PROAIR HFA':'ALBUTEROL'
'PROAIR RESPICLICK':'ALBUTEROL'
'VENTOLIN':'ALBUTEROL'
'VENTOLIN INHALER':'ALBUTEROL'
'ALBUTERAL HFA':'ALBUTEROL'
'ALBUTEROL (ALBUTEROL (EQV-PROAIR HFA)':'ALBUTEROL'
'ALBUTEROL HF':'ALBUTEROL'
'ALBUTEROL HFA':'ALBUTEROL'
'ALBUTEROL HFA 108':'ALBUTEROL'
'VENTOLIN HFA':'ALBUTEROL'
'INHALER (ALBUTEROL/QVAR)':'ALBUTEROL/BECLOMETHASONE'
'ALENDRINATE (PHOSIMAX)':'ALENDRONATE'
'ALENDRONAT-E SODIUM':'ALENDRONATE'
'ALENDRONATE':'ALENDRONATE'
'ALENDRONATE (FOSAMAX)':'ALENDRONATE'
'ALENDRONATE SODIUM':'ALENDRONATE'
'ALYNDRONATE':'ALENDRONATE'
'ATONDRONTE SOD TAB':'ALENDRONATE'
'ELONDRINATE SODIUM':'ALENDRONATE'
'FOSAMAX':'ALENDRONATE'
'FOSOMAX':'ALENDRONATE'
'FOSSAMAX':'ALENDRONATE'
'FOXOMAX':'ALENDRONATE'
'FOZAMAX/ALENDRONATE':'ALENDRONATE'
'ALFUSIN':'ALFUZOSIN'
'ALIPURINOL':'ALLOPURINOL'
'ALLOPURINOL':'ALLOPURINOL'
'ALLOPURINOL (ZYLOPRIM)':'ALLOPURINOL'
'ALOPURINAL':'ALLOPURINOL'
'ALPERINOL':'ALLOPURINOL'
'PURINOL':'ALLOPURINOL'
'ALPRAXOLAM':'ALPRAZOLAM'
'ALPRAZOLAM':'ALPRAZOLAM'
'ALPRAZOLAM (XANAX)':'ALPRAZOLAM'
'XANAX':'ALPRAZOLAM'
'AMILARIDE HCL MODURETIC':'AMILORIDE'
'AMILORIDE HCL':'AMILORIDE'
'MODURETIC/AMILORIDE HCL':'AMILORIDE/HCTZ'
'AMIODARONE':'AMIODARONE'
'AMIODARONE HYDROCHLORIDE':'AMIODARONE'
'AMIODERONE':'AMIODARONE'
'AMITRIPTHYLINE':'AMITRIPTYLINE'
'AMITRIPTOLINE':'AMITRIPTYLINE'
'AMITRIPTYLINE':'AMITRIPTYLINE'
'AMITRIPTYLINE HCL':'AMITRIPTYLINE'
'AMITRIPTYLINE HCL ELAVIL':'AMITRIPTYLINE'
'ELAVIL':'AMITRIPTYLINE'
'ALMODOPHINE':'AMLODIPINE'
'ALODAPINE':'AMLODIPINE'
'AMALODAPINE':'AMLODIPINE'
'AMALODOPIN':'AMLODIPINE'
'AMELODOPINE':'AMLODIPINE'
'AMIODIPENE':'AMLODIPINE'
'AMLOCLIPINE':'AMLODIPINE'
'AMLODAPIN':'AMLODIPINE'
'AMLODAPINE':'AMLODIPINE'
'AMLODEPIN':'AMLODIPINE'
'AMLODEPINE':'AMLODIPINE'
'AMLODIIPINE':'AMLODIPINE'
'AMLODIPIN':'AMLODIPINE'
'AMLODIPINE':'AMLODIPINE'
'AMLODIPINE (NORVASC)':'AMLODIPINE'
'AMLODIPINE AKA NORVASC':'AMLODIPINE'
'AMLODIPINE BESTYLATE':'AMLODIPINE'
'AMLODIPINE TAB':'AMLODIPINE'
'AMLODOPINE':'AMLODIPINE'
'AMLOPEPEN':'AMLODIPINE'
'AMLOPINE':'AMLODIPINE'
'AMLOTAPINE':'AMLODIPINE'
'AMLYODOPIN':'AMLODIPINE'
'AMOLDAPINE':'AMLODIPINE'
'AMOLDIPINE':'AMLODIPINE'
'AMOLODIPINE':'AMLODIPINE'
'AMOLODPINE':'AMLODIPINE'
'AMPLODIPINE':'AMLODIPINE'
'NORVASC':'AMLODIPINE'
'NORVAX':'AMLODIPINE'
'AMCODIPINE BESYCATE':'AMLODIPINE'
'AMLOCLIPINE BESYLATE':'AMLODIPINE'
'AMLODIPIN BESYLATE':'AMLODIPINE'
'AMLODIPINE BESYLATE':'AMLODIPINE'
'AMLODIPINE BESYLATE (NORVASC)':'AMLODIPINE'
'AMLODIPINE BESYLATE (TABLET) NORVASC':'AMLODIPINE'
'AMLODIPINE BESYLATE TABS':'AMLODIPINE'
'AMLODOPINE BESYLATE':'AMLODIPINE'
'AMLOPIDINE BESYLATE':'AMLODIPINE'
'AMOLIDIPINE BERYLATE':'AMLODIPINE'
'AMPLODIPINE BESYLATE':'AMLODIPINE'
'AMPLODIPINE BESYLATE (GENERIC FOR NORVASC)':'AMLODIPINE'
'IC AMLOPODINE BESYLATE':'AMLODIPINE'
'AMLODIPINE-BENAZ':'AMLODIPINE'
'AMLODIPINE/OLMESARTAN':'AMLODIPINE'
'AMLODIPINE/VALSARTAN/HC':'AMLODIPINE'
'EMLODINE':'AMLODIPINE'
'AMOXICILLIN':'AMOXICILLIN'
'AMOXICILLIN-CLAVULANATE':'AMOXICILLIN/CLAVULANATE'
'ADDERALL':'AMPHETAMINES'
'ADDERALL 24 HOUR':'AMPHETAMINES'
'ADDEROL':'AMPHETAMINES'
'ADERALL':'AMPHETAMINES'
'ADERRALL':'AMPHETAMINES'
'ADDERAL XR':'AMPHETAMINES'
'ADDERALL XR':'AMPHETAMINES'
'AMPHETAMINE COMBO SALTS':'AMPHETAMINES'
'AMPHETAMINE SALTS ORAL TABLETS':'AMPHETAMINES'
'ANASTROZOLE':'ANASTRAZOLE'
'ANTIBIOTIC':'ANTIBIOTIC'
'ANTIBIOTICS':'ANTIBIOTIC'
'APIXABAN':'APIXABAN'
'ELAQUIS':'APIXABAN'
'ELIGUIS':'APIXABAN'
'ELIQUIS':'APIXABAN'
'ELIQUIS (APIXABAN)':'APIXABAN'
'ELOQUIS':'APIXABAN'
'ELOQUIST':'APIXABAN'
'ABILIFY':'ARIPIPRAZOLE'
'ARIPIPRAZOLE':'ARIPIPRAZOLE'
'APIRIN':'ASA'
'APRIRIN':'ASA'
'ASPARIN':'ASA'
'ASPERIN':'ASA'
'ASPIRIN':'ASA'
'ASPIRINE':'ASA'
'ASPIRING':'ASA'
'ASPIRN':'ASA'
'ASPRIN':'ASA'
'ASPRIRIN':'ASA'
'BAYER ASPIRIN':'ASA'
'CODED ASPIRIN':'ASA'
'POWDERED ASPIRIN':'ASA'
'SOLPRIN':'ASA'
'ASPIRIN (TABLET, DELAYED RELEASE DR/EC) ECOTRIN':'ASA'
'ASPIRIN EC':'ASA'
'ADULT ASPIRIN LOW STRENGTH':'ASA'
'ASPIRIN (LOW DOSE)':'ASA'
'BABY APSIRIN':'ASA'
'BABY ASAPARIN':'ASA'
'BABY ASPARIN':'ASA'
'BABY ASPIRIN':'ASA'
'BABY ASPRIN':'ASA'
'LD ASPIRIN':'ASA'
'LOW DOSE ASPIRIN':'ASA'
'BAYER ASPIRIN (BACK AND BODY) (CONTAINS SOME CAFFEINE)':'ASA'
'ENTERIC':'ASA'
'ENTERIC COATED ASPIRIN':'ASA'
'EXCEDRIN':'ASA'
'EXCEDRIN MIGRAINE':'ASA'
'FURINOL':'ASA/BUTALBITAL/CAFFEINE'
'ASHWOGONDA':'ASHWAGANDHA'
'ALTENOL':'ATENOLOL'
'ATENELOL':'ATENOLOL'
'ATENOL':'ATENOLOL'
'ATENOLO':'ATENOLOL'
'ATENOLOL':'ATENOLOL'
'ATENOLOL (TENORMIN)':'ATENOLOL'
'ATENONOL':'ATENOLOL'
'TEMENOL':'ATENOLOL'
'TENORMIN':'ATENOLOL'
'ATENLOL-CHLORTHAL':'ATENOLOL'
'ATENOLOL CHLORHALIDONE':'ATENOLOL'
'ATENOLOL CHLORTHALIDONE':'ATENOLOL'
'ATENOLOL-CHLOROTHIADONE':'ATENOLOL'
'ATENOLOL-CHLORTHALIDONE':'ATENOLOL'
'ATENOLOL/CHLORTHALIDONE':'ATENOLOL'
'ADAVASTATIN':'ATORVASTATIN'
'ARVOSTATIN':'ATORVASTATIN'
'ASTROVASTATIN':'ATORVASTATIN'
'ATIVASTATIN':'ATORVASTATIN'
'ATORASTATIN':'ATORVASTATIN'
'ATORAVASTATIN':'ATORVASTATIN'
'ATORAVASTIN':'ATORVASTATIN'
'ATORAVSTIN':'ATORVASTATIN'
'ATORBASTATIN':'ATORVASTATIN'
'ATORUASTALIN CALCIUM':'ATORVASTATIN'
'ATORVASTAIN':'ATORVASTATIN'
'ATORVASTALIN TABS':'ATORVASTATIN'
'ATORVASTATIN':'ATORVASTATIN'
'ATORVASTATIN CALCIUM':'ATORVASTATIN'
'ATORVASTATIN CALCIUM (TABLET) LIPITOR':'ATORVASTATIN'
'ATORVASTATIN CALCIUM TAB':'ATORVASTATIN'
'ATORVASTATINS':'ATORVASTATIN'
'ATORVASTIN':'ATORVASTATIN'
'ATORVISTATIN':'ATORVASTATIN'
'ATROVASTAIN':'ATORVASTATIN'
'ATROVASTATIN':'ATORVASTATIN'
'ATROVASTATIN (CHLOESTEROL)':'ATORVASTATIN'
'ATRVASTATIN':'ATORVASTATIN'
'AUASTATIN':'ATORVASTATIN'
'AVORSTATIN':'ATORVASTATIN'
'ETORVASTATIN':'ATORVASTATIN'
'LEPITOR':'ATORVASTATIN'
'LIPITOR':'ATORVASTATIN'
'LIPITOR (ATORVASTATIN)':'ATORVASTATIN'
'LIPITOR (GENERIC ATORVASTATIN)':'ATORVASTATIN'
'OTONOSTATIN':'ATORVASTATIN'
'TORVASTATIN':'ATORVASTATIN'
'CADUET':'ATORVASTATIN/AMLODIPINE'
'AZATHIOPRINE':'AZATHIOPRINE'
'ASTEPRO 0.15%':'AZELASTINE'
'AZELASTIN':'AZELASTINE'
'AZELASTINE':'AZELASTINE'
'AZELASTINE (ASTELIN)':'AZELASTINE'
'AZELASTINE 0.1% NASAL SPRAY':'AZELASTINE'
'AZELASTINE HCL':'AZELASTINE'
'AZELASTINE HCL NASAL SPRAY':'AZELASTINE'
'AZETALINE':'AZELASTINE'
'NASAL SPRAY AZELASTINE':'AZELASTINE'
'DYMISTA':'AZELASTINE'
'AZELASTINE (OPTIVAR)':'AZELASTINE'
'AZITHROMYCIN':'AZITHROMYCIN'
'ZIPROMYACIN'':'AZITHROMYCIN'
'PYRIDOXINE':'B VITAMIN'
'VITAMIN B SHOT':'B VITAMIN'
'B-12':'B VITAMIN'
'B12':'B VITAMIN'
'UTB12':'B VITAMIN'
'VITAMIN B12':'B VITAMIN'
'UTB6':'B VITAMIN'
'B6B12':'B VITAMIN'
'BIOTIN':'B VITAMIN'
'BIOTIN ORAL':'B VITAMIN'
'CYANOCOBALAMIN':'B VITAMIN'
'FOLIC ACID':'B VITAMIN'
'METHYLCPG':'B VITAMIN'
'NASCOBAL':'B VITAMIN'
'VITAMIN B COMPLEX':'B VITAMIN'
'BACLOFEN':'BACLOFEN'
'BECLOMETASONE':'BECLOMETHASONE'
'BECLOMETHASONE':'BECLOMETHASONE'
'INHALATION AEROSOL QUAR':'BECLOMETHASONE'
'OVAR INHALER':'BECLOMETHASONE'
'QVAR':'BECLOMETHASONE'
'QVAR NASAL SPRAY':'BECLOMETHASONE'
'BENAZAPRIL':'BENAZEPRIL'
'BENAZEPRIL':'BENAZEPRIL'
'BENZONATATE':'BENZONATATE'
'BETAXOLOL':'BETAXOLOL'
'BETHANCHOL CHLORIDE':'BETHANECHOL'
'SODIUM BICARBONATE 10 GR':'BICARBONATE'
'BIPHOSPHINATE (OSTEOPOROSIS)':'BIPHOSPHONATE'
'METHYLPREDNISOLON':'METHYLPREDNISOLONE'
'BISOPROLOL':'BISOPROLOL'
'VISOPROLOL':'BISOPROLOL'
'BIOPROLOL FUMARATE':'BISOPROLOL'
'BUDESONIDE':'BUDESONIDE'
'BUDESONIDE INHALATION SUSPENSION':'BUDESONIDE'
'PULMICOURT':'BUDESONIDE'
'RHINOCORT':'BUDESONIDE'
'BREYNA':'BUDESONIDE/FORMOTEROL'
'SYMBACORT':'BUDESONIDE/FORMOTEROL'
'SYMBICORT':'BUDESONIDE/FORMOTEROL'
'SYMBICORT 80':'BUDESONIDE/FORMOTEROL'
'SYMBIOCORT':'BUDESONIDE/FORMOTEROL'
'SYMBOKORT':'BUDESONIDE/FORMOTEROL'
'BUMETANIDE':'BUMETANIDE'
'BELBUCA':'BUPRENORPHINE'
'BUPRENORPHINE':'BUPRENORPHINE'
'BRUPROPRIAN':'BUPROPION'
'BUPRIONONE':'BUPROPION'
'BUPROPIN':'BUPROPION'
'BUPROPION':'BUPROPION'
'BUPROPRION':'BUPROPION'
'BUPROPRIUM':'BUPROPION'
'WELBUTRIN':'BUPROPION'
'WELLBUTRIN':'BUPROPION'
'WELLBUTRION':'BUPROPION'
'BUPROPION HCL':'BUPROPION'
'BUPROPIONHCL':'BUPROPION'
'BUPROPRION HCL':'BUPROPION'
'BUPROPION HCL XL':'BUPROPION'
'BUPROPION SR':'BUPROPION'
'BUPROPION XL':'BUPROPION'
'BUPROPION XL (WELLBUTRIN)':'BUPROPION'
'WELLBUTINXL':'BUPROPION'
'BUPROPION XR':'BUPROPION'
'WELLBUTRIN XR':'BUPROPION'
'VALBUTRON FOR DEPRESSION IPRO':'BUPROPION'
'BUSPAR':'BUSPIRONE'
'BUSPIRONE':'BUSPIRONE'
'VITAMIN C':'C VITAMIN'
'VITRON C':'C VITAMIN'
'CALCITRIOL':'CALCITRIOL'
'CALCITRIOLE':'CALCITRIOL'
'CALCIUM':'CALCIUM'
'CALCIUM CARBONATE':'CALCIUM'
'CALCIUM 500 + D HIGH POTENCY PO':'CALCIUM'
'CALCIUM CARBONATE-VITAMIN D3':'CALCIUM'
'CALCIUM CARBONATE/VITAMIN D3':'CALCIUM'
'CALCIUM-D':'CALCIUM'
'CALCIUM/D3':'CALCIUM'
'CALTRATE':'CALCIUM'
'CALCIUM CITRATE MAGNESIUM WITH VITAMIN D3':'CALCIUM'
'TUMS':'CALCIUM'
'INVOKAMET RX':'CANAGLIFLOZIN'
'INVOKANA (CANAGLIFLOZIN)':'CANAGLIFLOZIN'
'CARVEDILOC':'CARVEDILOL'
'CARVEDILOL':'CARVEDILOL'
'CARVEDILOL (TABLET) COREG':'CARVEDILOL'
'COREG':'CARVEDILOL'
'TARBEDILOL':'CARVEDILOL'
'CARVEDILOL PHOSPHATE':'CARVEDILOL'
'CBD LOTION':'CBD'
'CBD LOTION ESCAPE ARTISTS RELIEF CREAM':'CBD'
'CBD OIL':'CBD'
'CEFADROXIL':'CEFADROXIL'
'CEFRADRAFOXIL':'CEFADROXIL'
'CEFUROLIME ALETIL':'CEFUROXIME'
'CEFUROXIME AXETIL':'CEFUROXIME'
'CELEBREX':'CELECOXIB'
'CELEBREX (CELECOXIB)':'CELECOXIB'
'CELECOXIB':'CELECOXIB'
'CELECOXIB ARTHRITIS':'CELECOXIB'
'CEPHALEXIN':'CEPHALEXIN'
'DOXYCYCLINE HYCLATE':'CEPHALEXIN'
'SATARIZIN':'CETIRIZINE'
'ALERTEK':'CETIRIZINE'
'ALERTEX':'CETIRIZINE'
'ALLER-TEC':'CETIRIZINE'
'ALLERTEC':'CETIRIZINE'
'ALLERTEC (ZYRTEC)':'CETIRIZINE'
'ALLORTEC':'CETIRIZINE'
'ALOTEC':'CETIRIZINE'
'CERTIRIZINE':'CETIRIZINE'
'CERTIRIZINE HCL':'CETIRIZINE'
'CERTIZINE':'CETIRIZINE'
'CETERIZINE':'CETIRIZINE'
'CETIRIZINE':'CETIRIZINE'
'CETIRIZINE HCL':'CETIRIZINE'
'CETIRIZINE HCL (TABLET) ZYRTEC':'CETIRIZINE'
'CETIRIZINE HYDROCHLORIDE':'CETIRIZINE'
'CETRAZINE':'CETIRIZINE'
'CETRIZINE':'CETIRIZINE'
'CITIRIZINE':'CETIRIZINE'
'CITORIZINE':'CETIRIZINE'
'SERTIZENE (ZYRTEC)':'CETIRIZINE'
'XYRTEC':'CETIRIZINE'
'ZERTEC':'CETIRIZINE'
'ZRYTEC':'CETIRIZINE'
'ZYRTEC':'CETIRIZINE'
'ZYRTEC (CETIRIZINE)':'CETIRIZINE'
'ZYRTEK':'CETIRIZINE'
'ZYRTEX':'CETIRIZINE'
'ZYTERX':'CETIRIZINE'
'ZYRTEC D':'CETIRIZINE'
'ZYRTEC-D':'CETIRIZINE'
'GENERIC ZYRTEC':'CETIRIZINE'
'CHLORTABS':'CHLORPHENAMINE'
'CHLORATHELIDINE':'CHLORTHALIDONE'
'CHLORFALIDONE':'CHLORTHALIDONE'
'CHLORTHALIDONE':'CHLORTHALIDONE'
'CHLORTHALIDRONE':'CHLORTHALIDONE'
'CHOLESTYRAMINE':'CHOLESTYRAMINE'
'CHROMIUM PICOLINATE':'CHROMIUM'
'CILOSTAZOL':'CILOSTAZOL'
'CINACALCET':'CINACALCET'
'CINACALCET (SENSIPAR)':'CINACALCET'
'CIPROFLOXACIN':'CIPROFLOXACIN'
'CIPROL FOR UTI':'CIPROFLOXACIN'
'CELEXA':'CITALOPRAM'
'CITALAPRAM':'CITALOPRAM'
'CITALAPRIN':'CITALOPRAM'
'CITALIPRAM':'CITALOPRAM'
'CITALOPRAM':'CITALOPRAM'
'CITALOPRAM (CELEXA)':'CITALOPRAM'
'CITALOPRAN':'CITALOPRAM'
'CITAPRAM':'CITALOPRAM'
'SELEXA':'CITALOPRAM'
'SILEXIA':'CITALOPRAM'
'CITALOPRAM HBR':'CITALOPRAM'
'CITALOPRAM HYDOBROMIDE':'CITALOPRAM'
'CITALOPRAM HYDROBROMIDE':'CITALOPRAM'
'CLENDAMYACIN':'CLINDAMYCIN'
'CLINDAMYACIN':'CLINDAMYCIN'
'CLINDAMYCIN':'CLINDAMYCIN'
'CLINDOMYICIN':'CLINDAMYCIN'
'CLONAZAPAM':'CLONAZEPAM'
'CLONAZAPAN':'CLONAZEPAM'
'CLONAZEPAM':'CLONAZEPAM'
'CLOSAPAM':'CLONAZEPAM'
'KLONAPIN':'CLONAZEPAM'
'KLONIPIN':'CLONAZEPAM'
'KLONOPIN':'CLONAZEPAM'
'CLONIDINE':'CLONIDINE'
'CLOPIDIGRAL':'CLOPIDOGREL'
'CLOPIDOGREL':'CLOPIDOGREL'
'CLOPIDOGREL BISULFATE':'CLOPIDOGREL'
'CLOPIDOQREL':'CLOPIDOGREL'
'PLAVIX':'CLOPIDOGREL'
'THOPIDIGRIL':'CLOPIDOGREL'
'ACETAMINOPHEN CODEINE':'CODEINE/ACETAMINOPHEN'
'TYLENOL 3':'CODEINE/ACETAMINOPHEN'
'TYLENOL WITH CODEINE':'CODEINE/ACETAMINOPHEN'
'COLCHICINE':'COLCHICINE'
'THARICAMIDE':'THIAZIDE'
'CO-ENZYME Q 10':'COQ10'
'COENZYME Q10':'COQ10'
'COQ10':'COQ10'
'GO Q-10':'COQ10'
'CYCLOBENZAPRINE':'CYCLOBENZAPRINE'
'CYCLOBENZAPRINE HCL':'CYCLOBENZAPRINE'
'FLEXORIL':'CYCLOBENZAPRINE'
'FLEXROL':'CYCLOBENZAPRINE'
'CYCLOSPORINE':'CYCLOSPORINE'
'CYCLOSPORINE OPHTHALMIC EMULSION':'CYCLOSPORINE'
'CHOLCALCIFEROL':'D VITAMIN'
'CHOLECALCIFEROL':'D VITAMIN'
'CHOLECALIFROL':'D VITAMIN'
'CHOLESTOFF PLUS':'D VITAMIN'
'CITRACAL D':'D VITAMIN'
'VITAMIN D':'D VITAMIN'
'VITIMAN D':'D VITAMIN'
'VITAMIN D2':'D VITAMIN'
'D3':'D VITAMIN'
'VITAMIN D3':'D VITAMIN'
'VITAMIN D3 (PRESCRIBED)':'D VITAMIN'
'VITAMIND3':'D VITAMIN'
'ERGOCALCIFEROL':'D VITAMIN'
'PRADAXA':'DABIGATRAN'
'PRODAXA':'DABIGATRAN'
'FARXIGA':'DAPAGLIFLOZIN'
'DAPAGLIFLOZIN PROPANEDIOL':'DAPAGLIFLOZIN PROPANEDIOL'
'ACZONE':'DAPSONE'
'DENOSUMAB':'DENOSUMAB'
'PROLIA':'DENOSUMAB'
'PROLIA INJECTION':'DENOSUMAB'
'PROLIA SHOTS':'DENOSUMAB'
'DESIPRAMINE':'DESIPRAMINE'
'DESLORATADINE':'DESLORATADINE'
'DESLORTADINE':'DESLORATADINE'
'DESMOPRESSIN':'DESMOPRESSIN'
'PRISTIQ':'DESVENLAFAXINE'
'DESVENLAFAXINE':'DESVENLAFAXINE'
'DESVENLAFAXIN ER':'DESVENLAFAXINE'
'DESVENLAFAXINE ER SUCCINATE':'DESVENLAFAXINE'
'FOCALIN':'DEXMETHYLPHENIDATE'
'DEXTROAMPHITEMANE':'DEXTROAMPHETAMINE'
'DEXTROENPHETAMINE':'DEXTROAMPHETAMINE'
'DIAZEPAM':'DIAZEPAM'
'DIZAPAM':'DIAZEPAM'
'VALIUM':'DIAZEPAM'
'DICLOFENAC':'DICLOFENAC'
'DICLOFENAC (VOLTAREN)':'DICLOFENAC'
'DICLOOFENAC':'DICLOFENAC'
'DICLOFENAC DR':'DICLOFENAC'
'DICLOFENAC EC TABLET':'DICLOFENAC'
'DICLOFENAC POTASSIUM':'DICLOFENAC'
'DICLOFENAC SODIUM':'DICLOFENAC'
'DICLOFENAC GEL 1%':'DICLOFENAC'
'DICLOFENAC SODIUM 1% GEL':'DICLOFENAC'
'DICLOFENAC SODIUM DR':'DICLOFENAC'
'VOLTAREN':'DICLOFENAC'
'VOLTAREN CREAM FOR BACK ACHE':'DICLOFENAC'
'VOLTARIN':'DICLOFENAC'
'VOLTAREN GEL':'DICLOFENAC'
'DICYCLOMINE':'DICYCLOMINE'
'DIGOXIN':'DIGOXIN'
'DIJOXIN':'DIGOXIN'
'CARDIZEM':'DILTIAZEM'
'DILITIAZEM':'DILTIAZEM'
'DILTIAZEM':'DILTIAZEM'
'DILTIAZM':'DILTIAZEM'
'DITIAZEM':'DILTIAZEM'
'DILTIAZEM CD':'DILTIAZEM'
'DILITAZEM HCI':'DILTIAZEM'
'DILTIAZEM HCL':'DILTIAZEM'
'DILTIAZEM HYDROCHLORIDE EXTENDED RELEASE':'DILTIAZEM'
'DILTIAZEM HCL ER BEADS':'DILTIAZEM'
'DILTIAZEM XR':'DILTIAZEM'
'DILT-XR':'DILTIAZEM'
'DILTIAZEM ER':'DILTIAZEM'
'CARTIA XT':'DILTIAZEM'
'DILTIAZEM+CARTIAXI':'DILTIAZEM'
'BENADRYL':'DIPHENHYDRAMINE'
'BENADYRL':'DIPHENHYDRAMINE'
'BENEDRIL':'DIPHENHYDRAMINE'
'BENEDRYL':'DIPHENHYDRAMINE'
'BENEDRYLL':'DIPHENHYDRAMINE'
'BENYDRYL':'DIPHENHYDRAMINE'
'DIPHENHYDRAMINE':'DIPHENHYDRAMINE'
'DYPHENHYDRAMINE':'DIPHENHYDRAMINE'
'DIPHENHYDRAMINE CITRATE':'DIPHENHYDRAMINE'
'SLEEP EZE':'DIPHENHYDRAMINE'
'DIPHENOXYLATE':'DIPHENOXYLATE'
'DIPHENOXYLATE-ATROPINE':'DIPHENOXYLATE'
'COLAC':'DOCUSATE'
'COLACE':'DOCUSATE'
'COLASE':'DOCUSATE'
'DOCUSATE':'DOCUSATE'
'DOCUSATE SODIUM':'DOCUSATE'
'DOFETILIDE':'DOFETILIDE'
'DONEPEZIL':'DONEPEZIL'
'DONEPEZIL HCL':'DONEPEZIL'
'CARDURA':'DOXAZOSIN'
'DOXAZOSIA':'DOXAZOSIN'
'DOXAZOSIN':'DOXAZOSIN'
'DOXAZOSIN MESLY':'DOXAZOSIN'
'DOXAZOSIN MESYLATE':'DOXAZOSIN'
'DOXAPIN':'DOXEPIN'
'DOXEPIN':'DOXEPIN'
'DOXIPAN':'DOXEPIN'
'DOXYCYCLIN MONO':'DOXYCYCLINE'
'DOCYCYCLINE':'DOXYCYCLINE'
'DOXYCYCLINE':'DOXYCYCLINE'
'MOXYCYLINE':'DOXYCYCLINE'
'UNISOM':'DOXYLAMINE'
'DOXYLAMINE SUCCINATE':'DOXYLAMINE'
'DRONEDARONE':'DRONEDARONE'
'MULTAQ':'DRONEDARONE'
'DULAGLUTIDE':'DULAGLUTIDE'
'TRULICITY':'DULAGLUTIDE'
'TRULICITY INJECTION':'DULAGLUTIDE'
'CYMBALTA':'DULOXETINE'
'DULOXETINE':'DULOXETINE'
'DULOXETINE DELAYED RELEASE':'DULOXETINE'
'DULOXETINE DR CAPSULE':'DULOXETINE'
'DULOXETINE HCL':'DULOXETINE'
'AVODART':'DUTASTERIDE'
'DUSTATORIDE':'DUTASTERIDE'
'DUTASTERIDE':'DUTASTERIDE'
'DUTASTERIOR':'DUTASTERIDE'
'DUTATERIDE':'DUTASTERIDE'
'OLMESARTAN MEDOXOMIL':'OLMESARTAN MEDOXOMIL'
'EMPAGLIFLOZIN':'EMPAGLIFLOZIN'
'JARDIANCE':'EMPAGLIFLOZIN'
'TRUVADA':'EMTRICITABINE/TENOFOVIR'
'ANALOPRIL':'ENALAPRIL'
'ENALAPRIL':'ENALAPRIL'
'ENAPRIL':'ENALAPRIL'
'EPANED':'ENALAPRIL'
'ENTECAVIR':'ENTECAVIR'
'EPINEPHRINE INJECTOR':'EPINEPHRINE'
'EPIPEN':'EPINEPHRINE'
'EPIPEN (TREE NUT ALLERGY)':'EPINEPHRINE'
'ERYTHROMYCIN':'ERYTHROMYCIN'
'ESCILOPRAM':'ESCITALOPRAM'
'ESCITALOPRAM':'ESCITALOPRAM'
'ESCITALOPRAM (LEXIPRO)':'ESCITALOPRAM'
'ESCITALOPRAM OXALATE':'ESCITALOPRAM'
'ESCITALOPRAN':'ESCITALOPRAM'
'IC ESCITALOPRAM':'ESCITALOPRAM'
'LEXAPRO':'ESCITALOPRAM'
'LEXAPROIL':'ESCITALOPRAM'
'LEXPRO':'ESCITALOPRAM'
'ESOMEPICAZOLE':'ESOMEPRAZOLE'
'ESOMEPRAZOLE':'ESOMEPRAZOLE'
'NEXIUM':'ESOMEPRAZOLE'
'ESZOPICLONE':'ESZOPICLONE'
'ESZOPLICLONE':'ESZOPICLONE'
'LUNESTA':'ESZOPICLONE'
'ETODOLAC':'ETODOLAC'
'ENZETIMIBE':'EZETIMIBE'
'EZEMTIBRE':'EZETIMIBE'
'EZETIBIME':'EZETIMIBE'
'EZETIMBE':'EZETIMIBE'
'EZETIMIBE':'EZETIMIBE'
'ZEFIA':'EZETIMIBE'
'ZETIA':'EZETIMIBE'
'ZIETA':'EZETIMIBE'
'ZITIA':'EZETIMIBE'
'EZETIMIBE-SIMVASTATIN':'EZETIMIBE'
'FAMAOTIDINOL':'FAMOTIDINE'
'FAMATIDINE':'FAMOTIDINE'
'FAMOTADINE':'FAMOTIDINE'
'FAMOTIDINE':'FAMOTIDINE'
'FAMOTIDINE (PEPCID)':'FAMOTIDINE'
'FAMOTIDINE AKA PEPCID':'FAMOTIDINE'
'FOMATIDINE':'FAMOTIDINE'
'PEPCID':'FAMOTIDINE'
'PEPSID':'FAMOTIDINE'
'TELMISARTAN/HCTZ 80/12.5':'TELMISARTAN/HCTZ'
'FELODIPINE':'FELODIPINE'
'FELODOPINE':'FELODIPINE'
'FELOPIDINE':'FELODIPINE'
'FELOPINE':'FELODIPINE'
'PLENDIL':'FELODIPINE'
'FENALFIBRATE':'FENOFIBRATE'
'FENOFIBRATE':'FENOFIBRATE'
'TRICOR':'FENOFIBRATE'
'ALEGRA':'FEXOFENADINE'
'ALLEGRA':'FEXOFENADINE'
'ALLEGRA (FEXOFENADINE HCL)':'FEXOFENADINE'
'ALLEGRA 24HR':'FEXOFENADINE'
'ALLEGRA-D':'FEXOFENADINE'
'ALLER-FEX':'FEXOFENADINE'
'FEXOFENADINE':'FEXOFENADINE'
'FEXOFENADINE (ALLEGRA)':'FEXOFENADINE'
'FEXOFENADINE HYDOCHLORIDE':'FEXOFENADINE'
'FEXOFINADINE':'FEXOFENADINE'
'CHILDREN'S ALEGRA':'FEXOFENADINE'
'BENEFIBER':'FIBER'
'CITRACIL':'FIBER'
'CITRUCEL':'FIBER'
'METAMUCIL':'FIBER'
'METAMUCIL 30.9% POWDER PACKET':'FIBER'
'PSYLLIUM':'FIBER'
'FENESTRASIDE':'FINASTERIDE'
'FIASTERIDE':'FINASTERIDE'
'FINASERIDE':'FINASTERIDE'
'FINASTERIDE':'FINASTERIDE'
'FINESTERIDE':'FINASTERIDE'
'FINISTRIDE':'FINASTERIDE'
'PROSCAR':'FINASTERIDE'
'FLECAINIDE':'FLECAINIDE'
'FLECAINIDE ACET':'FLECAINIDE'
'FLUCONAZOLE':'FLUCONAZOLE'
'FLUCONZOLE':'FLUCONAZOLE'
'FLOXINATE (?) CREAM':'**SKIN ANTIBIOTIC'
'FLUNISOLIDE':'FLUNISOLIDE'
'NASALIDE .025%':'FLUNISOLIDE'
'FLOUROURACIL':'FLUOROURACIL'
'FOLOXAPINE':'FLUOXETINE'
'FLOAXATINE':'FLUOXETINE'
'FLUOXATINE':'FLUOXETINE'
'FLUOXETINE':'FLUOXETINE'
'FLUOXITINE':'FLUOXETINE'
'PROZAC':'FLUOXETINE'
'FLUOXETINE HCL':'FLUOXETINE'
'ALERFLO':'FLUTICASONE'
'ARNUITY':'FLUTICASONE'
'FLONAISE':'FLUTICASONE'
'FLONAS':'FLUTICASONE'
'FLONASE':'FLUTICASONE'
'FLONASE - GENERIC':'FLUTICASONE'
'FLONASE (GENERIC- FLUTICASNE PROPIONATE)':'FLUTICASONE'
'FLONASE NASAL SPRAY':'FLUTICASONE'
'FLUCTISONE PROPIANATE':'FLUTICASONE'
'FLUCTOUASE':'FLUTICASONE'
'FLUTICASANE NASAL SPRAY':'FLUTICASONE'
'FLUTICASON PROPIONATE':'FLUTICASONE'
'FLUTICASON PROPIONATE NASAL SPRAY':'FLUTICASONE'
'FLUTICASONE':'FLUTICASONE'
'FLUTICASONE (FLONASE SPRAY)':'FLUTICASONE'
'FLUTICASONE (FLONASE)':'FLUTICASONE'
'FLUTICASONE NASAL SOLUTION':'FLUTICASONE'
'FLUTICASONE NS':'FLUTICASONE'
'FLUTICASONE PROP':'FLUTICASONE'
'FLUTICASONE PROPANATE':'FLUTICASONE'
'FLUTICASONE PROPIONATE':'FLUTICASONE'
'FLUTICASONE PROPIONATE (FLONASE':'FLUTICASONE'
'FLUTICASONE PROPIONATE (SPRAY, SUSPENSION) FLONASE':'FLUTICASONE'
'FLUTICASONE PROPIONATE NASAL SPRAY':'FLUTICASONE'
'FLUTICASONE PROPIONATE NOSE SPRAY':'FLUTICASONE'
'FLUTICASONE PROPIONATE SPRAY':'FLUTICASONE'
'FLUTICAZONE':'FLUTICASONE'
'FLUTICAZONE NASAL':'FLUTICASONE'
'FLUTKASONE':'FLUTICASONE'
'SLUTICASONE NASAL SPRAY':'FLUTICASONE'
'FLONASE SENSIMIST':'FLUTICASONE'
'FLUTICASONE PROPION-SALETEROL':'FLUTICASONE'
'FLOVAN':'FLUTICASONE'
'FLOVENT':'FLUTICASONE'
'FLOVENT ASTHMA INHALER':'FLUTICASONE'
'FLOVENT DISKUS':'FLUTICASONE'
'FLOVENT HFA':'FLUTICASONE'
'FLOVENT INHALER':'FLUTICASONE'
'FLOVENT INHALER POWDER':'FLUTICASONE'
'FLUCTICASONE PROPIONATE':'FLUTICASONE'
'PROPIONATE (FLONASE)':'FLUTICASONE'
'ADVAIR':'FLUTICASONE'
'ADVAIR 250/50':'FLUTICASONE'
'ADVAIR INHALER':'FLUTICASONE'
'FLUTICASONE TROPIONATE':'FLUTICASONE'
'FLUTICASONE-SALMETEROL':'FLUTICASONE'
'FLUTICASONE-SALMETEROL INHALER':'FLUTICASONE'
'FLUTINASONE PROPIONATE AND SALMETEROL INHALATION POWDER':'FLUTICASONE'
'FLUTICASONE-SALMETROL':'FLUTICASONE'
'BREO':'FLUTICASONE'
'BREO ELLIPTA':'FLUTICASONE'
'BREO ELLIPTA INHALER':'FLUTICASONE'
'BREO ELLIPTICA':'FLUTICASONE'
'BREO-ELLIPTA':'FLUTICASONE'
'FLUCTICASONE/UMECLIDINIUM/VILANTEROL (TRELEFY ELLIPTA 100 MCG-62.5 MCG-25 MCG/INH INHALATION POWDER)':'FLUTICASONE'
'TRELEGY ELLIPTA':'FLUTICASONE'
'FLUVASTATIN':'FLUVASTATIN'
'FLUVOXAMINE':'FLUVOXAMINE'
'FOSINOPRIL':'FOSINOPRIL'
'TAVALISSE':'FOSTAMATINIB'
'FROVA':'FROVATRIPTAN'
'FUROSAMIDE':'FUROSEMIDE'
'FUROSEMIDE':'FUROSEMIDE'
'FUROSEMIDE LASICS':'FUROSEMIDE'
'FUROSEMIDE- LASICS':'FUROSEMIDE'
'FUROSIMIDE':'FUROSEMIDE'
'FUROSOMIDE':'FUROSEMIDE'
'LASIKS':'FUROSEMIDE'
'LASIX':'FUROSEMIDE'
'LISIX':'FUROSEMIDE'
'GABAPEMTIN':'GABAPENTIN'
'GABAPENTIN':'GABAPENTIN'
'NEUROTIN':'GABAPENTIN'
'GEMFIBROZIL':'GEMFIBROZIL'
'LOPID':'GEMFIBROZIL'
'GLIMEPIRIDE':'GLIMEPIRIDE'
'GLIPIZIDE':'GLIPIZIDE'
'GLIPIZIDE (GLUCOTROL)':'GLIPIZIDE'
'GLIPZIDE':'GLIPIZIDE'
'GLIPIZIDE XL':'GLIPIZIDE'
'CHONDROITIN':'GLUCOSAMINE/CHONDROITIN'
'CONDROITIN SULFATE':'GLUCOSAMINE/CHONDROITIN'
'GLUCOSAM':'GLUCOSAMINE/CHONDROITIN'
'GLUCOSAMINE':'GLUCOSAMINE/CHONDROITIN'
'GLUCOSAMINE CADROITIT':'GLUCOSAMINE/CHONDROITIN'
'GLUCOSAMINE CHONDROITIN':'GLUCOSAMINE/CHONDROITIN'
'GLUCOSAMINE CHONDROTIN':'GLUCOSAMINE/CHONDROITIN'
'GLUCOSAMINE/CHONDROITIN':'GLUCOSAMINE/CHONDROITIN'
'GLUCOSAMINE/CHRONDROTIN':'GLUCOSAMINE/CHONDROITIN'
'GLUCOSANINE/CHONDROITIN':'GLUCOSAMINE/CHONDROITIN'
'GLUCOSAMINE CHONDROITIN WITH MSM':'GLUCOSAMINE/CHONDROITIN'
'GLUCOSAMINE HCI WITH MSM':'GLUCOSAMINE/CHONDROITIN'
'GLUCOSAMINE WITH MSN':'GLUCOSAMINE/CHONDROITIN'
'GLUCOSAMINE/MSN/CHONDRITIN':'GLUCOSAMINE/CHONDROITIN'
'GLUCOSAMINE&MSM':'GLUCOSAMINE/CHONDROITIN'
'OSTEO BIFLEX':'GLUCOSAMINE/CHONDROITIN'
'GLYCOPYROLATE':'GLYCOPYROLATE'
'GUAIFENESIN':'GUAIFENESIN'
'GUALFENESIN DM':'GUAIFENESIN'
'TUSSIN':'GUAIFENESIN'
'GUAIFENESIN/DEXTROMETHORPHAN':'GUAIFENESIN/DEXTROMETHORPHAN'
'MUCINEX':'GUAIFENESIN/DEXTROMETHORPHAN'
'MUCINEX (600MG GUAIFENESIN & 30MG DEXTROMETHORPHAN HBR)':'GUAIFENESIN/DEXTROMETHORPHAN'
'MUCINEX DM':'GUAIFENESIN/DEXTROMETHORPHAN'
'MUCUS DM':'GUAIFENESIN/DEXTROMETHORPHAN'
'MUNCINEX DM':'GUAIFENESIN/DEXTROMETHORPHAN'
'MUSINEX DM':'GUAIFENESIN/DEXTROMETHORPHAN'
'MUSSENEX':'GUAIFENESIN/DEXTROMETHORPHAN'
'GUANFACINE':'GUANFACINE'
'HCTZ':'HCTZ'
'HCTZ WATER PILL':'HCTZ'
'HTCZ':'HCTZ'
'HYDROCHLORICIACIDE':'HCTZ'
'HYDROCHLORIDE CYICIDE':'HCTZ'
'HYDROCHLORITHIAZIDE':'HCTZ'
'HYDROCHLORIZIDE':'HCTZ'
'HYDROCHLOROT':'HCTZ'
'HYDROCHLOROTHIA':'HCTZ'
'HYDROCHLOROTHIADIZE':'HCTZ'
'HYDROCHLOROTHIAZIDE':'HCTZ'
'HYDROCHLOROTHIAZIDE TABS':'HCTZ'
'HYDROCHLOROTHLAZIDE':'HCTZ'
'HYDROCHLOROTHYACIDE':'HCTZ'
'HYDROCHLOROTHYASIDE':'HCTZ'
'HYDROCHLORTHIZIDE':'HCTZ'
'HYDROCHLOTHAIZDE':'HCTZ'
'HYDROCHLOTHIZDE':'HCTZ'
'HYDROCHLROTHALZIDE':'HCTZ'
'HYDROCHOLOROTHIAZIDE':'HCTZ'
'HYDROCLORIDE':'HCTZ'
'HYDROCLOROTHIAZIDE':'HCTZ'
'HYDROCLOROTHIZIDE':'HCTZ'
'HYDROCLORTHIZIDE':'HCTZ'
'HYDROCORTHIOZIDE':'HCTZ'
'HYDRODIURIL':'HCTZ'
'HYDROXYCHLOROTHYAZINE':'HCTZ'
'HTC':'HCTZ'
'HTZ':'HCTZ'
'HCTZ 25/ TRIAMTERENE':'TRIAMTERENE/HCTZ'
'DIOZIDE':'TRIAMTERENE/HCTZ'
'DYAZIDE':'TRIAMTERENE/HCTZ'
'MAXIDE':'TRIAMTERENE/HCTZ'
'MAXZIDE':'TRIAMTERENE/HCTZ'
'MAXZIDE-25':'TRIAMTERENE/HCTZ'
'TRIAMITERENE-HYDROCHLOROTHIAZINE':'TRIAMTERENE/HCTZ'
'TRIAMT/HCTZ':'TRIAMTERENE/HCTZ'
'TRIAMT/HCTZ TAB':'TRIAMTERENE/HCTZ'
'TRIAMTERENE HCTZ':'TRIAMTERENE/HCTZ'
'TRIAMTERENE HYDROCHLOROTHIAZIDE':'TRIAMTERENE/HCTZ'
'TRIAMTERENE-HCTZ':'TRIAMTERENE/HCTZ'
'TRIAMTERENE-HCTZ 75':'TRIAMTERENE/HCTZ'
'TRIAMTERENE-HYDROCHLORATHIAZIDE':'TRIAMTERENE/HCTZ'
'TRIAMTERENE-HYDROCHLOROTHIAZIDE':'TRIAMTERENE/HCTZ'
'TRIAMTERENE/HCTZ':'TRIAMTERENE/HCTZ'
'TRIAMTERENE/HYDROCHLOROTHIAZIDE':'TRIAMTERENE/HCTZ'
'TRIEMTERENE-HYDROCHLOROTHIAZIDE':'TRIAMTERENE/HCTZ'
'BLACK ELDERBERRY':'HERBAL'
'ELDERBERRY':'HERBAL'
'PROTANDUM':'HERBAL'
'UTC':'HERBAL'
'HYALURONIC ACID':'HYALURONIC ACID'
'HYDRALAZINE':'HYDRALAZINE'
'HYDRAZINE100 MG':'HYDRALAZINE'
'HYDRINE':'**UNKNOWN'
'HYDROCDONE':'HYDROCODONE'
'HYDROCODONE':'HYDROCODONE'
'HYDROCOTIN':'HYDROCODONE'
'NORCO':'HYDROCODONE/ACETAMINOPHEN'
'NORCO (HYDROCODONE-ACETAMINOPHEN)':'HYDROCODONE/ACETAMINOPHEN'
'HYDROCODONE / ACETAMINOPHEN':'HYDROCODONE/ACETAMINOPHEN'
'HYDROCODONE/ACETAMINOPHEN':'HYDROCODONE/ACETAMINOPHEN'
'HYDROXYCHLOROQUINE':'HYDROXYCHLOROQUINE'
'HYDROXYUREA':'HYDROXYUREA'
'HYDROXIZINE':'HYDROXYZINE'
'HYDROXYZINE':'HYDROXYZINE'
'ATARAX':'HYDROXYZINE'
'HYDROXYZINE HCL':'HYDROXYZINE'
'HYDROXIZINE PAMOATE':'HYDROXYZINE'
'DONNATAL ELIXIR':'HYOSCYAMINE'
'HYOSCYAIME':'HYOSCYAMINE'
'BONIVA':'IBANDRONATE'
'IBANDRONATE':'IBANDRONATE'
'ADVIL':'IBUPROFEN'
'IBERPROFEN':'IBUPROFEN'
'IBPROFEN':'IBUPROFEN'
'IBPROPHEN':'IBUPROFEN'
'IBROPHREN':'IBUPROFEN'
'IBUPROFEN':'IBUPROFEN'
'IBUPROFEN HCL':'IBUPROFEN'
'IBUPROFIN':'IBUPROFEN'
'IBUPROFREN':'IBUPROFEN'
'IBUPROPFEN':'IBUPROFEN'
'IBUPROPHEN':'IBUPROFEN'
'IBURPROFEN':'IBUPROFEN'
'ADVIL PM':'IBUPROFEN'
'MOTRIN':'IBUPROFEN'
'MOTRIN PM':'IBUPROFEN'
'HYZENTRA':'IMMUNE GLOBULIN'
'ENDOMETHICINE':'INDOMETHACIN'
'INDOMETHACIN':'INDOMETHACIN'
'INDOMETHICIN':'INDOMETHACIN'
'INFLIXIMAB':'INFLIXIMAB'
'REMICADE':'INFLIXIMAB'
'HUMULIN':'INSULIN'
'INSULIN':'INSULIN'
'INSULIN SYR/NDL U100 HALF MARK':'INSULIN'
'NOVOLOG FLEX PEN':'INSULIN'
'INSULIN ASPART NIACINAMINDE':'INSULIN'
'INSULIN GLARGINE':'INSULIN'
'HUMALOG':'INSULIN'
'HUMALOG 200':'INSULIN'
'LANTIS':'INSULIN'
'LANTUS':'INSULIN'
'LANTUS INSULIN':'INSULIN'
'LANTUS SOLOSTAR':'INSULIN'
'LANTAU SOLOSTAR':'INSULIN'
'TRESIBA':'INSULIN'
'PRATROPIUM (ATROVENT)':'IPRATROPIUM'
'ATROVENT':'IPRATROPIUM'
'IPRATROPIUM':'IPRATROPIUM'
'IPRATROPIUM BROMIDE':'IPRATROPIUM'
'IPRATROPRIUM BROMIDE':'IPRATROPIUM'
'COMBIVENT INHALER':'IPRATROPIUM/ALBUTEROL'
'AVALIDE':'IRBESARTAN'
'IBESARTAN':'IRBESARTAN'
'IRBASARTIN':'IRBESARTAN'
'IRBESARTAN':'IRBESARTAN'
'IRBESARTEN':'IRBESARTAN'
'IRBESARTIN':'IRBESARTAN'
'IRBESTARINE':'IRBESARTAN'
'IRBESARTAN-HCTZ':'IRBESARTAN/HCTZ'
'CHELATED IRON':'IRON'
'FERROUS GLUCONATE':'IRON'
'FEROSUL 365':'IRON'
'FERROUS SULF':'IRON'
'FERROUS SULFATE':'IRON'
'IRON':'IRON'
'IRON PILL':'IRON'
'IRON PILLS':'IRON'
'IRON SUPPLEMENT':'IRON'
'IRON TABLETS':'IRON'
'ISOSORBIDE':'ISOSORBIDE'
'ISOSORBIDE MONONITRATE':'ISOSORBIDE'
'ISOSORBIDE MONONITRATE ER':'ISOSORBIDE'
'KETOROLAC':'KETOROLAC'
'KETOROLAC 0.5%':'KETOROLAC'
'KETOROLAC EYE DROPS':'KETOROLAC'
'KETOROLAC TROMETHAMINE':'KETOROLAC'
'KETOTIFEN FUMARATE':'KETOTIFEN'
'KETOTIFEN FUMARATE (DROPS) ZADITOR':'KETOTIFEN'
'L-CARNITINE':'L‑CARNITINE'
'LABETALOL':'LABETALOL'
'LABETOLOL':'LABETALOL'
'LEBATAROL':'LABETALOL'
'LEBATEROL':'LABETALOL'
'VIMPAT':'LACOSAMIDE'
'ENOVARX-AMITRIPTYLINE':'**SKIN OTHER'
'CONSTULOSE':'LACTULOSE'
'LANCTAL':'LAMOTRIGINE'
'LAMICTAL':'LAMOTRIGINE'
'LAMICTOL':'LAMOTRIGINE'
'LAMOTRIGINE':'LAMOTRIGINE'
'LANSOPAZOLE':'LANSOPRAZOLE'
'LANSOPRAZOLE':'LANSOPRAZOLE'
'LEFLUOMIDE':'LEFLUOMIDE'
'LENALIDOMIDE':'LENALIDOMIDE'
'REVLIMID':'LENALIDOMIDE'
'LETROZOLE':'LETROZOLE'
'LUPRON':'LEUPROLIDE'
'LEVALBUTERON':'LEVALBUTEROL'
'XOPENEX INHALER':'LEVALBUTEROL'
'LEVETHIAMIN':'LEVETIRACETAM'
'LEVETIRACETA':'LEVETIRACETAM'
'LEVETIRACETAM':'LEVETIRACETAM'
'LEVOCETIRIZINE':'LEVOCETIRIZINE'
'XYZAL':'LEVOCETIRIZINE'
'CARBIDOPA LEBIDOPA':'LEVODOPA-CARBIDOPA'
'CARBIDOPA-LEVODOPA':'LEVODOPA-CARBIDOPA'
'LEVOFLOXACIN':'LEVOFLOXACIN'
'ALIVOFLOAXICIN':'LEVOFLOXACIN'
'ARMOUR':'LEVOTHYROXINE'
'ARMOUR THYROID':'LEVOTHYROXINE'
'ARMOURTHYROID':'LEVOTHYROXINE'
'EUTHYROX':'LEVOTHYROXINE'
'IC LEVOTHYROXINE':'LEVOTHYROXINE'
'L-THYROXINE':'LEVOTHYROXINE'
'LEBOTHYROXENE':'LEVOTHYROXINE'
'LEUOTHYROXINE':'LEVOTHYROXINE'
'LEVOTHROID':'LEVOTHYROXINE'
'LEVOTHRYROXINE':'LEVOTHYROXINE'
'LEVOTHYRODINE':'LEVOTHYROXINE'
'LEVOTHYROID':'LEVOTHYROXINE'
'LEVOTHYROLINE':'LEVOTHYROXINE'
'LEVOTHYROX':'LEVOTHYROXINE'
'LEVOTHYROXIDE':'LEVOTHYROXINE'
'LEVOTHYROXIN':'LEVOTHYROXINE'
'LEVOTHYROXINE':'LEVOTHYROXINE'
'LEVOTHYROXINE (SYNTHROID, LEVOTHROID)':'LEVOTHYROXINE'
'LEVOTHYROXINE (SYNTHROID,LEVOTHROID)':'LEVOTHYROXINE'
'LEVOTHYROXINE (SYNTHROID)':'LEVOTHYROXINE'
'LEVOTHYROXINE AKA SYNTHROID':'LEVOTHYROXINE'
'LEVOTHYROXINE SODIUM':'LEVOTHYROXINE'
'LEVOTYROXINE':'LEVOTHYROXINE'
'LEVOXYL':'LEVOTHYROXINE'
'LEZOTHYROXIN':'LEVOTHYROXINE'
'LIVOTHORAXINE':'LEVOTHYROXINE'
'LIVOTHYROXINE':'LEVOTHYROXINE'
'THYROXINE':'LEVOTHYROXINE'
'THYROXNEL':'LEVOTHYROXINE'
'LOVOXYL':'LEVOTHYROXINE'
'SYNTHEROID':'LEVOTHYROXINE'
'SYNTHESIS':'LEVOTHYROXINE'
'SYNTHRIOD':'LEVOTHYROXINE'
'SYNTHROID':'LEVOTHYROXINE'
'SYNTROID':'LEVOTHYROXINE'
'SYTHROID':'LEVOTHYROXINE'
'ASPERCREME':'LIDOCAINE'
'LIDOCAINE':'LIDOCAINE'
'LIDOCAINE (ADHESIVE PATCH, MEDICATED)':'LIDOCAINE'
'LIDOCAINE PATCH':'LIDOCAINE'
'LIDOCAINE PATCH ON BACK':'LIDOCAINE'
'LIDOCAINE PATCHES':'LIDOCAINE'
'LIDOCAINE-PRILOCAINE':'LIDOCAINE'
'LIDODERM PATCH':'LIDOCAINE'
'LINACLOTIDE':'LINACLOTIDE'
'LINZESS':'LINACLOTIDE'
'TRADJENTA':'LINAGLIPTIN'
'TRAJENTA (LINAGLIPTIN)':'LINAGLIPTIN'
'CYTOMEL':'LIOTHYRONINE'
'LIOTHYRONIN':'LIOTHYRONINE'
'LIOTHYRONINE':'LIOTHYRONINE'
'LIOTHYROXINE AKA CYTOMEL':'LIOTHYRONINE'
'SAXENDA':'LIRAGLUTIDE'
'VICTOZA':'LIRAGLUTIDE'
'VIVANCE':'LISDEXAMFETAMINE'
'VIVANZE':'LISDEXAMFETAMINE'
'VOYVANCE':'LISDEXAMFETAMINE'
'VYVANCE':'LISDEXAMFETAMINE'
'VYVANSE':'LISDEXAMFETAMINE'
'LASINOPRINE':'LISINOPRIL'
'LECINAPRIL':'LISINOPRIL'
'LINSINOPRIL':'LISINOPRIL'
'LINSOPRIAL':'LISINOPRIL'
'LINSOPRIL':'LISINOPRIL'
'LIPSINOPROL':'LISINOPRIL'
'LISENOPRIL':'LISINOPRIL'
'LISINAPRIL':'LISINOPRIL'
'LISINIPRIL':'LISINOPRIL'
'LISINIPROL':'LISINOPRIL'
'LISINOPRIC':'LISINOPRIL'
'LISINOPRIL':'LISINOPRIL'
'LISINOPRIL AKA PRINIVIL OR ZESTRIL':'LISINOPRIL'
'LISINOPRIL HCL':'LISINOPRIL'
'LISINOPRIL TABS':'LISINOPRIL'
'LISINOPRIN':'LISINOPRIL'
'LISINOPROL':'LISINOPRIL'
'LISINOPROLE':'LISINOPRIL'
'LISINPRIL':'LISINOPRIL'
'LISIOPRIL':'LISINOPRIL'
'LISNOPRIL':'LISINOPRIL'
'LUCINAPRIL':'LISINOPRIL'
'LYSINAPRIL':'LISINOPRIL'
'LYSINIPRIL':'LISINOPRIL'
'LYSINOPRIL':'LISINOPRIL'
'PRINIVIL':'LISINOPRIL'
'LISINOPRIL HCTZ':'LISINOPRIL/HCTZ'
'LISINOPRIL HYDROCHLOROTHIAZIDE':'LISINOPRIL/HCTZ'
'LISINOPRIL-HCTZ':'LISINOPRIL/HCTZ'
'LISINOPRIL-HYDROCHLORORTHIAZIDE':'LISINOPRIL/HCTZ'
'LISINOPRIL-HYDROCHLOROTHIAZIDE':'LISINOPRIL/HCTZ'
'LISINOPRIL-HYDROCHLORTHIAZIDE':'LISINOPRIL/HCTZ'
'LISINOPRIL-HYROCHLOROTHIAZIDE':'LISINOPRIL/HCTZ'
'LISINOPRIL/HCTZ':'LISINOPRIL/HCTZ'
'LISINOPRIL/HYDROCHLOROT':'LISINOPRIL/HCTZ'
'IMMODIUM':'LOPERAMIDE'
'IMODIUM':'LOPERAMIDE'
'LOPERAMIDE':'LOPERAMIDE'
'LOPERAMIDE HCL':'LOPERAMIDE'
'ORADENINE':'LORATADINE'
'ALAVERT':'LORATADINE'
'ALLERCLEAR':'LORATADINE'
'ALLERCLEAR (OTC ALLERGY MEDICATION)':'LORATADINE'
'ALLERGY RELIEF OTC LORATADINE':'LORATADINE'
'CLARATIN':'LORATADINE'
'CLARITAN':'LORATADINE'
'CLARITIN':'LORATADINE'
'CLARITIN (SEASONALLY)':'LORATADINE'
'CLARITYN':'LORATADINE'
'GENERIC CLARITIN':'LORATADINE'
'LORADADINE':'LORATADINE'
'LORATADINE':'LORATADINE'
'LORATADINE (CLARITIN)':'LORATADINE'
'LORATADINE ANTIHISTAMINE':'LORATADINE'
'LORATIDINE':'LORATADINE'
'OFF-BRAND CLARITIN':'LORATADINE'
'CHILDREN'S CLARITIN':'LORATADINE'
'CHILDREN'S LORATADINE CHEWABLES':'LORATADINE'
'CLARITIN-D 24HR':'LORATADINE'
'ADAVAN':'LORAZEPAM'
'ATIVAN':'LORAZEPAM'
'LORAZAPAM':'LORAZEPAM'
'LORAZEPAM':'LORAZEPAM'
'LORAZOPAM':'LORAZEPAM'
'LOREZAPAN':'LORAZEPAM'
'COSAR':'LOSARTAN'
'COZAAR':'LOSARTAN'
'COZAR':'LOSARTAN'
'LASARTIN POTASSIUM':'LOSARTAN'
'LORSARTAN':'LOSARTAN'
'LORSARTAN POTASSIUM':'LOSARTAN'
'LOSARATAN':'LOSARTAN'
'LOSARTAIN':'LOSARTAN'
'LOSARTAN':'LOSARTAN'
'LOSARTAN (COZAAR)':'LOSARTAN'
'LOSARTAN (LOSARTAN 100 MG ORAL TABLET)':'LOSARTAN'
'LOSARTAN HQT2':'LOSARTAN'
'LOSARTEN':'LOSARTAN'
'LOSARTIN':'LOSARTAN'
'LOSATIN':'LOSARTAN'
'LOSORTAN':'LOSARTAN'
'LOZARTIN':'LOSARTAN'
'ZAZAAR':'LOSARTAN'
'LOSARTAN K TABLETS':'LOSARTAN'
'LOSARTAN POT':'LOSARTAN'
'LOSARTAN POT/HYDROCHLOROTHIAZIDE':'LOSARTAN'
'LOSARTAN POTASSIUM':'LOSARTAN'
'LOSARTAN POTASSIUM (TABLET) COZAAR':'LOSARTAN'
'LOSARTIN POTASSIUM':'LOSARTAN'
'LOSERTAN POTASSIUM':'LOSARTAN'
'LOZAROTAN POTASSIUM':'LOSARTAN'
'LOSARTAN WITH HCTZ':'LOSARTAN/HCTZ'
'LOSARTAN-HCTZ':'LOSARTAN/HCTZ'
'LOSARTAN/HCT':'LOSARTAN/HCTZ'
'LOSARTAN/HCTZ':'LOSARTAN/HCTZ'
'LOSARTAN/HYDROCHLOROTHIAZIDE':'LOSARTAN/HCTZ'
'LOSER TAN POTASSIUM HCTZ':'LOSARTAN/HCTZ'
'LOSARTAN POTASSIUM HCT':'LOSARTAN/HCTZ'
'LOVASTATIN':'LOVASTATIN'
'AMITIZA':'LUBIPROSTONE'
'LUBIPROSTONE':'LUBIPROSTONE'
'LUBIPROXTONE':'LUBIPROSTONE'
'LUSPATERCEPT':'LUSPATERCEPT'
'LUBOX':'LUVOX'
'LUVOX':'LUVOX'
'MAGNESIUM':'MAGNESIUM'
'MAGNESIUM CITRATE':'MAGNESIUM'
'MAGNESIUM HYDROXIDE':'MAGNESIUM'
'MAGNESIUM OXIDE':'MAGNESIUM'
'MCLIZINE':'MECLIZINE'
'MECLIZINE':'MECLIZINE'
'MECLLIZINE':'MECLIZINE'
'MELATONIN':'MELATONIN'
'MELAXOCIAM':'MELOXICAM'
'MELOXICAM':'MELOXICAM'
'MELOXOCAM':'MELOXICAM'
'MOBIC':'MELOXICAM'
'MEMANTINE':'MEMANTINE'
'MEMANTINE HCL':'MEMANTINE'
'MESALAMINE':'MESALAMINE'
'MEDFORMIN':'METFORMIN'
'MEFORMIN':'METFORMIN'
'METAFORMIN':'METFORMIN'
'METFORMIN':'METFORMIN'
'METFORMIN HCI':'METFORMIN'
'METFORMIN HCL':'METFORMIN'
'METFORMIN HCL (TABLET) GLUCOPHAGE':'METFORMIN'
'METFORMIN HLC':'METFORMIN'
'METFORMIN HYDROCHLORIDE':'METFORMIN'
'METFORMINE HCL':'METFORMIN'
'METFORMINHCL':'METFORMIN'
'METFORMIN HCL ER':'METFORMIN'
'METFORMIN HYDROCHLORIDE ER':'METFORMIN'
'METAFORMIN ER':'METFORMIN'
'METFORMIN ER':'METFORMIN'
'METFORMIN XR':'METFORMIN'
'METHANIMINE':'METHENAMINE'
'METHIMAZOLE':'METHIMAZOLE'
'METHACARBO':'METHOCARBAMOL'
'METHOCARBAMOL':'METHOCARBAMOL'
'METHOCARBOMAL':'METHOCARBAMOL'
'ROBAXIN':'METHOCARBAMOL'
'METHOTREXATE':'METHOTREXATE'
'METHYLCELLULOSE':'METHYLCELLULOSE'
'METODOPA':'METHYLDOPA'
'CONCERTA':'METHYLPHENIDATE'
'CONCERTA ER':'METHYLPHENIDATE'
'METHOLFENADAID':'METHYLPHENIDATE'
'METHYLPHENIDATE':'METHYLPHENIDATE'
'METHYLPHENIDATE (RITALIN)':'METHYLPHENIDATE'
'METHYLPHENIDATE HCL':'METHYLPHENIDATE'
'RITALIN':'METHYLPHENIDATE'
'RITALIN FOR ADHD, HAS NOT BEEN TAKING IT BECAUSE DOESN'T LIKE HOW IT MAKES HIM FEEL (HAD ZERO APPETITE)':'METHYLPHENIDATE'
'RITALIN NON EXTENDED RELEASE':'METHYLPHENIDATE'
'RITALIN IR':'METHYLPHENIDATE'
'METHYLPHENIDATE ER':'METHYLPHENIDATE'
'RITALIN EXTENDED RELEASE':'METHYLPHENIDATE'
'RITALIN XR':'METHYLPHENIDATE'
'DESOCIMETASONE':'**SKIN STEROID'
'SOLUMEDROL':'METHYLPREDNISOLONE'
'METOCLOPRAMIDE':'METOCLOPRAMIDE'
'METOLAZONE':'METOLAZONE'
'METAPROLOL':'METOPROLOL'
'METATROPOL':'METOPROLOL'
'METOPOROL':'METOPROLOL'
'METOPRILOL':'METOPROLOL'
'METOPROL':'METOPROLOL'
'METOPROLAL':'METOPROLOL'
'METOPROLO':'METOPROLOL'
'METOPROLOL':'METOPROLOL'
'METOPROLOL ER':'METOPROLOL'
'METOPROPAL':'METOPROLOL'
'METROPLOL':'METOPROLOL'
'METROPOLE':'METOPROLOL'
'METROPOLOL':'METOPROLOL'
'METROPROLOL':'METOPROLOL'
'TOPOROL':'METOPROLOL'
'TOPROL':'METOPROLOL'
'METOPROLOL SUCC':'METOPROLOL'
'METOPROLOL SUCCINATE ER':'METOPROLOL'
'METOPROPOL SUCCINATE':'METOPROLOL'
'METOPROLOL SUCC ER':'METOPROLOL'
'METOPROLOL SUCC. ER':'METOPROLOL'
'METOPROLOL SUCCESS ER':'METOPROLOL'
'METOPROLOL SUCCINATE':'METOPROLOL'
'METOPROLOL SUCCINATE SUSTAINED RELEASE TABLET':'METOPROLOL'
'METOPROLOL SUCCINATE XL':'METOPROLOL'
'METOPROLOLO SUCCINATE ER':'METOPROLOL'
'NATROPILAL SUCCONATE':'METOPROLOL'
'METOPROLOL TANTRATE':'METOPROLOL'
'METOPROLOL TARTRATE':'METOPROLOL'
'METOPROLOL XL':'METOPROLOL'
'TOPROL XL':'METOPROLOL'
'TROPOL XL':'METOPROLOL'
'METOPROLOL XR':'METOPROLOL'
'METRONIDAZOLE':'METRONIDAZOLE'
'METRONIDAZOLE 0.75%':'METRONIDAZOLE'
'METRONIDAZOLE 1% GEL':'METRONIDAZOLE'
'METRONIDAZOLE CREAM':'METRONIDAZOLE'
'MIDODRINE':'MIDODRINE'
'MILK THISTLEECTUACT':'MILK THISTLE'
'MENOCYCLINE':'MINOCYCLINE'
'MINOXIDIL':'MINOXIDIL'
'MIRABEGRON':'MIRABEGRON'
'MIRABEGRON XR':'MIRABEGRON'
'MYBETRIQ':'MIRABEGRON'
'MYRBETIG':'MIRABEGRON'
'MYRBETRIQ':'MIRABEGRON'
'MYRBETRQ':'MIRABEGRON'
'MIRTAZAPINE':'MIRTAZAPINE'
'MIRTAZIPINE':'MIRTAZAPINE'
'REMERON':'MIRTAZAPINE'
'MODAFINIL':'MODAFINIL'
'ASMANEX TWISTHALER':'MOMETASONE'
'MOMETASONE FURNACE':'MOMETASONE'
'MOMETASONE FUROATE':'MOMETASONE'
'MOMETASONE FUROATE INHALER':'MOMETASONE'
'MOMETSONE':'MOMETASONE'
'NASANEX':'MOMETASONE'
'NASONAX':'MOMETASONE'
'NASONEX':'MOMETASONE'
'DULERA':'MOMETASONE'
'MONOLOCAST':'MONTELUKAST'
'MONOLUOKAST':'MONTELUKAST'
'MONTALUCAS':'MONTELUKAST'
'MONTALUKEST':'MONTELUKAST'
'MONTEKULAST':'MONTELUKAST'
'MONTELLUKAST':'MONTELUKAST'
'MONTELUKAST':'MONTELUKAST'
'MONTELUKST (CINGULAR)':'MONTELUKAST'
'MONTELUKAST SOD':'MONTELUKAST'
'MONTELUKAST SODIUM':'MONTELUKAST'
'SINGULAIR':'MONTELUKAST'
'SINGULAIR (MONTELUKAST)':'MONTELUKAST'
'SINGULAIR ANTIHISTIME':'MONTELUKAST'
'SINGULAR':'MONTELUKAST'
'SUNGULAIR':'MONTELUKAST'
'MOXIFLOXACIN':'MOXIFLOXACIN'
'MOXIFLOXACIN 0.5%':'MOXIFLOXACIN'
'TRIPHROCAPS':'MVI'
'CENTRUM SILVER':'MVI'
'FOCUS':'MVI'
'GOLO':'MVI'
'ALIVE MULTIVITAMIN':'MVI'
'MILTIVITAMIN':'MVI'
'MULTI VITAMIN':'MVI'
'MULTI-VITAMIN':'MVI'
'MULTIVIT WITH MINERALS/LUTEIN (TABLET) CENTRUM SILVER':'MVI'
'MULTIVITAMIN':'MVI'
'MULTIVITAMIN (SMARTYPANTS COMPLETE)':'MVI'
'MULTIVITAMIN WOMEN'S 50+':'MVI'
'MULTIVITAMIN-FLINSTONES CHEWY':'MVI'
'PEER VISION MULTIVITAMIN':'MVI'
'PRENATAL VITAMINS':'MVI'
'VITAMINS':'MVI'
'WOMEN MULTI VITAMIN':'MVI'
'WOMEN'S MULTI VITAMIN':'MVI'
'NEPHROVITE':'MVI'
'SPECTRAVITE':'MVI'
'VELAVITRUM':'MVI'
'NABUMETONE':'NABUMETONE'
'RELAFEN':'NABUMETONE'
'NADALOL':'NADOLOL'
'NADOLOL':'NADOLOL'
'NALXONE':'NALOXONE'
'LD NALTREXONE':'NALTREXONE'
'LOW DOSE NALTREXONE':'NALTREXONE'
'NALTREXONE':'NALTREXONE'
'CONTRAVE':'NALTREXONE/BUPROPION'
'ALEVE':'NAPROXEN'
'NAPROXEN':'NAPROXEN'
'NAPROXEN SODIUM':'NAPROXEN'
'NAPROXIN':'NAPROXEN'
'NAXPROXEN':'NAPROXEN'
'NIPROXIN':'NAPROXEN'
'BYSTOLIC':'NEBIVOLOL'
'NEBIVOLOL HCL':'NEBIVOLOL'
'NEBINOLOL HYDOCHLORIDE':'NEBIVOLOL'
'NIASPAN':'NIACIN'
'NIFEDIPINE':'NIFEDIPINE'
'NIFEDIPINE ER':'NIFEDIPINE'
'NIFEDICAL XL':'NIFEDIPINE'
'PROCARDIA XL':'NIFEDIPINE'
'MACROBID':'NITROFURANTOIN'
'NITROFERRENTIN':'NITROFURANTOIN'
'NITROFURANTIN':'NITROFURANTOIN'
'NITROFURANTOIN':'NITROFURANTOIN'
'NITROFURATONIN MACROCRYSTAL':'NITROFURANTOIN'
'NITROGLYCERIN':'NITROGLYCERIN'
'NITROGLYCERIN TABLET':'NITROGLYCERIN'
'NITROSTAT':'NITROGLYCERIN'
'NIZATIDINE':'NIZATIDINE'
'NORTRIPTILINE':'NORTRIPTYLINE'
'NORTRIPTOLINE':'NORTRIPTYLINE'
'NORTRIPTYLINE':'NORTRIPTYLINE'
'NORTRIPTYLINE CAPS':'NORTRIPTYLINE'
'NORTRPTYLINE':'NORTRIPTYLINE'
'VITAMIN E':'E VITAMIN'
'OFLOXACIN':'OFLOXACIN'
'OLANZAPINE':'OLANZAPINE'
'LYNPARZA':'OLAPARIB'
'BENICAR':'OLMESARTAN'
'OLMESARTAN':'OLMESARTAN'
'BENICAR HCT':'OLMESARTAN'
'PEPSIN':'FAMOTIDINE'
'OLMESARTAN.HCTZ':'OLMESARTAN/HCTZ'
'OLMESCARTAN/HCTZ':'OLMESARTAN/HCTZ'
'FISH OIL':'OMEGA-3'
'FISH OIL AND VITAMIN D':'OMEGA-3'
'FLAX ORLOMEGA 3, 6, 9':'OMEGA-3'
'MAXEPA':'OMEGA-3'
'MEGA RED OMEGA3 KRILL OIL':'OMEGA-3'
'OMEGA 3':'OMEGA-3'
'OMEGA 3 FISH OIL':'OMEGA-3'
'OMEGA-3 ACID ETHYL ESTERS':'OMEGA-3'
'1 OMEPREZOLE':'OMEPRAZOLE'
'AMEPRAZOL':'OMEPRAZOLE'
'AMETPROZAL':'OMEPRAZOLE'
'DMEPRAZOLE':'OMEPRAZOLE'
'OMEPPRAZOLE':'OMEPRAZOLE'
'OMEPRAZOL':'OMEPRAZOLE'
'OMEPRAZOLE':'OMEPRAZOLE'
'OMEPRAZOLE (PRILOSEC)':'OMEPRAZOLE'
'OMEPRAZOLE DELAYED RELEASE TABLET':'OMEPRAZOLE'
'OMEPRAZOLE DR':'OMEPRAZOLE'
'OMEPRAZONE':'OMEPRAZOLE'
'OMEPROLOL':'OMEPRAZOLE'
'OMEPROZAL':'OMEPRAZOLE'
'OMEPROZOL':'OMEPRAZOLE'
'OMEPROZOLE':'OMEPRAZOLE'
'OMMEPREZOLE':'OMEPRAZOLE'
'OMPERAZOLE':'OMEPRAZOLE'
'OMPRAZOLE':'OMEPRAZOLE'
'OMPREZOLE':'OMEPRAZOLE'
'PRILOSEC':'OMEPRAZOLE'
'PRILOSEC GENERIC':'OMEPRAZOLE'
'PRILOSEC OTC':'OMEPRAZOLE'
'PRILOSEC-AMEPROZOL':'OMEPRAZOLE'
'PRISOLEC':'OMEPRAZOLE'
'ONDANATRON':'ONDANSETRON'
'ONDANSETRON':'ONDANSETRON'
'ZOFRAN':'ONDANSETRON'
'ZOFRAN ODT':'ONDANSETRON'
'OSELTAMIVIR':'OSELTAMIVIR'
'TAMIFLU':'OSELTAMIVIR'
'TROPAIN XL':'OXYBUTYNIN'
'OXYBUTANINE':'OXYBUTYNIN'
'OXYBUTININ':'OXYBUTYNIN'
'OXYBUTYNIN':'OXYBUTYNIN'
'OXYBUTYNIN CL ER':'OXYBUTYNIN'
'OXYBUTYNIN CL XR':'OXYBUTYNIN'
'OXICODONE':'OXYCODONE'
'OXYCCODONE':'OXYCODONE'
'OXYCODON':'OXYCODONE'
'OXYCODONE':'OXYCODONE'
'OXYCONTIN':'OXYCODONE'
'OXYCOTIN':'OXYCODONE'
'OXYCODONE HCL':'OXYCODONE'
'OXICODONE-ACETAMINOPHEN':'OXYCODONE/ACETAMINOPHEN'
'OXYCODONE ACETAMINOPHEN':'OXYCODONE/ACETAMINOPHEN'
'OXYCODONE-ACETAMINOPHEN':'OXYCODONE/ACETAMINOPHEN'
'PERCOCET':'OXYCODONE/ACETAMINOPHEN'
'PERCOSET':'OXYCODONE/ACETAMINOPHEN'
'PERCOSETS':'OXYCODONE/ACETAMINOPHEN'
'PEROCET':'OXYCODONE/ACETAMINOPHEN'
'PALBOCICLIB':'PALBOCICLIB'
'CREON':'PANCRELIPASE'
'PANCRELIPASE':'PANCRELIPASE'
'PANTAPRAZOLE':'PANTOPRAZOLE'
'PANTAPROZOLE':'PANTOPRAZOLE'
'PANTOPRAZOLE':'PANTOPRAZOLE'
'PANTROPRAZOLE':'PANTOPRAZOLE'
'PENTAPROZOLE':'PANTOPRAZOLE'
'PENTOPRAZIL':'PANTOPRAZOLE'
'PROTOIIX':'PANTOPRAZOLE'
'PROTONICS':'PANTOPRAZOLE'
'PROTONIX':'PANTOPRAZOLE'
'PANTOPRAZOLE DR':'PANTOPRAZOLE'
'PANTOPRAZOLE EC':'PANTOPRAZOLE'
'PANTOPRAZOLE SOD DR':'PANTOPRAZOLE'
'PANTOPRAZOLE SOD':'PANTOPRAZOLE'
'PANTOPRAZOLE SODIUM':'PANTOPRAZOLE'
'PAROXETENE':'PAROXETINE'
'PAROXETINE':'PAROXETINE'
'PAXIL':'PAROXETINE'
'VELTASSA':'PATIROMER'
'AZO':'PHENAZOPYRIDINE'
'PHENTERMINE':'PHENTERMINE'
'PHENTERMINE HYDROCHLORIDE':'PHENTERMINE'
'PHENYLEPHRINE':'PHENYLEPHRINE'
'PHENYTOIN SODIUM':'PHENYTOIN'
'FLUISINOID':'FLUNISOLIDE'
'PIOGLITAZONE (ACTOS)':'PIOGLITAZONE'
'LIVALO':'PITAVASTATIN'
'ZEBPOUND':'TIRZEPATIDE'
'MIRALAX':'POLYETHYLENE GLYCOL'
'POLYEHTYLENE GLYCOL':'POLYETHYLENE GLYCOL'
'POLYETH GLYCOL':'POLYETHYLENE GLYCOL'
'POLYETHYLENE GLYCOL':'POLYETHYLENE GLYCOL'
'POLYETHYLENE GLYCOL (MIRALAX)':'POLYETHYLENE GLYCOL'
'KLOR-CON':'POTASSIUM'
'KLOR-CON M10':'POTASSIUM'
'KLOR-CON M20ER':'POTASSIUM'
'KLORCON':'POTASSIUM'
'POTASSIUM':'POTASSIUM'
'POTASSIUM CHLORIDE':'POTASSIUM'
'POTASSIUM CL ER':'POTASSIUM'
'POTTASIUM CHLORIDE':'POTASSIUM'
'POTASSIUM CL CR WM':'POTASSIUM'
'POT CL MICRO TAB':'POTASSIUM'
'POTASSIUM CHLORIDE CRYSTALS ER':'POTASSIUM'
'POTASSIUM CHLORIDE EXTENDED RELEASE':'POTASSIUM'
'MIRAPEX':'PRAMIPEXOLE'
'PRAMIPEXOLE':'PRAMIPEXOLE'
'PARVASTATIN':'PRAVASTATIN'
'PRAUASTATIN':'PRAVASTATIN'
'PRAVACHOL':'PRAVASTATIN'
'PRAVASTATIN':'PRAVASTATIN'
'PRAVASTATIN (PRAVACHOL)':'PRAVASTATIN'
'PRAVASTATIN SOD.':'PRAVASTATIN'
'PRAVASTATIN SODIUM':'PRAVASTATIN'
'PRAVASTATIN SODIUM TAB':'PRAVASTATIN'
'PRAVASTIN':'PRAVASTATIN'
'PREVASTATIN':'PRAVASTATIN'
'PREVOSTATIN':'PRAVASTATIN'
'PROVASTIN':'PRAVASTATIN'
'PROVASTITIN':'PRAVASTATIN'
'TRAVASTATIN':'PRAVASTATIN'
'PRAZOSIN':'PRAZOSIN'
'PREDNISONE':'PREDNISONE'
'PRENDOSONE':'PREDNISONE'
'LYRICA':'PREGABALIN'
'PREGABALIN':'PREGABALIN'
'PREGABALIN/ LYRICA':'PREGABALIN'
'PREGABLIN':'PREGABALIN'
'ZEPBOUND':'TIRZEPATIDE'
'PEPTO':'BISMUTH SUBSALICYLATE'
'PREVAGEN':'PREVAGEN'
'PRIMADONE':'PRIMIDONE'
'PRIMIDONE':'PRIMIDONE'
'CULTURELLE PROBOTIC':'PROBIOTIC'
'BIOX4 (PROBIOTIC)':'PROBIOTIC'
'PRIOBIOTIC':'PROBIOTIC'
'PROBIOTIC':'PROBIOTIC'
'PROBIOTICS':'PROBIOTIC'
'PROCHLORPERAZINE':'PROCHLORPERAZINE'
'PROCHLORPERAZINE MALEATE':'PROCHLORPERAZINE'
'PROPANOLOL':'PROPRANOLOL'
'PROPRANALOL':'PROPRANOLOL'
'PROPRANEROL':'PROPRANOLOL'
'PROPRANOLOL':'PROPRANOLOL'
'PROPRENEROL':'PROPRANOLOL'
'TROPRANOLOL':'PROPRANOLOL'
'PROPANOLOL HYDROCHLORIDE':'PROPRANOLOL'
'PROPRANOLOL HCL':'PROPRANOLOL'
'PROPRANOLOL ER':'PROPRANOLOL'
'LACTAID':'LACTAID'
'PROPYLTHIOURACIL':'PROPYLTHIOURACIL'
'PRUCALOPRIDE':'PRUCALOPRIDE'
'PSEUDOEFFEDRIN':'PSEUDOEPHEDRINE'
'SUDAFED':'PSEUDOEPHEDRINE'
'SUDAFED 12 HR':'PSEUDOEPHEDRINE'
'SUDAFED 4-6 HR':'PSEUDOEPHEDRINE'
'SUPHEDRINE':'PSEUDOEPHEDRINE'
'QUETIAPINE':'QUETIAPINE'
'QUETRAPINE FUMARATE':'QUETIAPINE'
'ACIPHEX':'RABEPRAZOLE'
'ACIPHEX (GENERIC PANTOPRAZOLE)':'RABEPRAZOLE'
'EVISTA':'RALOXIFENE'
'RALOXIFENE':'RALOXIFENE'
'RAMOR':'RAMIPRIL'
'ALTACE':'RAMIPRIL'
'RAMIPRIL':'RAMIPRIL'
'RANITIDINE':'RANITIDINE'
'RANITIDINE (ZANTAC)':'RANITIDINE'
'RANITIDINE HCL':'RANITIDINE'
'RANTIDINE':'RANITIDINE'
'RAVITIDINE':'RANITIDINE'
'XANTAK':'RANITIDINE'
'ZANTAC':'RANITIDINE'
'RANEXA':'RANOLAZINE'
'REPAGLINIDE':'REPAGLINIDE'
'RESEDRONATE':'RISEDRONATE'
'RISPERDONE':'RISPERIDONE'
'RISPERIDOL':'RISPERIDONE'
'RIVAROXABAN':'RIVAROXABAN'
'RIVAROXABAN (XARELTO)':'RIVAROXABAN'
'SERALATO':'RIVAROXABAN'
'XARELTO':'RIVAROXABAN'
'XERALTO':'RIVAROXABAN'
'XERELTO':'RIVAROXABAN'
'ZARELTO':'RIVAROXABAN'
'ZEROLTOL':'RIVAROXABAN'
'ZYRELTO':'RIVAROXABAN'
'RITZATRIPTAN':'RIZATRIPTAN'
'RIZATRIPTAN':'RIZATRIPTAN'
'RIZATRIPTAN BENZOATE':'RIZATRIPTAN'
'RIZATRIPTAPAN BENZONATATE':'RIZATRIPTAN'
'RIZATRIPTIN':'RIZATRIPTAN'
'RIZTRIPATAN':'RIZATRIPTAN'
'ROPINEROLE':'ROPINIROLE'
'ROPINIROLE':'ROPINIROLE'
'ROPINIROLE HCL':'ROPINIROLE'
'ROPINIROLL':'ROPINIROLE'
'ROPINOROL':'ROPINIROLE'
'ROPINOROLE':'ROPINIROLE'
'CRESTOR':'ROSUVASTATIN'
'RASUVASTATIN':'ROSUVASTATIN'
'REVOSTATIN':'ROSUVASTATIN'
'REZUMETSTATIN':'ROSUVASTATIN'
'ROSUVASTAT':'ROSUVASTATIN'
'ROSUVASTATIN':'ROSUVASTATIN'
'ROSUVASTATIN CALCIUM':'ROSUVASTATIN'
'ROSUVASTATIN CALCIUM (CRESTOR)':'ROSUVASTATIN'
'ROSVASTATIN CALCIUM':'ROSUVASTATIN'
'ROVASTATIN':'ROSUVASTATIN'
'ROVUSTATIN':'ROSUVASTATIN'
'ENTRESTO':'SACUBITRIL/VALSARTAN'
'SEA MOSS':'SEA MOSS'
'OZEMPIC':'SEMAGLUTIDE'
'RYBELSUS':'SEMAGLUTIDE'
'SEMAGLUTIDE "SKINNY SHOT"':'SEMAGLUTIDE'
'SEMAGLUTIDE (WEGOVY)':'SEMAGLUTIDE'
'SEMEGLUTIDE':'SEMAGLUTIDE'
'WEGOVY':'SEMAGLUTIDE'
'SEENA':'SENNA'
'SENNA':'SENNA'
'SENNA-DOCUSATE SODIUM':'SENNA'
'SENNOSIDES':'SENNA'
'CITRULLINE (ZOLOFT)':'SERTRALINE'
'SERATILINE (ZOLOFT)':'SERTRALINE'
'SERTALINE':'SERTRALINE'
'SERTHALINE':'SERTRALINE'
'SERTRALINE':'SERTRALINE'
'SERTRALINE HCL':'SERTRALINE'
'SERTROLINE':'SERTRALINE'
'SETRALINE':'SERTRALINE'
'SURTRULINE':'SERTRALINE'
'ZOLOFT':'SERTRALINE'
'REVATIO':'SILDENAFIL'
'SILDAFENIL':'SILDENAFIL'
'SILDENAFI':'SILDENAFIL'
'SILDENAFIL':'SILDENAFIL'
'SILDENAFIL (REVATIO)':'SILDENAFIL'
'SILDENAFIL (VIAGRA)':'SILDENAFIL'
'SILDENAFIL CITRATE':'SILDENAFIL'
'SLIDENFANIL':'SILDENAFIL'
'VIAGRA':'SILDENAFIL'
'ZILDENAPHIL':'SILDENAFIL'
'RAPAFLO':'SILODOSIN'
'SILODOSIN':'SILODOSIN'
'SIMETHICONE':'SIMETHICONE'
'SIMETHICONE (MYLICON)':'SIMETHICONE'
'SIMASTATIN':'SIMVASTATIN'
'SIMBASTIN (CHOLESTEROL)':'SIMVASTATIN'
'SIMIVASTIN':'SIMVASTATIN'
'SIMUASTATIN':'SIMVASTATIN'
'SIMVASTATIN':'SIMVASTATIN'
'SIMVASTATIN (ZOCOR)':'SIMVASTATIN'
'SIMVASTATIN AKA ZOCOR':'SIMVASTATIN'
'SIMVASTIN':'SIMVASTATIN'
'SIMVESTATIN':'SIMVASTATIN'
'SIMVISTATIN':'SIMVASTATIN'
'SIMVOSTATIN':'SIMVASTATIN'
'SIVOSTATIN':'SIMVASTATIN'
'SUNVASTATIN':'SIMVASTATIN'
'SYMBOSTATIN':'SIMVASTATIN'
'SYMVASTATIN':'SIMVASTATIN'
'ZOCOR':'SIMVASTATIN'
'JANUVIA':'SITAGLIPTIN'
'AOLIFENACIN':'SOLIFENACIN'
'SOLFIENACIN':'SOLIFENACIN'
'SOLIFENACIN':'SOLIFENACIN'
'SOLIFENACIN SUCCINATE':'SOLIFENACIN'
'SOTALOL':'SOTALOL'
'SPIRILOLACTONE':'SPIRONOLACTONE'
'SPIRINOLACTONE':'SPIRONOLACTONE'
'SPIROLACTOME':'SPIRONOLACTONE'
'SPIROLACTONE':'SPIRONOLACTONE'
'SPIROLDACTONE':'SPIRONOLACTONE'
'SPIROLECTOME':'SPIRONOLACTONE'
'SPIRONALACTONE':'SPIRONOLACTONE'
'SPIRONOLACATE':'SPIRONOLACTONE'
'SPIRONOLACTONE':'SPIRONOLACTONE'
'SPIRONOLACTONE (ALDACTONE)':'SPIRONOLACTONE'
'SPIRONOLOCTOME':'SPIRONOLACTONE'
'KEEP CHOLESTEROL DOWN':'STATIN'
'STATIN':'STATIN'
'STOOL SOFTENER':'STOOL SOFTENER'
'STRONTIUM':'STRONTIUM'
'SUCRALFATE':'SUCRALFATE'
'SULFAMETHOXAZOLE':'SULFAMETHOXAZOLE'
'SULFASALAZINE':'SULFASALAZINE'
'IMITREX':'SUMATRIPTAN'
'IMITREX / SUMATRIPTAN':'SUMATRIPTAN'
'SUMATRIPIN':'SUMATRIPTAN'
'SUMATRIPTAN':'SUMATRIPTAN'
'SUMATRIPTAN SUCC':'SUMATRIPTAN'
'SUMATRIPTAN? MIGRAINES':'SUMATRIPTAN'
'ZUMATRITAN':'SUMATRIPTAN'
'TREXIMET':'SUMATRIPTAN/NAPROXEN'
'TACROLIMUS':'TACROLIMUS'
'CIALIS':'TADALAFIL'
'CILIAS':'TADALAFIL'
'TADALAFIL':'TADALAFIL'
'TADALAFIL (TABLET) CIALIS':'TADALAFIL'
'TADALAPHIL':'TADALAFIL'
'TALADAFIL':'TADALAFIL'
'TALADEPHONE':'TADALAFIL'
'TAMOXIFEN':'TAMOXIFEN'
'TAMOXIFIN':'TAMOXIFEN'
'FLOMAX':'TAMSULOSIN'
'TAMBOLOSIN':'TAMSULOSIN'
'TAMSOLOSOM':'TAMSULOSIN'
'TAMSULOCIN':'TAMSULOSIN'
'TAMSULOSIN':'TAMSULOSIN'
'TAMSULOSIN HCL':'TAMSULOSIN'
'TAMULOSIN':'TAMSULOSIN'
'TAMULOSIN HCL':'TAMSULOSIN'
'TANSOLOSIN':'TAMSULOSIN'
'TIMSILOSUM':'TAMSULOSIN'
'RAMSULOSIN HCL':'TAMSULOSIN'
'NUCYNTA':'TAPENTADOL'
'TELMISARTAN':'TELMISARTAN'
'ODATRA':'ODATRA'
'TEMAZAPAN':'TEMAZEPAM'
'TEMAZEPAM':'TEMAZEPAM'
'TERAGIN':'TERAZOSIN'
'TERASOZIN':'TERAZOSIN'
'TERAZASIN':'TERAZOSIN'
'TERAZOSIN':'TERAZOSIN'
'TERAZOSIN (HYTRIN)':'TERAZOSIN'
'TEROZASIN':'TERAZOSIN'
'FORTEO':'TERIPARATIDE'
'PRE-GABALINE':'PREGABALIN'
'SPIRIVA':'TIOTROPIUM'
'JATENZO':'TESTOSTERONE'
'DEPOTEST':'TESTOSTERONE'
'AXIRON- TESTOSTERONE':'TESTOSTERONE'
'TESTOSTERONE':'TESTOSTERONE'
'TESTOSTERONE CYP':'TESTOSTERONE'
'TESTOSTERONE FV 1% HRT CREAM':'TESTOSTERONE'
'TESTOSTERONE GEL':'TESTOSTERONE'
'TOPICAL BIOIDENTICAL HORMONE CREAM (TESTOSTERONE)':'TESTOSTERONE'
'XYOSTED':'TESTOSTERONE'
'TETRACYCLINE':'TETRACYCLINE'
'THEOPHYLLINE':'THEOPHYLLINE'
'SPIRIVA RESPIMAT':'TIOTROPIUM'
'AMOURTHYROID':'THYROID'
'DESSICATED THYROID':'THYROID'
'NATURE THROID':'THYROID'
'NATURE THYROID':'THYROID'
'NATURETROID':'THYROID'
'THYROID (PORK)':'THYROID'
'NP THYROID':'THYROID'
'BRILENTA':'TICAGRELOR'
'BRILINTA':'TICAGRELOR'
'TINIDAZOLE':'TINIDAZOLE'
'SPRIVA':'TIOTROPIUM'
'TIOTROPIUM':'TIOTROPIUM'
'COLESTRIPOL':'COLESTIPOL'
'PIVASTATIN':'PITAVASTATIN'
'STILIOTO':'TIOTROPIUM/OLODATEROL'
'STIOLTO':'TIOTROPIUM/OLODATEROL'
'MOUNJARO':'TIRZEPATIDE'
'TIRZEPATIDE':'TIRZEPATIDE'
'TIRZEPATIDE (MOUNJARO)':'TIRZEPATIDE'
'TIZANIDINE':'TIZANIDINE'
'TIZINADINE':'TIZANIDINE'
'TRIZADINE':'TIZANIDINE'
'TIZANIDINE HCL':'TIZANIDINE'
'TOLTERODINE':'TOLTERODINE'
'TOPIRAMATE':'TOPIRAMATE'
'TOPOMAX':'TOPIRAMATE'
'TORSEMIDE':'TORSEMIDE'
'TRAMADOL':'TRAMADOL'
'TRAMADON':'TRAMADOL'
'TRAMODOL':'TRAMADOL'
'TRAMADOL HCL':'TRAMADOL'
'ULTRACET':'TRAMADOL/ACETAMINOPHEN'
'TRANDOLAPRIL':'TRANDOLAPRIL'
'DESYREL':'TRAZODONE'
'TRADOZONE':'TRAZODONE'
'TRAZADONE':'TRAZODONE'
'TRAZEDOME':'TRAZODONE'
'TRAZEDONE':'TRAZODONE'
'TRAZIDONE':'TRAZODONE'
'TRAZODONE':'TRAZODONE'
'TRAZODONE (DESYREL)':'TRAZODONE'
'TRAZODONE TAB':'TRAZODONE'
'TREZADONE':'TRAZODONE'
'TRAZADONE HCL':'TRAZODONE'
'TRAZADONE HYDROCHLORIDE':'TRAZODONE'
'TRAZODONE HCI':'TRAZODONE'
'TRAZODONE HCL':'TRAZODONE'
'NASACORE':'TRIAMCINOLONE'
'NASACORT':'TRIAMCINOLONE'
'NASALCORT':'TRIAMCINOLONE'
'NASOCORT':'TRIAMCINOLONE'
'TRIAMETERINE':'TRIAMTERENE'
'TRIAMETRENE':'TRIAMTERENE'
'TRIAMTERENE':'TRIAMTERENE'
'TRIAMTIRINE':'TRIAMTERENE'
'TRIANTRINE':'TRIAMTERENE'
'PS 100 PHOSPHATIDYLSERINE':'PHOSPHATIDYLSERINE'
'TRIPROLIDINE-PSEUDOEPHEDRINE (ANTIHISTAMINE)':'TRIPROLIDINE'
'TROSPIUM':'TROSPIUM'
'TROSPIUM CH':'TROSPIUM'
'TROSPIUM CHLORIDE ER':'TROSPIUM'
'NOXICARE':'TURMERIC'
'TUMERIC':'TURMERIC'
'TURMERIC':'TURMERIC'
'TURMERIC CU5CUMIN':'TURMERIC'
'TURMERIC CURCUMIN':'TURMERIC'
'UD3':'UD3'
'ANORO ELLIPTA':'UMECLIDINIUM/VILANTEROL'
'PROPYLENE GLYCOL':'PROPYLENE GLYCOL'
'STELLARA':'USTEKINUMAB'
'ICVALACYCLOVIR (VALTREX)':'VALACYCLOVIR'
'VALACYCLOVIR':'VALACYCLOVIR'
'VALACYCLOVYR':'VALACYCLOVIR'
'VALANCYCLOVIR':'VALACYCLOVIR'
'VALCYCLOVIR':'VALACYCLOVIR'
'VALTREX':'VALACYCLOVIR'
'VALYCLOVIR':'VALACYCLOVIR'
'VALACYCLOVIR HCL':'VALACYCLOVIR'
'VALASARTAN':'VALSARTAN'
'VALSARTAIN':'VALSARTAN'
'VALSARTAN':'VALSARTAN'
'VALSARTEN':'VALSARTAN'
'VALSARTIN':'VALSARTAN'
'VALSARTON':'VALSARTAN'
'VALSATOR':'VALSARTAN'
'VALSTARTAN':'VALSARTAN'
'VALSARTAN AND HYDROCLOROTHIAZIDE':'VALSARTAN/HCTZ'
'VALSARTAN HCTZ':'VALSARTAN/HCTZ'
'VALSARTAN-HCTZ':'VALSARTAN/HCTZ'
'LEVITRA':'VARDENAFIL'
'EFFEXOR':'VENLAFAXINE'
'VENAFAXINE':'VENLAFAXINE'
'VENAFLEXINE':'VENLAFAXINE'
'VENLAFAXINE':'VENLAFAXINE'
'VENLOFAXINE':'VENLAFAXINE'
'EFFEXOR XR':'VENLAFAXINE'
'VENLAFAXINE ER':'VENLAFAXINE'
'BERAPAMIL':'VERAPAMIL'
'VERAPAMIL':'VERAPAMIL'
'VERAPAMIL ER':'VERAPAMIL'
'VIBEGRON':'VIBEGRON'
'VIIBRYD':'VILAZODONE'
'VILAZODONE':'VILAZODONE'
'TRINTELLEX':'VORTIOXETINE'
'VORTIOXETINE':'VORTIOXETINE'
'COUMADIN':'WARFARIN'
'JANTOVEN':'WARFARIN'
'WAFARIN':'WARFARIN'
'WARFARAN':'WARFARIN'
'WARFARIM':'WARFARIN'
'WARFARIN':'WARFARIN'
'WARFARIN SOD':'WARFARIN'
'WARFARIN SODIUM':'WARFARIN'
'SONATA':'ZALEPLON'
'ZALELPON':'ZALEPLON'
'ZALEPLON':'ZALEPLON'
'RECLAST':'ZOLEDRONIC ACID'
'ZOLEDRONIC ACID':'ZOLEDRONIC ACID'
'AMBIAN':'ZOLPIDEM'
'AMBIEN':'ZOLPIDEM'
'ZOLPEDAN':'ZOLPIDEM'
'ZOLPIDEM':'ZOLPIDEM'
'AMBIEN CR':'ZOLPIDEM'
'ZOLPIDEM TARTRATE':'ZOLPIDEM'
'URI VARX':'URIVARX'
